******************************************************************************
            TI ARM Clang Linker PC v4.0.2                      
******************************************************************************
>> Linked Sun Apr 27 18:56:22 2025

OUTPUT FILE NAME:   <temple.out>
ENTRY POINT SYMBOL: "_c_int00_noinit_noargs"  address: 00000171


MEMORY CONFIGURATION

         name            origin    length      used     unused   attr    fill
----------------------  --------  ---------  --------  --------  ----  --------
  FLASH                 00000000   00020000  00000208  0001fdf8  R  X
  SRAM                  20200000   00008000  00000200  00007e00  RW X
  BCR_CONFIG            41c00000   000000ff  00000000  000000ff  R   
  BSL_CONFIG            41c00100   00000080  00000000  00000080  R   


SEGMENT ALLOCATION MAP

run origin  load origin   length   init length attrs members
----------  ----------- ---------- ----------- ----- -------
00000000    00000000    00000208   00000208    r-x
  00000000    00000000    000000c0   000000c0    r-- .intvecs
  000000c0    000000c0    00000148   00000148    r-x .text
20207e00    20207e00    00000200   00000000    rw-
  20207e00    20207e00    00000200   00000000    rw- .stack


SECTION ALLOCATION MAP

 output                                  attributes/
section   page    origin      length       input sections
--------  ----  ----------  ----------   ----------------
.intvecs   0    00000000    000000c0     
                  00000000    000000c0     startup_mspm0g350x_ticlang.o (.intvecs)

.text      0    000000c0    00000148     
                  000000c0    00000044     empty.o (.text.main)
                  00000104    00000040     ti_msp_dl_config.o (.text.SYSCFG_DL_SYSCTL_init)
                  00000144    0000002c     ti_msp_dl_config.o (.text.SYSCFG_DL_initPower)
                  00000170    00000020     libc.a : boot_cortex_m.c.obj (.text:_c_int00_noinit_noargs)
                  00000190    0000001c     ti_msp_dl_config.o (.text.SYSCFG_DL_GPIO_init)
                  000001ac    00000018     ti_msp_dl_config.o (.text.SYSCFG_DL_SYSTICK_init)
                  000001c4    00000014     ti_msp_dl_config.o (.text.SYSCFG_DL_init)
                  000001d8    0000000e     delay.o (.text.delay_ms)
                  000001e6    0000000a     driverlib.a : dl_common.o (.text.DL_Common_delayCycles)
                  000001f0    00000006     libc.a : exit.c.obj (.text:abort)
                  000001f6    00000004     libsysbm.a : hostexit.c.obj (.text.HOSTexit)
                  000001fa    00000004     startup_mspm0g350x_ticlang.o (.text.Reset_Handler)
                  000001fe    00000004     libc.a : pre_init.c.obj (.text._system_pre_init)
                  00000202    00000002     startup_mspm0g350x_ticlang.o (.text.Default_Handler)
                  00000204    00000004     --HOLE-- [fill = 0]

.cinit     0    00000000    00000000     

.init_array 
*          0    00000000    00000000     UNINITIALIZED

.binit     0    00000000    00000000     

.stack     0    20207e00    00000200     UNINITIALIZED
                  20207e00    00000004     libc.a : boot_cortex_m.c.obj (.stack)
                  20207e04    000001fc     --HOLE--

__llvm_prf_cnts 
*          0    20200000    00000000     UNINITIALIZED

__llvm_prf_bits 
*          0    20200000    00000000     UNINITIALIZED

MODULE SUMMARY

       Module                         code   ro data   rw data
       ------                         ----   -------   -------
    .\
       startup_mspm0g350x_ticlang.o   6      192       0      
       ti_msp_dl_config.o             180    0         0      
       empty.o                        68     0         0      
    +--+------------------------------+------+---------+---------+
       Total:                         254    192       0      
                                                              
    .\delay\
       delay.o                        14     0         0      
    +--+------------------------------+------+---------+---------+
       Total:                         14     0         0      
                                                              
    C:/TI/mspm0_sdk_2_04_00_06/source/ti/driverlib/lib/ticlang/m0p/mspm0g1x0x_g3x0x/driverlib.a
       dl_common.o                    10     0         0      
    +--+------------------------------+------+---------+---------+
       Total:                         10     0         0      
                                                              
    D:\CCS\ccs\tools\compiler\ti-cgt-armllvm_4.0.2.LTS\lib\armv6m-ti-none-eabi/c/libc.a
       boot_cortex_m.c.obj            32     0         0      
       exit.c.obj                     6      0         0      
       pre_init.c.obj                 4      0         0      
    +--+------------------------------+------+---------+---------+
       Total:                         42     0         0      
                                                              
    D:\CCS\ccs\tools\compiler\ti-cgt-armllvm_4.0.2.LTS\lib\armv6m-ti-none-eabi/c/libsysbm.a
       hostexit.c.obj                 4      0         0      
    +--+------------------------------+------+---------+---------+
       Total:                         4      0         0      
                                                              
       Stack:                         0      0         512    
    +--+------------------------------+------+---------+---------+
       Grand Total:                   324    192       512    


GLOBAL SYMBOLS: SORTED ALPHABETICALLY BY Name 

address   name                    
-------   ----                    
00000203  ADC0_IRQHandler         
00000203  ADC1_IRQHandler         
00000203  AES_IRQHandler          
000001f6  C$$EXIT                 
00000203  CANFD0_IRQHandler       
00000203  DAC0_IRQHandler         
000001e7  DL_Common_delayCycles   
00000203  DMA_IRQHandler          
00000203  Default_Handler         
00000203  GROUP0_IRQHandler       
00000203  GROUP1_IRQHandler       
000001f7  HOSTexit                
00000203  HardFault_Handler       
00000203  I2C0_IRQHandler         
00000203  I2C1_IRQHandler         
00000203  NMI_Handler             
00000203  PendSV_Handler          
00000203  RTC_IRQHandler          
000001fb  Reset_Handler           
00000203  SPI0_IRQHandler         
00000203  SPI1_IRQHandler         
00000203  SVC_Handler             
00000191  SYSCFG_DL_GPIO_init     
00000105  SYSCFG_DL_SYSCTL_init   
000001ad  SYSCFG_DL_SYSTICK_init  
000001c5  SYSCFG_DL_init          
00000145  SYSCFG_DL_initPower     
00000203  SysTick_Handler         
00000203  TIMA0_IRQHandler        
00000203  TIMA1_IRQHandler        
00000203  TIMG0_IRQHandler        
00000203  TIMG12_IRQHandler       
00000203  TIMG6_IRQHandler        
00000203  TIMG7_IRQHandler        
00000203  TIMG8_IRQHandler        
00000203  UART0_IRQHandler        
00000203  UART1_IRQHandler        
00000203  UART2_IRQHandler        
00000203  UART3_IRQHandler        
20208000  __STACK_END             
00000200  __STACK_SIZE            
00000000  __TI_ATRegion0_region_sz
00000000  __TI_ATRegion0_src_addr 
00000000  __TI_ATRegion0_trg_addr 
00000000  __TI_ATRegion1_region_sz
00000000  __TI_ATRegion1_src_addr 
00000000  __TI_ATRegion1_trg_addr 
00000000  __TI_ATRegion2_region_sz
00000000  __TI_ATRegion2_src_addr 
00000000  __TI_ATRegion2_trg_addr 
00000000  __TI_CINIT_Base         
00000000  __TI_CINIT_Limit        
00000000  __TI_CINIT_Warm         
ffffffff  __TI_pprof_out_hndl     
ffffffff  __TI_prof_data_size     
ffffffff  __TI_prof_data_start    
00000000  __TI_static_base__      
ffffffff  __binit__               
UNDEFED   __mpu_init              
20207e00  __stack                 
20200000  __start___llvm_prf_bits 
20200000  __start___llvm_prf_cnts 
20200000  __stop___llvm_prf_bits  
20200000  __stop___llvm_prf_cnts  
00000171  _c_int00_noinit_noargs  
000001ff  _system_pre_init        
000001f1  abort                   
ffffffff  binit                   
000001d9  delay_ms                
00000000  interruptVectors        
000000c1  main                    


GLOBAL SYMBOLS: SORTED BY Symbol Address 

address   name                    
-------   ----                    
00000000  __TI_ATRegion0_region_sz
00000000  __TI_ATRegion0_src_addr 
00000000  __TI_ATRegion0_trg_addr 
00000000  __TI_ATRegion1_region_sz
00000000  __TI_ATRegion1_src_addr 
00000000  __TI_ATRegion1_trg_addr 
00000000  __TI_ATRegion2_region_sz
00000000  __TI_ATRegion2_src_addr 
00000000  __TI_ATRegion2_trg_addr 
00000000  __TI_CINIT_Base         
00000000  __TI_CINIT_Limit        
00000000  __TI_CINIT_Warm         
00000000  __TI_static_base__      
00000000  interruptVectors        
000000c1  main                    
00000105  SYSCFG_DL_SYSCTL_init   
00000145  SYSCFG_DL_initPower     
00000171  _c_int00_noinit_noargs  
00000191  SYSCFG_DL_GPIO_init     
000001ad  SYSCFG_DL_SYSTICK_init  
000001c5  SYSCFG_DL_init          
000001d9  delay_ms                
000001e7  DL_Common_delayCycles   
000001f1  abort                   
000001f6  C$$EXIT                 
000001f7  HOSTexit                
000001fb  Reset_Handler           
000001ff  _system_pre_init        
00000200  __STACK_SIZE            
00000203  ADC0_IRQHandler         
00000203  ADC1_IRQHandler         
00000203  AES_IRQHandler          
00000203  CANFD0_IRQHandler       
00000203  DAC0_IRQHandler         
00000203  DMA_IRQHandler          
00000203  Default_Handler         
00000203  GROUP0_IRQHandler       
00000203  GROUP1_IRQHandler       
00000203  HardFault_Handler       
00000203  I2C0_IRQHandler         
00000203  I2C1_IRQHandler         
00000203  NMI_Handler             
00000203  PendSV_Handler          
00000203  RTC_IRQHandler          
00000203  SPI0_IRQHandler         
00000203  SPI1_IRQHandler         
00000203  SVC_Handler             
00000203  SysTick_Handler         
00000203  TIMA0_IRQHandler        
00000203  TIMA1_IRQHandler        
00000203  TIMG0_IRQHandler        
00000203  TIMG12_IRQHandler       
00000203  TIMG6_IRQHandler        
00000203  TIMG7_IRQHandler        
00000203  TIMG8_IRQHandler        
00000203  UART0_IRQHandler        
00000203  UART1_IRQHandler        
00000203  UART2_IRQHandler        
00000203  UART3_IRQHandler        
20200000  __start___llvm_prf_bits 
20200000  __start___llvm_prf_cnts 
20200000  __stop___llvm_prf_bits  
20200000  __stop___llvm_prf_cnts  
20207e00  __stack                 
20208000  __STACK_END             
ffffffff  __TI_pprof_out_hndl     
ffffffff  __TI_prof_data_size     
ffffffff  __TI_prof_data_start    
ffffffff  __binit__               
ffffffff  binit                   
UNDEFED   __mpu_init              

[71 symbols]
