******************************************************************************
            TI ARM Clang Linker PC v4.0.2                      
******************************************************************************
>> Linked Mon Apr 28 21:57:36 2025

OUTPUT FILE NAME:   <led.out>
ENTRY POINT SYMBOL: "_c_int00_noargs"  address: 000003a9


MEMORY CONFIGURATION

         name            origin    length      used     unused   attr    fill
----------------------  --------  ---------  --------  --------  ----  --------
  FLASH                 00000000   00020000  000004a8  0001fb58  R  X
  SRAM                  20200000   00008000  00000254  00007dac  RW X
  BCR_CONFIG            41c00000   000000ff  00000000  000000ff  R   
  BSL_CONFIG            41c00100   00000080  00000000  00000080  R   


SEGMENT ALLOCATION MAP

run origin  load origin   length   init length attrs members
----------  ----------- ---------- ----------- ----- -------
00000000    00000000    000004a8   000004a8    r-x
  00000000    00000000    000000c0   000000c0    r-- .intvecs
  000000c0    000000c0    000003b8   000003b8    r-x .text
  00000478    00000478    00000030   00000030    r-- .cinit
20200000    20200000    00000054   00000000    rw-
  20200000    20200000    00000050   00000000    rw- .bss
  20200050    20200050    00000004   00000000    rw- .data
20207e00    20207e00    00000200   00000000    rw-
  20207e00    20207e00    00000200   00000000    rw- .stack


SECTION ALLOCATION MAP

 output                                  attributes/
section   page    origin      length       input sections
--------  ----  ----------  ----------   ----------------
.intvecs   0    00000000    000000c0     
                  00000000    000000c0     startup_mspm0g350x_ticlang.o (.intvecs)

.text      0    000000c0    000003b8     
                  000000c0    0000009a     libc.a : memcpy16.S.obj (.text:memcpy)
                  0000015a    00000002     startup_mspm0g350x_ticlang.o (.text.Default_Handler)
                  0000015c    0000007c     libc.a : copy_decompress_lzss.c.obj (.text:decompress:lzss)
                  000001d8    00000074     key.o (.text.GROUP1_IRQHandler)
                  0000024c    00000044     ti_msp_dl_config.o (.text.SYSCFG_DL_GPIO_init)
                  00000290    00000040     key.o (.text.Key_Init)
                  000002d0    00000040     ti_msp_dl_config.o (.text.SYSCFG_DL_SYSCTL_init)
                  00000310    0000003c     libc.a : autoinit.c.obj (.text:__TI_auto_init_nobinit_nopinit)
                  0000034c    00000030     ti_msp_dl_config.o (.text.SYSCFG_DL_SYSTICK_init)
                  0000037c    0000002c     ti_msp_dl_config.o (.text.SYSCFG_DL_initPower)
                  000003a8    00000028     libc.a : boot_cortex_m.c.obj (.text:_c_int00_noargs)
                  000003d0    00000024     empty.o (.text.main)
                  000003f4    0000001c     empty.o (.text.key_cb)
                  00000410    00000016     libc.a : copy_zero_init.c.obj (.text:decompress:ZI:__TI_zero_init_nomemset)
                  00000426    00000014     ti_msp_dl_config.o (.text.SYSCFG_DL_init)
                  0000043a    00000012     libc.a : copy_decompress_none.c.obj (.text:decompress:none)
                  0000044c    0000000a     driverlib.a : dl_common.o (.text.DL_Common_delayCycles)
                  00000456    00000002     --HOLE-- [fill = 0]
                  00000458    00000008     libclang_rt.builtins.a : aeabi_memcpy.S.obj (.text.__aeabi_memcpy)
                  00000460    00000006     libc.a : exit.c.obj (.text:abort)
                  00000466    00000004     libsysbm.a : hostexit.c.obj (.text.HOSTexit)
                  0000046a    00000004     startup_mspm0g350x_ticlang.o (.text.Reset_Handler)
                  0000046e    00000004     libc.a : pre_init.c.obj (.text._system_pre_init)
                  00000472    00000006     --HOLE-- [fill = 0]

.cinit     0    00000478    00000030     
                  00000478    0000000c     (__TI_handler_table)
                  00000484    00000008     (.cinit..bss.load) [load image, compression = zero_init]
                  0000048c    00000007     (.cinit..data.load) [load image, compression = lzss]
                  00000493    00000001     --HOLE-- [fill = 0]
                  00000494    00000010     (__TI_cinit_table)
                  000004a4    00000004     --HOLE-- [fill = 0]

.init_array 
*          0    00000000    00000000     UNINITIALIZED

.binit     0    00000000    00000000     

.bss       0    20200000    00000050     UNINITIALIZED
                  20200000    00000050     key.o (.bss.keys)

.data      0    20200050    00000004     UNINITIALIZED
                  20200050    00000004     key.o (.data.key_counts)

.stack     0    20207e00    00000200     UNINITIALIZED
                  20207e00    00000004     libc.a : boot_cortex_m.c.obj (.stack)
                  20207e04    000001fc     --HOLE--

__llvm_prf_cnts 
*          0    20200000    00000000     UNINITIALIZED

__llvm_prf_bits 
*          0    20200000    00000000     UNINITIALIZED

MODULE SUMMARY

       Module                         code   ro data   rw data
       ------                         ----   -------   -------
    .\
       ti_msp_dl_config.o             244    0         0      
       startup_mspm0g350x_ticlang.o   6      192       0      
       empty.o                        64     0         0      
    +--+------------------------------+------+---------+---------+
       Total:                         314    192       0      
                                                              
    .\key\
       key.o                          180    0         84     
    +--+------------------------------+------+---------+---------+
       Total:                         180    0         84     
                                                              
    C:/TI/mspm0_sdk_2_04_00_06/source/ti/driverlib/lib/ticlang/m0p/mspm0g1x0x_g3x0x/driverlib.a
       dl_common.o                    10     0         0      
    +--+------------------------------+------+---------+---------+
       Total:                         10     0         0      
                                                              
    D:\CCS\ccs\tools\compiler\ti-cgt-armllvm_4.0.2.LTS\lib\armv6m-ti-none-eabi/c/libc.a
       memcpy16.S.obj                 154    0         0      
       copy_decompress_lzss.c.obj     124    0         0      
       autoinit.c.obj                 60     0         0      
       boot_cortex_m.c.obj            40     0         0      
       copy_zero_init.c.obj           22     0         0      
       copy_decompress_none.c.obj     18     0         0      
       exit.c.obj                     6      0         0      
       pre_init.c.obj                 4      0         0      
    +--+------------------------------+------+---------+---------+
       Total:                         428    0         0      
                                                              
    D:\CCS\ccs\tools\compiler\ti-cgt-armllvm_4.0.2.LTS\lib\armv6m-ti-none-eabi/c/libsysbm.a
       hostexit.c.obj                 4      0         0      
    +--+------------------------------+------+---------+---------+
       Total:                         4      0         0      
                                                              
    D:\CCS\ccs\tools\compiler\ti-cgt-armllvm_4.0.2.LTS\lib\armv6m-ti-none-eabi/libclang_rt.builtins.a
       aeabi_memcpy.S.obj             8      0         0      
    +--+------------------------------+------+---------+---------+
       Total:                         8      0         0      
                                                              
       Stack:                         0      0         512    
       Linker Generated:              0      43        0      
    +--+------------------------------+------+---------+---------+
       Grand Total:                   944    235       596    


LINKER GENERATED COPY TABLES

__TI_cinit_table @ 00000494 records: 2, size/record: 8, table size: 16
	.bss: load addr=00000484, load size=00000008 bytes, run addr=20200000, run size=00000050 bytes, compression=zero_init
	.data: load addr=0000048c, load size=00000007 bytes, run addr=20200050, run size=00000004 bytes, compression=lzss


LINKER GENERATED HANDLER TABLE

__TI_handler_table @ 00000478 records: 3, size/record: 4, table size: 12
	index: 0, handler: __TI_decompress_lzss
	index: 1, handler: __TI_decompress_none
	index: 2, handler: __TI_zero_init


GLOBAL SYMBOLS: SORTED ALPHABETICALLY BY Name 

address   name                          
-------   ----                          
0000015b  ADC0_IRQHandler               
0000015b  ADC1_IRQHandler               
0000015b  AES_IRQHandler                
00000466  C$$EXIT                       
0000015b  CANFD0_IRQHandler             
0000015b  DAC0_IRQHandler               
0000044d  DL_Common_delayCycles         
0000015b  DMA_IRQHandler                
0000015b  Default_Handler               
0000015b  GROUP0_IRQHandler             
000001d9  GROUP1_IRQHandler             
00000467  HOSTexit                      
0000015b  HardFault_Handler             
0000015b  I2C0_IRQHandler               
0000015b  I2C1_IRQHandler               
00000291  Key_Init                      
0000015b  NMI_Handler                   
0000015b  PendSV_Handler                
0000015b  RTC_IRQHandler                
0000046b  Reset_Handler                 
0000015b  SPI0_IRQHandler               
0000015b  SPI1_IRQHandler               
0000015b  SVC_Handler                   
0000024d  SYSCFG_DL_GPIO_init           
000002d1  SYSCFG_DL_SYSCTL_init         
0000034d  SYSCFG_DL_SYSTICK_init        
00000427  SYSCFG_DL_init                
0000037d  SYSCFG_DL_initPower           
0000015b  SysTick_Handler               
0000015b  TIMA0_IRQHandler              
0000015b  TIMA1_IRQHandler              
0000015b  TIMG0_IRQHandler              
0000015b  TIMG12_IRQHandler             
0000015b  TIMG6_IRQHandler              
0000015b  TIMG7_IRQHandler              
0000015b  TIMG8_IRQHandler              
0000015b  UART0_IRQHandler              
0000015b  UART1_IRQHandler              
0000015b  UART2_IRQHandler              
0000015b  UART3_IRQHandler              
20208000  __STACK_END                   
00000200  __STACK_SIZE                  
00000000  __TI_ATRegion0_region_sz      
00000000  __TI_ATRegion0_src_addr       
00000000  __TI_ATRegion0_trg_addr       
00000000  __TI_ATRegion1_region_sz      
00000000  __TI_ATRegion1_src_addr       
00000000  __TI_ATRegion1_trg_addr       
00000000  __TI_ATRegion2_region_sz      
00000000  __TI_ATRegion2_src_addr       
00000000  __TI_ATRegion2_trg_addr       
00000494  __TI_CINIT_Base               
000004a4  __TI_CINIT_Limit              
000004a4  __TI_CINIT_Warm               
00000478  __TI_Handler_Table_Base       
00000484  __TI_Handler_Table_Limit      
00000311  __TI_auto_init_nobinit_nopinit
0000015d  __TI_decompress_lzss          
0000043b  __TI_decompress_none          
ffffffff  __TI_pprof_out_hndl           
ffffffff  __TI_prof_data_size           
ffffffff  __TI_prof_data_start          
00000000  __TI_static_base__            
00000411  __TI_zero_init_nomemset       
00000459  __aeabi_memcpy                
00000459  __aeabi_memcpy4               
00000459  __aeabi_memcpy8               
ffffffff  __binit__                     
UNDEFED   __mpu_init                    
20207e00  __stack                       
20200000  __start___llvm_prf_bits       
20200000  __start___llvm_prf_cnts       
20200000  __stop___llvm_prf_bits        
20200000  __stop___llvm_prf_cnts        
000003a9  _c_int00_noargs               
UNDEFED   _system_post_cinit            
0000046f  _system_pre_init              
00000461  abort                         
ffffffff  binit                         
00000000  interruptVectors              
000003f5  key_cb                        
000003d1  main                          
000000c1  memcpy                        


GLOBAL SYMBOLS: SORTED BY Symbol Address 

address   name                          
-------   ----                          
00000000  __TI_ATRegion0_region_sz      
00000000  __TI_ATRegion0_src_addr       
00000000  __TI_ATRegion0_trg_addr       
00000000  __TI_ATRegion1_region_sz      
00000000  __TI_ATRegion1_src_addr       
00000000  __TI_ATRegion1_trg_addr       
00000000  __TI_ATRegion2_region_sz      
00000000  __TI_ATRegion2_src_addr       
00000000  __TI_ATRegion2_trg_addr       
00000000  __TI_static_base__            
00000000  interruptVectors              
000000c1  memcpy                        
0000015b  ADC0_IRQHandler               
0000015b  ADC1_IRQHandler               
0000015b  AES_IRQHandler                
0000015b  CANFD0_IRQHandler             
0000015b  DAC0_IRQHandler               
0000015b  DMA_IRQHandler                
0000015b  Default_Handler               
0000015b  GROUP0_IRQHandler             
0000015b  HardFault_Handler             
0000015b  I2C0_IRQHandler               
0000015b  I2C1_IRQHandler               
0000015b  NMI_Handler                   
0000015b  PendSV_Handler                
0000015b  RTC_IRQHandler                
0000015b  SPI0_IRQHandler               
0000015b  SPI1_IRQHandler               
0000015b  SVC_Handler                   
0000015b  SysTick_Handler               
0000015b  TIMA0_IRQHandler              
0000015b  TIMA1_IRQHandler              
0000015b  TIMG0_IRQHandler              
0000015b  TIMG12_IRQHandler             
0000015b  TIMG6_IRQHandler              
0000015b  TIMG7_IRQHandler              
0000015b  TIMG8_IRQHandler              
0000015b  UART0_IRQHandler              
0000015b  UART1_IRQHandler              
0000015b  UART2_IRQHandler              
0000015b  UART3_IRQHandler              
0000015d  __TI_decompress_lzss          
000001d9  GROUP1_IRQHandler             
00000200  __STACK_SIZE                  
0000024d  SYSCFG_DL_GPIO_init           
00000291  Key_Init                      
000002d1  SYSCFG_DL_SYSCTL_init         
00000311  __TI_auto_init_nobinit_nopinit
0000034d  SYSCFG_DL_SYSTICK_init        
0000037d  SYSCFG_DL_initPower           
000003a9  _c_int00_noargs               
000003d1  main                          
000003f5  key_cb                        
00000411  __TI_zero_init_nomemset       
00000427  SYSCFG_DL_init                
0000043b  __TI_decompress_none          
0000044d  DL_Common_delayCycles         
00000459  __aeabi_memcpy                
00000459  __aeabi_memcpy4               
00000459  __aeabi_memcpy8               
00000461  abort                         
00000466  C$$EXIT                       
00000467  HOSTexit                      
0000046b  Reset_Handler                 
0000046f  _system_pre_init              
00000478  __TI_Handler_Table_Base       
00000484  __TI_Handler_Table_Limit      
00000494  __TI_CINIT_Base               
000004a4  __TI_CINIT_Limit              
000004a4  __TI_CINIT_Warm               
20200000  __start___llvm_prf_bits       
20200000  __start___llvm_prf_cnts       
20200000  __stop___llvm_prf_bits        
20200000  __stop___llvm_prf_cnts        
20207e00  __stack                       
20208000  __STACK_END                   
ffffffff  __TI_pprof_out_hndl           
ffffffff  __TI_prof_data_size           
ffffffff  __TI_prof_data_start          
ffffffff  __binit__                     
ffffffff  binit                         
UNDEFED   __mpu_init                    
UNDEFED   _system_post_cinit            

[83 symbols]
