Archive member included to satisfy reference by file (symbol)

C:/TI/mspm0_sdk_2_04_00_06/source\ti/driverlib/lib/gcc/m0p/mspm0g1x0x_g3x0x/driverlib.a(dl_common.o)
                              ./ti_msp_dl_config.o (DL_Common_delayCycles)
C:/TI/gcc_arm_none_eabi_9_2_1/arm-none-eabi/lib/thumb/v6-m/nofp\libc.a(lib_a-init.o)
                              ./startup_mspm0g350x_gcc.o (__libc_init_array)

Discarded input sections

 .text.delay_ms
                0x00000000       0x1c ./empty.o

Memory Configuration

Name             Origin             Length             Attributes
FLASH            0x00000000         0x00020000         xr
SRAM             0x20200000         0x00008000         xrw
BCR_CONFIG       0x41c00000         0x000000ff         r
BSL_CONFIG       0x41c00100         0x00000080         r
*default*        0x00000000         0xffffffff

Linker script and memory map

LOAD ./empty.o
LOAD ./ti_msp_dl_config.o
LOAD ./startup_mspm0g350x_gcc.o
                0x00000000                _Min_Heap_Size = 0x0
                0x00000080                _Min_Stack_Size = 0x80
                0x00000000                PROVIDE (_intvecs_base_address = DEFINED (_intvecs_base_address)?_intvecs_base_address:0x0)

.intvecs        0x00000000       0xc0
 *(.intvecs)
 .intvecs       0x00000000       0xc0 ./startup_mspm0g350x_gcc.o
                0x00000000                interruptVectors
                0x20200000                PROVIDE (_vtable_base_address = DEFINED (_vtable_base_address)?_vtable_base_address:0x20200000)

.vtable
 *(.vtable)

.text           0x000000c0      0x1f8
 CREATE_OBJECT_SYMBOLS
 *(.text)
 .text          0x000000c0        0x0 ./empty.o
 .text          0x000000c0        0x0 ./ti_msp_dl_config.o
 .text          0x000000c0        0x0 ./startup_mspm0g350x_gcc.o
 .text          0x000000c0        0x0 C:/TI/mspm0_sdk_2_04_00_06/source\ti/driverlib/lib/gcc/m0p/mspm0g1x0x_g3x0x/driverlib.a(dl_common.o)
 .text          0x000000c0        0x0 C:/TI/gcc_arm_none_eabi_9_2_1/arm-none-eabi/lib/thumb/v6-m/nofp\libc.a(lib_a-init.o)
                0x000000c0                . = ALIGN (0x8)
 *(.text.*)
 .text.startup.main
                0x000000c0       0x50 ./empty.o
                0x000000c0                main
 .text.SYSCFG_DL_initPower
                0x00000110       0x34 ./ti_msp_dl_config.o
                0x00000110                SYSCFG_DL_initPower
 .text.SYSCFG_DL_GPIO_init
                0x00000144       0x2c ./ti_msp_dl_config.o
                0x00000144                SYSCFG_DL_GPIO_init
 .text.SYSCFG_DL_SYSCTL_init
                0x00000170       0x50 ./ti_msp_dl_config.o
                0x00000170                SYSCFG_DL_SYSCTL_init
 .text.SYSCFG_DL_init
                0x000001c0       0x10 ./ti_msp_dl_config.o
                0x000001c0                SYSCFG_DL_init
 .text.Default_Handler
                0x000001d0        0x4 ./startup_mspm0g350x_gcc.o
                0x000001d0                TIMG6_IRQHandler
                0x000001d0                TIMG8_IRQHandler
                0x000001d0                I2C0_IRQHandler
                0x000001d0                HardFault_Handler
                0x000001d0                SysTick_Handler
                0x000001d0                PendSV_Handler
                0x000001d0                NMI_Handler
                0x000001d0                I2C1_IRQHandler
                0x000001d0                UART1_IRQHandler
                0x000001d0                TIMA1_IRQHandler
                0x000001d0                UART0_IRQHandler
                0x000001d0                ADC0_IRQHandler
                0x000001d0                SPI1_IRQHandler
                0x000001d0                TIMG0_IRQHandler
                0x000001d0                ADC1_IRQHandler
                0x000001d0                GROUP1_IRQHandler
                0x000001d0                RTC_IRQHandler
                0x000001d0                GROUP0_IRQHandler
                0x000001d0                UART2_IRQHandler
                0x000001d0                Default_Handler
                0x000001d0                SVC_Handler
                0x000001d0                TIMG12_IRQHandler
                0x000001d0                DAC0_IRQHandler
                0x000001d0                TIMG7_IRQHandler
                0x000001d0                SPI0_IRQHandler
                0x000001d0                AES_IRQHandler
                0x000001d0                DMA_IRQHandler
                0x000001d0                TIMA0_IRQHandler
                0x000001d0                UART3_IRQHandler
                0x000001d0                CANFD0_IRQHandler
 .text.Reset_Handler
                0x000001d4       0x8c ./startup_mspm0g350x_gcc.o
                0x000001d4                Reset_Handler
 .text.initStub
                0x00000260        0x4 ./startup_mspm0g350x_gcc.o
                0x00000260                initStub
                0x00000260                _init
 .text.DL_Common_delayCycles
                0x00000264        0xc C:/TI/mspm0_sdk_2_04_00_06/source\ti/driverlib/lib/gcc/m0p/mspm0g1x0x_g3x0x/driverlib.a(dl_common.o)
                0x00000264                DL_Common_delayCycles
 .text.__libc_init_array
                0x00000270       0x44 C:/TI/gcc_arm_none_eabi_9_2_1/arm-none-eabi/lib/thumb/v6-m/nofp\libc.a(lib_a-init.o)
                0x00000270                __libc_init_array
                0x000002b8                . = ALIGN (0x8)
 *fill*         0x000002b4        0x4 
 *(.ctors)
                0x000002b8                . = ALIGN (0x8)
 *(.dtors)
                0x000002b8                . = ALIGN (0x8)
 *(.init)
                0x000002b8                . = ALIGN (0x8)
 *(.fini*)
                0x000002b8                . = ALIGN (0x8)

.glue_7         0x000002b8        0x0
 .glue_7        0x000002b8        0x0 linker stubs

.glue_7t        0x000002b8        0x0
 .glue_7t       0x000002b8        0x0 linker stubs

.vfp11_veneer   0x000002b8        0x0
 .vfp11_veneer  0x000002b8        0x0 linker stubs

.v4_bx          0x000002b8        0x0
 .v4_bx         0x000002b8        0x0 linker stubs

.iplt           0x000002b8        0x0
 .iplt          0x000002b8        0x0 ./empty.o

.rel.dyn        0x000002b8        0x0
 .rel.iplt      0x000002b8        0x0 ./empty.o

.ramfunc        0x20200000        0x0 load address 0x000002b8
                0x000002b8                __ramfunct_load__ = LOADADDR (.ramfunc)
                0x20200000                __ramfunct_start__ = .
 *(.ramfunc)
                0x20200000                . = ALIGN (0x8)
                0x20200000                __ramfunct_end__ = .

.rodata         0x000002b8        0x0
 *(.rodata)
                0x000002b8                . = ALIGN (0x8)
 *(.rodata.*)
                0x000002b8                . = ALIGN (0x8)

.preinit_array  0x000002b8        0x0
                0x000002b8                PROVIDE (__preinit_array_start = .)
 *(.preinit_array*)
                0x000002b8                PROVIDE (__preinit_array_end = .)

.init_array     0x000002b8        0x0
                0x000002b8                . = ALIGN (0x8)
                0x000002b8                PROVIDE (__init_array_start = .)
 *(SORT_BY_NAME(.init_array.*))
 *(.init_array*)
                0x000002b8                PROVIDE (__init_array_end = .)

.fini_array     0x000002b8        0x0
                0x000002b8                . = ALIGN (0x8)
                [!provide]                PROVIDE (__fini_array_start = .)
 *(SORT_BY_NAME(.fini_array.*))
 *(.fini_array*)
                [!provide]                PROVIDE (__fini_array_end = .)
                0x000002b8                . = ALIGN (0x8)

.ARM.exidx      0x000002b8        0x0
                0x000002b8                __exidx_start = .
 *(.ARM.exidx* .gnu.linkonce.armexidx.*)
                0x000002b8                __exidx_end = .

.ARM.extab      0x000002b8        0x0
                0x000002b8                . = ALIGN (0x8)
 *(.ARM.extab* .gnu.linkonce.armextab.*)
                0x000002b8                . = ALIGN (0x8)
                0x000002b8                __etext = .

.data           0x20200000        0x0 load address 0x000002b8
                0x000002b8                __data_load__ = LOADADDR (.data)
                0x20200000                __data_start__ = .
 *(.data)
 .data          0x20200000        0x0 ./empty.o
 .data          0x20200000        0x0 ./ti_msp_dl_config.o
 .data          0x20200000        0x0 ./startup_mspm0g350x_gcc.o
 .data          0x20200000        0x0 C:/TI/mspm0_sdk_2_04_00_06/source\ti/driverlib/lib/gcc/m0p/mspm0g1x0x_g3x0x/driverlib.a(dl_common.o)
 .data          0x20200000        0x0 C:/TI/gcc_arm_none_eabi_9_2_1/arm-none-eabi/lib/thumb/v6-m/nofp\libc.a(lib_a-init.o)
 *(.data*)
                0x20200000                . = ALIGN (0x8)
                0x20200000                __data_end__ = .

.igot.plt       0x20200000        0x0 load address 0x000002b8
 .igot.plt      0x20200000        0x0 ./empty.o

.bss            0x20200000        0x0
                0x20200000                __bss_start__ = .
 *(.shbss)
 *(.bss)
 .bss           0x20200000        0x0 ./empty.o
 .bss           0x20200000        0x0 ./ti_msp_dl_config.o
 .bss           0x20200000        0x0 ./startup_mspm0g350x_gcc.o
 .bss           0x20200000        0x0 C:/TI/mspm0_sdk_2_04_00_06/source\ti/driverlib/lib/gcc/m0p/mspm0g1x0x_g3x0x/driverlib.a(dl_common.o)
 .bss           0x20200000        0x0 C:/TI/gcc_arm_none_eabi_9_2_1/arm-none-eabi/lib/thumb/v6-m/nofp\libc.a(lib_a-init.o)
 *(.bss.*)
 *(COMMON)
                0x20200000                . = ALIGN (0x8)
                0x20200000                __bss_end__ = .

.noinit         0x20200000        0x0
 *(*.noinit*)
                0x20200000                . = ALIGN (0x8)

.heap           0x20200000        0x0
                0x20200000                __heap_start__ = .
                0x20200000                end = __heap_start__
                0x20200000                _end = end
                0x20200000                __end = end
 *(.heap)
                0x20200000                __heap_end__ = .
                0x20200000                __HeapLimit = __heap_end__

.stack          0x20200000        0x0
                0x20200000                _stack = .
 *(.stack)

.BCRConfig
 *(.BCRConfig)

.BSLConfig
 *(.BSLConfig)
                0x20208000                __StackTop = (ORIGIN (REGION_STACK) + LENGTH (REGION_STACK))
                [!provide]                PROVIDE (__stack = __StackTop)
LOAD C:/TI/mspm0_sdk_2_04_00_06/source\ti/driverlib/lib/gcc/m0p/mspm0g1x0x_g3x0x/driverlib.a
LOAD c:/ti/gcc_arm_none_eabi_9_2_1/bin/../lib/gcc/arm-none-eabi/9.2.1/thumb/v6-m/nofp\libgcc.a
LOAD C:/TI/gcc_arm_none_eabi_9_2_1/arm-none-eabi/lib/thumb/v6-m/nofp\libc.a
LOAD C:/TI/gcc_arm_none_eabi_9_2_1/arm-none-eabi/lib/thumb/v6-m/nofp\libm.a
START GROUP
LOAD c:/ti/gcc_arm_none_eabi_9_2_1/bin/../lib/gcc/arm-none-eabi/9.2.1/thumb/v6-m/nofp\libgcc.a
LOAD C:/TI/gcc_arm_none_eabi_9_2_1/arm-none-eabi/lib/thumb/v6-m/nofp\libg.a
LOAD C:/TI/gcc_arm_none_eabi_9_2_1/arm-none-eabi/lib/thumb/v6-m/nofp\libc.a
END GROUP
START GROUP
LOAD c:/ti/gcc_arm_none_eabi_9_2_1/bin/../lib/gcc/arm-none-eabi/9.2.1/thumb/v6-m/nofp\libgcc.a
LOAD C:/TI/gcc_arm_none_eabi_9_2_1/arm-none-eabi/lib/thumb/v6-m/nofp\libc.a
LOAD C:/TI/gcc_arm_none_eabi_9_2_1/arm-none-eabi/lib/thumb/v6-m/nofp\libnosys.a
END GROUP
OUTPUT(LED.out elf32-littlearm)

.debug_info     0x00000000    0x11d9f
 .debug_info    0x00000000     0x6035 ./empty.o
 .debug_info    0x00006035     0x65af ./ti_msp_dl_config.o
 .debug_info    0x0000c5e4      0x1bc ./startup_mspm0g350x_gcc.o
 .debug_info    0x0000c7a0     0x55ff C:/TI/mspm0_sdk_2_04_00_06/source\ti/driverlib/lib/gcc/m0p/mspm0g1x0x_g3x0x/driverlib.a(dl_common.o)

.debug_abbrev   0x00000000      0x84b
 .debug_abbrev  0x00000000      0x2b0 ./empty.o
 .debug_abbrev  0x000002b0      0x34e ./ti_msp_dl_config.o
 .debug_abbrev  0x000005fe       0xe7 ./startup_mspm0g350x_gcc.o
 .debug_abbrev  0x000006e5      0x166 C:/TI/mspm0_sdk_2_04_00_06/source\ti/driverlib/lib/gcc/m0p/mspm0g1x0x_g3x0x/driverlib.a(dl_common.o)

.debug_loc      0x00000000       0x26
 .debug_loc     0x00000000       0x13 ./empty.o
 .debug_loc     0x00000013       0x13 ./startup_mspm0g350x_gcc.o

.debug_aranges  0x00000000       0xb0
 .debug_aranges
                0x00000000       0x28 ./empty.o
 .debug_aranges
                0x00000028       0x38 ./ti_msp_dl_config.o
 .debug_aranges
                0x00000060       0x30 ./startup_mspm0g350x_gcc.o
 .debug_aranges
                0x00000090       0x20 C:/TI/mspm0_sdk_2_04_00_06/source\ti/driverlib/lib/gcc/m0p/mspm0g1x0x_g3x0x/driverlib.a(dl_common.o)

.debug_ranges   0x00000000      0x188
 .debug_ranges  0x00000000       0x90 ./empty.o
 .debug_ranges  0x00000090       0xc8 ./ti_msp_dl_config.o
 .debug_ranges  0x00000158       0x20 ./startup_mspm0g350x_gcc.o
 .debug_ranges  0x00000178       0x10 C:/TI/mspm0_sdk_2_04_00_06/source\ti/driverlib/lib/gcc/m0p/mspm0g1x0x_g3x0x/driverlib.a(dl_common.o)

.debug_line     0x00000000     0x10f5
 .debug_line    0x00000000      0x4d3 ./empty.o
 .debug_line    0x000004d3      0x632 ./ti_msp_dl_config.o
 .debug_line    0x00000b05      0x1cb ./startup_mspm0g350x_gcc.o
 .debug_line    0x00000cd0      0x425 C:/TI/mspm0_sdk_2_04_00_06/source\ti/driverlib/lib/gcc/m0p/mspm0g1x0x_g3x0x/driverlib.a(dl_common.o)

.debug_str      0x00000000     0x29e7
 .debug_str     0x00000000     0x1dc7 ./empty.o
                               0x1ee7 (size before relaxing)
 .debug_str     0x00001dc7      0x937 ./ti_msp_dl_config.o
                               0x27f5 (size before relaxing)
 .debug_str     0x000026fe      0x13d ./startup_mspm0g350x_gcc.o
                                0x2cb (size before relaxing)
 .debug_str     0x0000283b      0x1ac C:/TI/mspm0_sdk_2_04_00_06/source\ti/driverlib/lib/gcc/m0p/mspm0g1x0x_g3x0x/driverlib.a(dl_common.o)
                               0x1b27 (size before relaxing)

.comment        0x00000000       0x79
 .comment       0x00000000       0x79 ./empty.o
                                 0x7a (size before relaxing)
 .comment       0x00000079       0x7a ./ti_msp_dl_config.o
 .comment       0x00000079       0x7a ./startup_mspm0g350x_gcc.o
 .comment       0x00000079       0x7a C:/TI/mspm0_sdk_2_04_00_06/source\ti/driverlib/lib/gcc/m0p/mspm0g1x0x_g3x0x/driverlib.a(dl_common.o)

.ARM.attributes
                0x00000000       0x2c
 .ARM.attributes
                0x00000000       0x2b ./empty.o
 .ARM.attributes
                0x0000002b       0x2b ./ti_msp_dl_config.o
 .ARM.attributes
                0x00000056       0x2b ./startup_mspm0g350x_gcc.o
 .ARM.attributes
                0x00000081       0x2b C:/TI/mspm0_sdk_2_04_00_06/source\ti/driverlib/lib/gcc/m0p/mspm0g1x0x_g3x0x/driverlib.a(dl_common.o)
 .ARM.attributes
                0x000000ac       0x2c C:/TI/gcc_arm_none_eabi_9_2_1/arm-none-eabi/lib/thumb/v6-m/nofp\libc.a(lib_a-init.o)

.debug_frame    0x00000000      0x130
 .debug_frame   0x00000000       0x3c ./empty.o
 .debug_frame   0x0000003c       0x60 ./ti_msp_dl_config.o
 .debug_frame   0x0000009c       0x48 ./startup_mspm0g350x_gcc.o
 .debug_frame   0x000000e4       0x20 C:/TI/mspm0_sdk_2_04_00_06/source\ti/driverlib/lib/gcc/m0p/mspm0g1x0x_g3x0x/driverlib.a(dl_common.o)
 .debug_frame   0x00000104       0x2c C:/TI/gcc_arm_none_eabi_9_2_1/arm-none-eabi/lib/thumb/v6-m/nofp\libc.a(lib_a-init.o)
