******************************************************************************
            TI ARM Clang Linker PC v4.0.2                      
******************************************************************************
>> Linked Wed Apr 30 19:48:01 2025

OUTPUT FILE NAME:   <usart.out>
ENTRY POINT SYMBOL: "_c_int00_noargs"  address: 00000889


MEMORY CONFIGURATION

         name            origin    length      used     unused   attr    fill
----------------------  --------  ---------  --------  --------  ----  --------
  FLASH                 00000000   00020000  00000ba8  0001f458  R  X
  SRAM                  20200000   00008000  00000628  000079d8  RW X
  BCR_CONFIG            41c00000   000000ff  00000000  000000ff  R   
  BSL_CONFIG            41c00100   00000080  00000000  00000080  R   


SEGMENT ALLOCATION MAP

run origin  load origin   length   init length attrs members
----------  ----------- ---------- ----------- ----- -------
00000000    00000000    00000ba8   00000ba8    r-x
  00000000    00000000    000000c0   000000c0    r-- .intvecs
  000000c0    000000c0    00000ab8   00000ab8    r-x .text
  00000b78    00000b78    00000010   00000010    r-- .rodata
  00000b88    00000b88    00000020   00000020    r-- .cinit
20200000    20200000    00000428   00000000    rw-
  20200000    20200000    00000428   00000000    rw- .data
20207e00    20207e00    00000200   00000000    rw-
  20207e00    20207e00    00000200   00000000    rw- .stack


SECTION ALLOCATION MAP

 output                                  attributes/
section   page    origin      length       input sections
--------  ----  ----------  ----------   ----------------
.intvecs   0    00000000    000000c0     
                  00000000    000000c0     startup_mspm0g350x_ticlang.o (.intvecs)

.text      0    000000c0    00000ab8     
                  000000c0    000001b0     usart.o (.text.USART_ReceieveString)
                  00000270    00000084     ti_msp_dl_config.o (.text.__NVIC_SetPriority)
                  000002f4    0000007c     libc.a : copy_decompress_lzss.c.obj (.text:decompress:lzss)
                  00000370    00000078     usart.o (.text.UART0_IRQHandler)
                  000003e8    00000074     usart.o (.text.UART3_IRQHandler)
                  0000045c    00000070     usart.o (.text.UART1_IRQHandler)
                  000004cc    00000070     usart.o (.text.UART2_IRQHandler)
                  0000053c    00000050     ti_msp_dl_config.o (.text.SysTick_Config)
                  0000058c    0000004c     ti_msp_dl_config.o (.text.DL_UART_setBaudRateDivisor)
                  000005d8    00000048     driverlib.a : dl_uart.o (.text.DL_UART_init)
                  00000620    00000048     ti_msp_dl_config.o (.text.SYSCFG_DL_UART_0_init)
                  00000668    00000044     ti_msp_dl_config.o (.text.SYSCFG_DL_initPower)
                  000006ac    00000044     main.o (.text.main)
                  000006f0    00000040     usart.o (.text.USART_SendString)
                  00000730    0000003c     ti_msp_dl_config.o (.text.SYSCFG_DL_GPIO_init)
                  0000076c    0000003c     libc.a : autoinit.c.obj (.text:__TI_auto_init_nobinit_nopinit)
                  000007a8    00000032     usart.o (.text.USART_Init)
                  000007da    0000002c     usart.o (.text.USART_SendChar)
                  00000806    00000002     --HOLE-- [fill = 0]
                  00000808    0000002c     usart.o (.text.__NVIC_ClearPendingIRQ)
                  00000834    0000002c     usart.o (.text.__NVIC_EnableIRQ)
                  00000860    00000028     ti_msp_dl_config.o (.text.DL_Common_updateReg)
                  00000888    00000028     libc.a : boot_cortex_m.c.obj (.text:_c_int00_noargs)
                  000008b0    00000022     ti_msp_dl_config.o (.text.SYSCFG_DL_SYSCTL_init)
                  000008d2    00000002     --HOLE-- [fill = 0]
                  000008d4    00000020     ti_msp_dl_config.o (.text.DL_GPIO_initPeripheralInputFunction)
                  000008f4    0000001e     ti_msp_dl_config.o (.text.DL_UART_setOversampling)
                  00000912    00000002     --HOLE-- [fill = 0]
                  00000914    0000001c     ti_msp_dl_config.o (.text.DL_GPIO_initPeripheralOutputFunction)
                  00000930    0000001c     ti_msp_dl_config.o (.text.DL_SYSCTL_setSYSOSCFreq)
                  0000094c    0000001c     ti_msp_dl_config.o (.text.DL_UART_enableInterrupt)
                  00000968    00000018     ti_msp_dl_config.o (.text.DL_GPIO_enableOutput)
                  00000980    00000018     ti_msp_dl_config.o (.text.DL_GPIO_enablePower)
                  00000998    00000018     ti_msp_dl_config.o (.text.DL_GPIO_initDigitalOutput)
                  000009b0    00000018     ti_msp_dl_config.o (.text.DL_GPIO_reset)
                  000009c8    00000018     ti_msp_dl_config.o (.text.DL_SYSCTL_setBORThreshold)
                  000009e0    00000018     ti_msp_dl_config.o (.text.DL_UART_enablePower)
                  000009f8    00000018     usart.o (.text.DL_UART_isBusy)
                  00000a10    00000018     ti_msp_dl_config.o (.text.DL_UART_reset)
                  00000a28    00000018     ti_msp_dl_config.o (.text.SYSCFG_DL_init)
                  00000a40    00000016     ti_msp_dl_config.o (.text.DL_UART_enable)
                  00000a56    00000016     usart.o (.text.DL_UART_transmitData)
                  00000a6c    00000014     ti_msp_dl_config.o (.text.DL_GPIO_clearPins)
                  00000a80    00000014     ti_msp_dl_config.o (.text.DL_SYSCTL_disableSYSPLL)
                  00000a94    00000014     ti_msp_dl_config.o (.text.DL_SYSCTL_enableMFCLK)
                  00000aa8    00000014     usart.o (.text.DL_UART_receiveData)
                  00000abc    00000012     usart.o (.text.DL_UART_getPendingInterrupt)
                  00000ace    00000012     driverlib.a : dl_uart.o (.text.DL_UART_setClockConfig)
                  00000ae0    00000012     libc.a : memcpy16.S.obj (.text:TI_memcpy_small)
                  00000af2    00000012            : copy_decompress_none.c.obj (.text:decompress:none)
                  00000b04    00000010     ti_msp_dl_config.o (.text.DL_SYSCTL_disableHFXT)
                  00000b14    00000010     delay.o (.text.SysTick_Handler)
                  00000b24    0000000e     libc.a : memset16.S.obj (.text:TI_memset_small)
                  00000b32    0000000c     ti_msp_dl_config.o (.text.SYSCFG_DL_SYSTICK_init)
                  00000b3e    00000002     --HOLE-- [fill = 0]
                  00000b40    0000000c     libclang_rt.builtins.a : aeabi_memset.S.obj (.text.__aeabi_memclr)
                  00000b4c    0000000a     driverlib.a : dl_common.o (.text.DL_Common_delayCycles)
                  00000b56    00000002     --HOLE-- [fill = 0]
                  00000b58    00000008     libclang_rt.builtins.a : aeabi_memcpy.S.obj (.text.__aeabi_memcpy)
                  00000b60    00000006     libc.a : exit.c.obj (.text:abort)
                  00000b66    00000004     startup_mspm0g350x_ticlang.o (.text.Default_Handler)
                  00000b6a    00000004     libsysbm.a : hostexit.c.obj (.text.HOSTexit)
                  00000b6e    00000004     startup_mspm0g350x_ticlang.o (.text.Reset_Handler)
                  00000b72    00000004     libc.a : pre_init.c.obj (.text._system_pre_init)
                  00000b76    00000002     --HOLE-- [fill = 0]

.cinit     0    00000b88    00000020     
                  00000b88    00000009     (.cinit..data.load) [load image, compression = lzss]
                  00000b91    00000003     --HOLE-- [fill = 0]
                  00000b94    00000008     (__TI_handler_table)
                  00000b9c    00000008     (__TI_cinit_table)
                  00000ba4    00000004     --HOLE-- [fill = 0]

.rodata    0    00000b78    00000010     
                  00000b78    0000000a     ti_msp_dl_config.o (.rodata.gUART_0Config)
                  00000b82    00000002     ti_msp_dl_config.o (.rodata.gUART_0ClockConfig)
                  00000b84    00000004     --HOLE-- [fill = 0]

.init_array 
*          0    00000000    00000000     UNINITIALIZED

.binit     0    00000000    00000000     

.data      0    20200000    00000428     UNINITIALIZED
                  20200000    00000100     usart.o (.data.usart0_str)
                  20200100    00000100     usart.o (.data.usart1_str)
                  20200200    00000100     usart.o (.data.usart2_str)
                  20200300    00000100     usart.o (.data.usart3_str)
                  20200400    00000004     delay.o (.data.systicks)
                  20200404    00000004     usart.o (.data.usart0_str_index)
                  20200408    00000004     usart.o (.data.usart0_str_received)
                  2020040c    00000004     usart.o (.data.usart1_str_index)
                  20200410    00000004     usart.o (.data.usart1_str_received)
                  20200414    00000004     usart.o (.data.usart2_str_index)
                  20200418    00000004     usart.o (.data.usart2_str_received)
                  2020041c    00000004     usart.o (.data.usart3_str_index)
                  20200420    00000004     usart.o (.data.usart3_str_received)
                  20200424    00000001     usart.o (.data.usart0_ch)
                  20200425    00000001     usart.o (.data.usart1_ch)
                  20200426    00000001     usart.o (.data.usart2_ch)
                  20200427    00000001     usart.o (.data.usart3_ch)

.stack     0    20207e00    00000200     UNINITIALIZED
                  20207e00    00000004     libc.a : boot_cortex_m.c.obj (.stack)
                  20207e04    000001fc     --HOLE--

__llvm_prf_cnts 
*          0    20200000    00000000     UNINITIALIZED

__llvm_prf_bits 
*          0    20200000    00000000     UNINITIALIZED

MODULE SUMMARY

       Module                         code   ro data   rw data
       ------                         ----   -------   -------
    .\
       ti_msp_dl_config.o             1010   12        0      
       startup_mspm0g350x_ticlang.o   8      192       0      
       main.o                         68     0         0      
    +--+------------------------------+------+---------+---------+
       Total:                         1086   204       0      
                                                              
    .\lib\delay\
       delay.o                        16     0         4      
    +--+------------------------------+------+---------+---------+
       Total:                         16     0         4      
                                                              
    .\lib\usart\
       usart.o                        1222   0         1060   
    +--+------------------------------+------+---------+---------+
       Total:                         1222   0         1060   
                                                              
    C:/TI/mspm0_sdk_2_04_00_06/source/ti/driverlib/lib/ticlang/m0p/mspm0g1x0x_g3x0x/driverlib.a
       dl_uart.o                      90     0         0      
       dl_common.o                    10     0         0      
    +--+------------------------------+------+---------+---------+
       Total:                         100    0         0      
                                                              
    D:\CCS\ccs\tools\compiler\ti-cgt-armllvm_4.0.2.LTS\lib\armv6m-ti-none-eabi/c/libc.a
       copy_decompress_lzss.c.obj     124    0         0      
       autoinit.c.obj                 60     0         0      
       boot_cortex_m.c.obj            40     0         0      
       copy_decompress_none.c.obj     18     0         0      
       memcpy16.S.obj                 18     0         0      
       memset16.S.obj                 14     0         0      
       exit.c.obj                     6      0         0      
       pre_init.c.obj                 4      0         0      
    +--+------------------------------+------+---------+---------+
       Total:                         284    0         0      
                                                              
    D:\CCS\ccs\tools\compiler\ti-cgt-armllvm_4.0.2.LTS\lib\armv6m-ti-none-eabi/c/libsysbm.a
       hostexit.c.obj                 4      0         0      
    +--+------------------------------+------+---------+---------+
       Total:                         4      0         0      
                                                              
    D:\CCS\ccs\tools\compiler\ti-cgt-armllvm_4.0.2.LTS\lib\armv6m-ti-none-eabi/libclang_rt.builtins.a
       aeabi_memset.S.obj             12     0         0      
       aeabi_memcpy.S.obj             8      0         0      
    +--+------------------------------+------+---------+---------+
       Total:                         20     0         0      
                                                              
       Stack:                         0      0         512    
       Linker Generated:              0      25        0      
    +--+------------------------------+------+---------+---------+
       Grand Total:                   2732   229       1576   


LINKER GENERATED COPY TABLES

__TI_cinit_table @ 00000b9c records: 1, size/record: 8, table size: 8
	.data: load addr=00000b88, load size=00000009 bytes, run addr=20200000, run size=00000428 bytes, compression=lzss


LINKER GENERATED HANDLER TABLE

__TI_handler_table @ 00000b94 records: 2, size/record: 4, table size: 8
	index: 0, handler: __TI_decompress_lzss
	index: 1, handler: __TI_decompress_none


GLOBAL SYMBOLS: SORTED ALPHABETICALLY BY Name 

address   name                          
-------   ----                          
00000b67  ADC0_IRQHandler               
00000b67  ADC1_IRQHandler               
00000b67  AES_IRQHandler                
00000b6a  C$$EXIT                       
00000b67  CANFD0_IRQHandler             
00000b67  DAC0_IRQHandler               
00000b4d  DL_Common_delayCycles         
000005d9  DL_UART_init                  
00000acf  DL_UART_setClockConfig        
00000b67  DMA_IRQHandler                
00000b67  Default_Handler               
00000b67  GROUP0_IRQHandler             
00000b67  GROUP1_IRQHandler             
00000b6b  HOSTexit                      
00000b67  HardFault_Handler             
00000b67  I2C0_IRQHandler               
00000b67  I2C1_IRQHandler               
00000b67  NMI_Handler                   
00000b67  PendSV_Handler                
00000b67  RTC_IRQHandler                
00000b6f  Reset_Handler                 
00000b67  SPI0_IRQHandler               
00000b67  SPI1_IRQHandler               
00000b67  SVC_Handler                   
00000731  SYSCFG_DL_GPIO_init           
000008b1  SYSCFG_DL_SYSCTL_init         
00000b33  SYSCFG_DL_SYSTICK_init        
00000621  SYSCFG_DL_UART_0_init         
00000a29  SYSCFG_DL_init                
00000669  SYSCFG_DL_initPower           
00000b15  SysTick_Handler               
00000b67  TIMA0_IRQHandler              
00000b67  TIMA1_IRQHandler              
00000b67  TIMG0_IRQHandler              
00000b67  TIMG12_IRQHandler             
00000b67  TIMG6_IRQHandler              
00000b67  TIMG7_IRQHandler              
00000b67  TIMG8_IRQHandler              
00000ae1  TI_memcpy_small               
00000b25  TI_memset_small               
00000371  UART0_IRQHandler              
0000045d  UART1_IRQHandler              
000004cd  UART2_IRQHandler              
000003e9  UART3_IRQHandler              
000007a9  USART_Init                    
000000c1  USART_ReceieveString          
000007db  USART_SendChar                
000006f1  USART_SendString              
20208000  __STACK_END                   
00000200  __STACK_SIZE                  
00000000  __TI_ATRegion0_region_sz      
00000000  __TI_ATRegion0_src_addr       
00000000  __TI_ATRegion0_trg_addr       
00000000  __TI_ATRegion1_region_sz      
00000000  __TI_ATRegion1_src_addr       
00000000  __TI_ATRegion1_trg_addr       
00000000  __TI_ATRegion2_region_sz      
00000000  __TI_ATRegion2_src_addr       
00000000  __TI_ATRegion2_trg_addr       
00000b9c  __TI_CINIT_Base               
00000ba4  __TI_CINIT_Limit              
00000ba4  __TI_CINIT_Warm               
00000b94  __TI_Handler_Table_Base       
00000b9c  __TI_Handler_Table_Limit      
0000076d  __TI_auto_init_nobinit_nopinit
000002f5  __TI_decompress_lzss          
00000af3  __TI_decompress_none          
ffffffff  __TI_pprof_out_hndl           
ffffffff  __TI_prof_data_size           
ffffffff  __TI_prof_data_start          
00000000  __TI_static_base__            
00000b41  __aeabi_memclr                
00000b41  __aeabi_memclr4               
00000b41  __aeabi_memclr8               
00000b59  __aeabi_memcpy                
00000b59  __aeabi_memcpy4               
00000b59  __aeabi_memcpy8               
ffffffff  __binit__                     
UNDEFED   __mpu_init                    
20207e00  __stack                       
20200000  __start___llvm_prf_bits       
20200000  __start___llvm_prf_cnts       
20200000  __stop___llvm_prf_bits        
20200000  __stop___llvm_prf_cnts        
00000889  _c_int00_noargs               
UNDEFED   _system_post_cinit            
00000b73  _system_pre_init              
00000b61  abort                         
ffffffff  binit                         
00000000  interruptVectors              
000006ad  main                          
20200424  usart0_ch                     
20200000  usart0_str                    
20200404  usart0_str_index              
20200408  usart0_str_received           
20200425  usart1_ch                     
20200100  usart1_str                    
2020040c  usart1_str_index              
20200410  usart1_str_received           
20200426  usart2_ch                     
20200200  usart2_str                    
20200414  usart2_str_index              
20200418  usart2_str_received           
20200427  usart3_ch                     
20200300  usart3_str                    
2020041c  usart3_str_index              
20200420  usart3_str_received           


GLOBAL SYMBOLS: SORTED BY Symbol Address 

address   name                          
-------   ----                          
00000000  __TI_ATRegion0_region_sz      
00000000  __TI_ATRegion0_src_addr       
00000000  __TI_ATRegion0_trg_addr       
00000000  __TI_ATRegion1_region_sz      
00000000  __TI_ATRegion1_src_addr       
00000000  __TI_ATRegion1_trg_addr       
00000000  __TI_ATRegion2_region_sz      
00000000  __TI_ATRegion2_src_addr       
00000000  __TI_ATRegion2_trg_addr       
00000000  __TI_static_base__            
00000000  interruptVectors              
000000c1  USART_ReceieveString          
00000200  __STACK_SIZE                  
000002f5  __TI_decompress_lzss          
00000371  UART0_IRQHandler              
000003e9  UART3_IRQHandler              
0000045d  UART1_IRQHandler              
000004cd  UART2_IRQHandler              
000005d9  DL_UART_init                  
00000621  SYSCFG_DL_UART_0_init         
00000669  SYSCFG_DL_initPower           
000006ad  main                          
000006f1  USART_SendString              
00000731  SYSCFG_DL_GPIO_init           
0000076d  __TI_auto_init_nobinit_nopinit
000007a9  USART_Init                    
000007db  USART_SendChar                
00000889  _c_int00_noargs               
000008b1  SYSCFG_DL_SYSCTL_init         
00000a29  SYSCFG_DL_init                
00000acf  DL_UART_setClockConfig        
00000ae1  TI_memcpy_small               
00000af3  __TI_decompress_none          
00000b15  SysTick_Handler               
00000b25  TI_memset_small               
00000b33  SYSCFG_DL_SYSTICK_init        
00000b41  __aeabi_memclr                
00000b41  __aeabi_memclr4               
00000b41  __aeabi_memclr8               
00000b4d  DL_Common_delayCycles         
00000b59  __aeabi_memcpy                
00000b59  __aeabi_memcpy4               
00000b59  __aeabi_memcpy8               
00000b61  abort                         
00000b67  ADC0_IRQHandler               
00000b67  ADC1_IRQHandler               
00000b67  AES_IRQHandler                
00000b67  CANFD0_IRQHandler             
00000b67  DAC0_IRQHandler               
00000b67  DMA_IRQHandler                
00000b67  Default_Handler               
00000b67  GROUP0_IRQHandler             
00000b67  GROUP1_IRQHandler             
00000b67  HardFault_Handler             
00000b67  I2C0_IRQHandler               
00000b67  I2C1_IRQHandler               
00000b67  NMI_Handler                   
00000b67  PendSV_Handler                
00000b67  RTC_IRQHandler                
00000b67  SPI0_IRQHandler               
00000b67  SPI1_IRQHandler               
00000b67  SVC_Handler                   
00000b67  TIMA0_IRQHandler              
00000b67  TIMA1_IRQHandler              
00000b67  TIMG0_IRQHandler              
00000b67  TIMG12_IRQHandler             
00000b67  TIMG6_IRQHandler              
00000b67  TIMG7_IRQHandler              
00000b67  TIMG8_IRQHandler              
00000b6a  C$$EXIT                       
00000b6b  HOSTexit                      
00000b6f  Reset_Handler                 
00000b73  _system_pre_init              
00000b94  __TI_Handler_Table_Base       
00000b9c  __TI_CINIT_Base               
00000b9c  __TI_Handler_Table_Limit      
00000ba4  __TI_CINIT_Limit              
00000ba4  __TI_CINIT_Warm               
20200000  __start___llvm_prf_bits       
20200000  __start___llvm_prf_cnts       
20200000  __stop___llvm_prf_bits        
20200000  __stop___llvm_prf_cnts        
20200000  usart0_str                    
20200100  usart1_str                    
20200200  usart2_str                    
20200300  usart3_str                    
20200404  usart0_str_index              
20200408  usart0_str_received           
2020040c  usart1_str_index              
20200410  usart1_str_received           
20200414  usart2_str_index              
20200418  usart2_str_received           
2020041c  usart3_str_index              
20200420  usart3_str_received           
20200424  usart0_ch                     
20200425  usart1_ch                     
20200426  usart2_ch                     
20200427  usart3_ch                     
20207e00  __stack                       
20208000  __STACK_END                   
ffffffff  __TI_pprof_out_hndl           
ffffffff  __TI_prof_data_size           
ffffffff  __TI_prof_data_start          
ffffffff  __binit__                     
ffffffff  binit                         
UNDEFED   __mpu_init                    
UNDEFED   _system_post_cinit            

[107 symbols]
