******************************************************************************
            TI ARM Clang Linker PC v4.0.2                      
******************************************************************************
>> Linked Wed Apr 30 15:51:55 2025

OUTPUT FILE NAME:   <usart.out>
ENTRY POINT SYMBOL: "_c_int00_noargs"  address: 00000899


MEMORY CONFIGURATION

         name            origin    length      used     unused   attr    fill
----------------------  --------  ---------  --------  --------  ----  --------
  FLASH                 00000000   00020000  00000bb8  0001f448  R  X
  SRAM                  20200000   00008000  00000628  000079d8  RW X
  BCR_CONFIG            41c00000   000000ff  00000000  000000ff  R   
  BSL_CONFIG            41c00100   00000080  00000000  00000080  R   


SEGMENT ALLOCATION MAP

run origin  load origin   length   init length attrs members
----------  ----------- ---------- ----------- ----- -------
00000000    00000000    00000bb8   00000bb8    r-x
  00000000    00000000    000000c0   000000c0    r-- .intvecs
  000000c0    000000c0    00000ac8   00000ac8    r-x .text
  00000b88    00000b88    00000010   00000010    r-- .rodata
  00000b98    00000b98    00000020   00000020    r-- .cinit
20200000    20200000    00000428   00000000    rw-
  20200000    20200000    00000428   00000000    rw- .data
20207e00    20207e00    00000200   00000000    rw-
  20207e00    20207e00    00000200   00000000    rw- .stack


SECTION ALLOCATION MAP

 output                                  attributes/
section   page    origin      length       input sections
--------  ----  ----------  ----------   ----------------
.intvecs   0    00000000    000000c0     
                  00000000    000000c0     startup_mspm0g350x_ticlang.o (.intvecs)

.text      0    000000c0    00000ac8     
                  000000c0    000001b0     usart.o (.text.USART_ReceieveString)
                  00000270    00000084     ti_msp_dl_config.o (.text.__NVIC_SetPriority)
                  000002f4    0000007c     libc.a : copy_decompress_lzss.c.obj (.text:decompress:lzss)
                  00000370    00000078     usart.o (.text.UART0_IRQHandler)
                  000003e8    00000074     usart.o (.text.UART3_IRQHandler)
                  0000045c    00000070     usart.o (.text.UART1_IRQHandler)
                  000004cc    00000070     usart.o (.text.UART2_IRQHandler)
                  0000053c    00000054     main.o (.text.main)
                  00000590    00000050     ti_msp_dl_config.o (.text.SysTick_Config)
                  000005e0    0000004c     ti_msp_dl_config.o (.text.DL_UART_setBaudRateDivisor)
                  0000062c    00000048     driverlib.a : dl_uart.o (.text.DL_UART_init)
                  00000674    00000048     ti_msp_dl_config.o (.text.SYSCFG_DL_UART_0_init)
                  000006bc    00000044     ti_msp_dl_config.o (.text.SYSCFG_DL_initPower)
                  00000700    00000040     usart.o (.text.USART_SendString)
                  00000740    0000003c     ti_msp_dl_config.o (.text.SYSCFG_DL_GPIO_init)
                  0000077c    0000003c     libc.a : autoinit.c.obj (.text:__TI_auto_init_nobinit_nopinit)
                  000007b8    00000032     usart.o (.text.USART_Init)
                  000007ea    0000002c     usart.o (.text.USART_SendChar)
                  00000816    00000002     --HOLE-- [fill = 0]
                  00000818    0000002c     usart.o (.text.__NVIC_ClearPendingIRQ)
                  00000844    0000002c     usart.o (.text.__NVIC_EnableIRQ)
                  00000870    00000028     ti_msp_dl_config.o (.text.DL_Common_updateReg)
                  00000898    00000028     libc.a : boot_cortex_m.c.obj (.text:_c_int00_noargs)
                  000008c0    00000022     ti_msp_dl_config.o (.text.SYSCFG_DL_SYSCTL_init)
                  000008e2    00000002     --HOLE-- [fill = 0]
                  000008e4    00000020     ti_msp_dl_config.o (.text.DL_GPIO_initPeripheralInputFunction)
                  00000904    0000001e     ti_msp_dl_config.o (.text.DL_UART_setOversampling)
                  00000922    00000002     --HOLE-- [fill = 0]
                  00000924    0000001c     ti_msp_dl_config.o (.text.DL_GPIO_initPeripheralOutputFunction)
                  00000940    0000001c     ti_msp_dl_config.o (.text.DL_SYSCTL_setSYSOSCFreq)
                  0000095c    0000001c     ti_msp_dl_config.o (.text.DL_UART_enableInterrupt)
                  00000978    00000018     ti_msp_dl_config.o (.text.DL_GPIO_enableOutput)
                  00000990    00000018     ti_msp_dl_config.o (.text.DL_GPIO_enablePower)
                  000009a8    00000018     ti_msp_dl_config.o (.text.DL_GPIO_initDigitalOutput)
                  000009c0    00000018     ti_msp_dl_config.o (.text.DL_GPIO_reset)
                  000009d8    00000018     ti_msp_dl_config.o (.text.DL_SYSCTL_setBORThreshold)
                  000009f0    00000018     ti_msp_dl_config.o (.text.DL_UART_enablePower)
                  00000a08    00000018     usart.o (.text.DL_UART_isBusy)
                  00000a20    00000018     ti_msp_dl_config.o (.text.DL_UART_reset)
                  00000a38    00000018     ti_msp_dl_config.o (.text.SYSCFG_DL_init)
                  00000a50    00000016     ti_msp_dl_config.o (.text.DL_UART_enable)
                  00000a66    00000016     usart.o (.text.DL_UART_transmitData)
                  00000a7c    00000014     ti_msp_dl_config.o (.text.DL_GPIO_clearPins)
                  00000a90    00000014     ti_msp_dl_config.o (.text.DL_SYSCTL_disableSYSPLL)
                  00000aa4    00000014     ti_msp_dl_config.o (.text.DL_SYSCTL_enableMFCLK)
                  00000ab8    00000014     usart.o (.text.DL_UART_receiveData)
                  00000acc    00000012     usart.o (.text.DL_UART_getPendingInterrupt)
                  00000ade    00000012     driverlib.a : dl_uart.o (.text.DL_UART_setClockConfig)
                  00000af0    00000012     libc.a : memcpy16.S.obj (.text:TI_memcpy_small)
                  00000b02    00000012            : copy_decompress_none.c.obj (.text:decompress:none)
                  00000b14    00000010     ti_msp_dl_config.o (.text.DL_SYSCTL_disableHFXT)
                  00000b24    00000010     delay.o (.text.SysTick_Handler)
                  00000b34    0000000e     libc.a : memset16.S.obj (.text:TI_memset_small)
                  00000b42    0000000c     ti_msp_dl_config.o (.text.SYSCFG_DL_SYSTICK_init)
                  00000b4e    00000002     --HOLE-- [fill = 0]
                  00000b50    0000000c     libclang_rt.builtins.a : aeabi_memset.S.obj (.text.__aeabi_memclr)
                  00000b5c    0000000a     driverlib.a : dl_common.o (.text.DL_Common_delayCycles)
                  00000b66    00000002     --HOLE-- [fill = 0]
                  00000b68    00000008     libclang_rt.builtins.a : aeabi_memcpy.S.obj (.text.__aeabi_memcpy)
                  00000b70    00000006     libc.a : exit.c.obj (.text:abort)
                  00000b76    00000004     startup_mspm0g350x_ticlang.o (.text.Default_Handler)
                  00000b7a    00000004     libsysbm.a : hostexit.c.obj (.text.HOSTexit)
                  00000b7e    00000004     startup_mspm0g350x_ticlang.o (.text.Reset_Handler)
                  00000b82    00000004     libc.a : pre_init.c.obj (.text._system_pre_init)
                  00000b86    00000002     --HOLE-- [fill = 0]

.cinit     0    00000b98    00000020     
                  00000b98    00000009     (.cinit..data.load) [load image, compression = lzss]
                  00000ba1    00000003     --HOLE-- [fill = 0]
                  00000ba4    00000008     (__TI_handler_table)
                  00000bac    00000008     (__TI_cinit_table)
                  00000bb4    00000004     --HOLE-- [fill = 0]

.rodata    0    00000b88    00000010     
                  00000b88    0000000a     ti_msp_dl_config.o (.rodata.gUART_0Config)
                  00000b92    00000002     ti_msp_dl_config.o (.rodata.gUART_0ClockConfig)
                  00000b94    00000004     --HOLE-- [fill = 0]

.init_array 
*          0    00000000    00000000     UNINITIALIZED

.binit     0    00000000    00000000     

.data      0    20200000    00000428     UNINITIALIZED
                  20200000    00000100     usart.o (.data.usart0_str)
                  20200100    00000100     usart.o (.data.usart1_str)
                  20200200    00000100     usart.o (.data.usart2_str)
                  20200300    00000100     usart.o (.data.usart3_str)
                  20200400    00000004     delay.o (.data.systicks)
                  20200404    00000004     usart.o (.data.usart0_str_index)
                  20200408    00000004     usart.o (.data.usart0_str_received)
                  2020040c    00000004     usart.o (.data.usart1_str_index)
                  20200410    00000004     usart.o (.data.usart1_str_received)
                  20200414    00000004     usart.o (.data.usart2_str_index)
                  20200418    00000004     usart.o (.data.usart2_str_received)
                  2020041c    00000004     usart.o (.data.usart3_str_index)
                  20200420    00000004     usart.o (.data.usart3_str_received)
                  20200424    00000001     usart.o (.data.usart0_ch)
                  20200425    00000001     usart.o (.data.usart1_ch)
                  20200426    00000001     usart.o (.data.usart2_ch)
                  20200427    00000001     usart.o (.data.usart3_ch)

.stack     0    20207e00    00000200     UNINITIALIZED
                  20207e00    00000004     libc.a : boot_cortex_m.c.obj (.stack)
                  20207e04    000001fc     --HOLE--

__llvm_prf_cnts 
*          0    20200000    00000000     UNINITIALIZED

__llvm_prf_bits 
*          0    20200000    00000000     UNINITIALIZED

MODULE SUMMARY

       Module                         code   ro data   rw data
       ------                         ----   -------   -------
    .\
       ti_msp_dl_config.o             1010   12        0      
       startup_mspm0g350x_ticlang.o   8      192       0      
       main.o                         84     0         0      
    +--+------------------------------+------+---------+---------+
       Total:                         1102   204       0      
                                                              
    .\lib\delay\
       delay.o                        16     0         4      
    +--+------------------------------+------+---------+---------+
       Total:                         16     0         4      
                                                              
    .\lib\usart\
       usart.o                        1222   0         1060   
    +--+------------------------------+------+---------+---------+
       Total:                         1222   0         1060   
                                                              
    C:/TI/mspm0_sdk_2_04_00_06/source/ti/driverlib/lib/ticlang/m0p/mspm0g1x0x_g3x0x/driverlib.a
       dl_uart.o                      90     0         0      
       dl_common.o                    10     0         0      
    +--+------------------------------+------+---------+---------+
       Total:                         100    0         0      
                                                              
    D:\CCS\ccs\tools\compiler\ti-cgt-armllvm_4.0.2.LTS\lib\armv6m-ti-none-eabi/c/libc.a
       copy_decompress_lzss.c.obj     124    0         0      
       autoinit.c.obj                 60     0         0      
       boot_cortex_m.c.obj            40     0         0      
       copy_decompress_none.c.obj     18     0         0      
       memcpy16.S.obj                 18     0         0      
       memset16.S.obj                 14     0         0      
       exit.c.obj                     6      0         0      
       pre_init.c.obj                 4      0         0      
    +--+------------------------------+------+---------+---------+
       Total:                         284    0         0      
                                                              
    D:\CCS\ccs\tools\compiler\ti-cgt-armllvm_4.0.2.LTS\lib\armv6m-ti-none-eabi/c/libsysbm.a
       hostexit.c.obj                 4      0         0      
    +--+------------------------------+------+---------+---------+
       Total:                         4      0         0      
                                                              
    D:\CCS\ccs\tools\compiler\ti-cgt-armllvm_4.0.2.LTS\lib\armv6m-ti-none-eabi/libclang_rt.builtins.a
       aeabi_memset.S.obj             12     0         0      
       aeabi_memcpy.S.obj             8      0         0      
    +--+------------------------------+------+---------+---------+
       Total:                         20     0         0      
                                                              
       Stack:                         0      0         512    
       Linker Generated:              0      25        0      
    +--+------------------------------+------+---------+---------+
       Grand Total:                   2748   229       1576   


LINKER GENERATED COPY TABLES

__TI_cinit_table @ 00000bac records: 1, size/record: 8, table size: 8
	.data: load addr=00000b98, load size=00000009 bytes, run addr=20200000, run size=00000428 bytes, compression=lzss


LINKER GENERATED HANDLER TABLE

__TI_handler_table @ 00000ba4 records: 2, size/record: 4, table size: 8
	index: 0, handler: __TI_decompress_lzss
	index: 1, handler: __TI_decompress_none


GLOBAL SYMBOLS: SORTED ALPHABETICALLY BY Name 

address   name                          
-------   ----                          
00000b77  ADC0_IRQHandler               
00000b77  ADC1_IRQHandler               
00000b77  AES_IRQHandler                
00000b7a  C$$EXIT                       
00000b77  CANFD0_IRQHandler             
00000b77  DAC0_IRQHandler               
00000b5d  DL_Common_delayCycles         
0000062d  DL_UART_init                  
00000adf  DL_UART_setClockConfig        
00000b77  DMA_IRQHandler                
00000b77  Default_Handler               
00000b77  GROUP0_IRQHandler             
00000b77  GROUP1_IRQHandler             
00000b7b  HOSTexit                      
00000b77  HardFault_Handler             
00000b77  I2C0_IRQHandler               
00000b77  I2C1_IRQHandler               
00000b77  NMI_Handler                   
00000b77  PendSV_Handler                
00000b77  RTC_IRQHandler                
00000b7f  Reset_Handler                 
00000b77  SPI0_IRQHandler               
00000b77  SPI1_IRQHandler               
00000b77  SVC_Handler                   
00000741  SYSCFG_DL_GPIO_init           
000008c1  SYSCFG_DL_SYSCTL_init         
00000b43  SYSCFG_DL_SYSTICK_init        
00000675  SYSCFG_DL_UART_0_init         
00000a39  SYSCFG_DL_init                
000006bd  SYSCFG_DL_initPower           
00000b25  SysTick_Handler               
00000b77  TIMA0_IRQHandler              
00000b77  TIMA1_IRQHandler              
00000b77  TIMG0_IRQHandler              
00000b77  TIMG12_IRQHandler             
00000b77  TIMG6_IRQHandler              
00000b77  TIMG7_IRQHandler              
00000b77  TIMG8_IRQHandler              
00000af1  TI_memcpy_small               
00000b35  TI_memset_small               
00000371  UART0_IRQHandler              
0000045d  UART1_IRQHandler              
000004cd  UART2_IRQHandler              
000003e9  UART3_IRQHandler              
000007b9  USART_Init                    
000000c1  USART_ReceieveString          
000007eb  USART_SendChar                
00000701  USART_SendString              
20208000  __STACK_END                   
00000200  __STACK_SIZE                  
00000000  __TI_ATRegion0_region_sz      
00000000  __TI_ATRegion0_src_addr       
00000000  __TI_ATRegion0_trg_addr       
00000000  __TI_ATRegion1_region_sz      
00000000  __TI_ATRegion1_src_addr       
00000000  __TI_ATRegion1_trg_addr       
00000000  __TI_ATRegion2_region_sz      
00000000  __TI_ATRegion2_src_addr       
00000000  __TI_ATRegion2_trg_addr       
00000bac  __TI_CINIT_Base               
00000bb4  __TI_CINIT_Limit              
00000bb4  __TI_CINIT_Warm               
00000ba4  __TI_Handler_Table_Base       
00000bac  __TI_Handler_Table_Limit      
0000077d  __TI_auto_init_nobinit_nopinit
000002f5  __TI_decompress_lzss          
00000b03  __TI_decompress_none          
ffffffff  __TI_pprof_out_hndl           
ffffffff  __TI_prof_data_size           
ffffffff  __TI_prof_data_start          
00000000  __TI_static_base__            
00000b51  __aeabi_memclr                
00000b51  __aeabi_memclr4               
00000b51  __aeabi_memclr8               
00000b69  __aeabi_memcpy                
00000b69  __aeabi_memcpy4               
00000b69  __aeabi_memcpy8               
ffffffff  __binit__                     
UNDEFED   __mpu_init                    
20207e00  __stack                       
20200000  __start___llvm_prf_bits       
20200000  __start___llvm_prf_cnts       
20200000  __stop___llvm_prf_bits        
20200000  __stop___llvm_prf_cnts        
00000899  _c_int00_noargs               
UNDEFED   _system_post_cinit            
00000b83  _system_pre_init              
00000b71  abort                         
ffffffff  binit                         
00000000  interruptVectors              
0000053d  main                          
20200424  usart0_ch                     
20200000  usart0_str                    
20200404  usart0_str_index              
20200408  usart0_str_received           
20200425  usart1_ch                     
20200100  usart1_str                    
2020040c  usart1_str_index              
20200410  usart1_str_received           
20200426  usart2_ch                     
20200200  usart2_str                    
20200414  usart2_str_index              
20200418  usart2_str_received           
20200427  usart3_ch                     
20200300  usart3_str                    
2020041c  usart3_str_index              
20200420  usart3_str_received           


GLOBAL SYMBOLS: SORTED BY Symbol Address 

address   name                          
-------   ----                          
00000000  __TI_ATRegion0_region_sz      
00000000  __TI_ATRegion0_src_addr       
00000000  __TI_ATRegion0_trg_addr       
00000000  __TI_ATRegion1_region_sz      
00000000  __TI_ATRegion1_src_addr       
00000000  __TI_ATRegion1_trg_addr       
00000000  __TI_ATRegion2_region_sz      
00000000  __TI_ATRegion2_src_addr       
00000000  __TI_ATRegion2_trg_addr       
00000000  __TI_static_base__            
00000000  interruptVectors              
000000c1  USART_ReceieveString          
00000200  __STACK_SIZE                  
000002f5  __TI_decompress_lzss          
00000371  UART0_IRQHandler              
000003e9  UART3_IRQHandler              
0000045d  UART1_IRQHandler              
000004cd  UART2_IRQHandler              
0000053d  main                          
0000062d  DL_UART_init                  
00000675  SYSCFG_DL_UART_0_init         
000006bd  SYSCFG_DL_initPower           
00000701  USART_SendString              
00000741  SYSCFG_DL_GPIO_init           
0000077d  __TI_auto_init_nobinit_nopinit
000007b9  USART_Init                    
000007eb  USART_SendChar                
00000899  _c_int00_noargs               
000008c1  SYSCFG_DL_SYSCTL_init         
00000a39  SYSCFG_DL_init                
00000adf  DL_UART_setClockConfig        
00000af1  TI_memcpy_small               
00000b03  __TI_decompress_none          
00000b25  SysTick_Handler               
00000b35  TI_memset_small               
00000b43  SYSCFG_DL_SYSTICK_init        
00000b51  __aeabi_memclr                
00000b51  __aeabi_memclr4               
00000b51  __aeabi_memclr8               
00000b5d  DL_Common_delayCycles         
00000b69  __aeabi_memcpy                
00000b69  __aeabi_memcpy4               
00000b69  __aeabi_memcpy8               
00000b71  abort                         
00000b77  ADC0_IRQHandler               
00000b77  ADC1_IRQHandler               
00000b77  AES_IRQHandler                
00000b77  CANFD0_IRQHandler             
00000b77  DAC0_IRQHandler               
00000b77  DMA_IRQHandler                
00000b77  Default_Handler               
00000b77  GROUP0_IRQHandler             
00000b77  GROUP1_IRQHandler             
00000b77  HardFault_Handler             
00000b77  I2C0_IRQHandler               
00000b77  I2C1_IRQHandler               
00000b77  NMI_Handler                   
00000b77  PendSV_Handler                
00000b77  RTC_IRQHandler                
00000b77  SPI0_IRQHandler               
00000b77  SPI1_IRQHandler               
00000b77  SVC_Handler                   
00000b77  TIMA0_IRQHandler              
00000b77  TIMA1_IRQHandler              
00000b77  TIMG0_IRQHandler              
00000b77  TIMG12_IRQHandler             
00000b77  TIMG6_IRQHandler              
00000b77  TIMG7_IRQHandler              
00000b77  TIMG8_IRQHandler              
00000b7a  C$$EXIT                       
00000b7b  HOSTexit                      
00000b7f  Reset_Handler                 
00000b83  _system_pre_init              
00000ba4  __TI_Handler_Table_Base       
00000bac  __TI_CINIT_Base               
00000bac  __TI_Handler_Table_Limit      
00000bb4  __TI_CINIT_Limit              
00000bb4  __TI_CINIT_Warm               
20200000  __start___llvm_prf_bits       
20200000  __start___llvm_prf_cnts       
20200000  __stop___llvm_prf_bits        
20200000  __stop___llvm_prf_cnts        
20200000  usart0_str                    
20200100  usart1_str                    
20200200  usart2_str                    
20200300  usart3_str                    
20200404  usart0_str_index              
20200408  usart0_str_received           
2020040c  usart1_str_index              
20200410  usart1_str_received           
20200414  usart2_str_index              
20200418  usart2_str_received           
2020041c  usart3_str_index              
20200420  usart3_str_received           
20200424  usart0_ch                     
20200425  usart1_ch                     
20200426  usart2_ch                     
20200427  usart3_ch                     
20207e00  __stack                       
20208000  __STACK_END                   
ffffffff  __TI_pprof_out_hndl           
ffffffff  __TI_prof_data_size           
ffffffff  __TI_prof_data_start          
ffffffff  __binit__                     
ffffffff  binit                         
UNDEFED   __mpu_init                    
UNDEFED   _system_post_cinit            

[107 symbols]
