******************************************************************************
            TI ARM Clang Linker PC v4.0.2                      
******************************************************************************
>> Linked Thu May  8 15:35:12 2025

OUTPUT FILE NAME:   <usart.out>
ENTRY POINT SYMBOL: "_c_int00_noargs"  address: 00000989


MEMORY CONFIGURATION

         name            origin    length      used     unused   attr    fill
----------------------  --------  ---------  --------  --------  ----  --------
  FLASH                 00000000   00020000  00000cd8  0001f328  R  X
  SRAM                  20200000   00008000  00000658  000079a8  RW X
  BCR_CONFIG            41c00000   000000ff  00000000  000000ff  R   
  BSL_CONFIG            41c00100   00000080  00000000  00000080  R   


SEGMENT ALLOCATION MAP

run origin  load origin   length   init length attrs members
----------  ----------- ---------- ----------- ----- -------
00000000    00000000    00000cd8   00000cd8    r-x
  00000000    00000000    000000c0   000000c0    r-- .intvecs
  000000c0    000000c0    00000bd0   00000bd0    r-x .text
  00000c90    00000c90    00000018   00000018    r-- .rodata
  00000ca8    00000ca8    00000030   00000030    r-- .cinit
20200000    20200000    00000458   00000000    rw-
  20200000    20200000    00000428   00000000    rw- .data
  20200428    20200428    00000030   00000000    rw- .bss
20207e00    20207e00    00000200   00000000    rw-
  20207e00    20207e00    00000200   00000000    rw- .stack


SECTION ALLOCATION MAP

 output                                  attributes/
section   page    origin      length       input sections
--------  ----  ----------  ----------   ----------------
.intvecs   0    00000000    000000c0     
                  00000000    000000c0     startup_mspm0g350x_ticlang.o (.intvecs)

.text      0    000000c0    00000bd0     
                  000000c0    000001c0     usart.o (.text.USART_ReceieveString)
                  00000280    00000084     ti_msp_dl_config.o (.text.__NVIC_SetPriority)
                  00000304    0000007c     libc.a : copy_decompress_lzss.c.obj (.text:decompress:lzss)
                  00000380    00000070     usart.o (.text.UART0_IRQHandler)
                  000003f0    00000070     usart.o (.text.UART1_IRQHandler)
                  00000460    00000070     usart.o (.text.UART2_IRQHandler)
                  000004d0    00000070     usart.o (.text.UART3_IRQHandler)
                  00000540    00000060     ti_msp_dl_config.o (.text.SYSCFG_DL_UART_3_init)
                  000005a0    00000058     ti_msp_dl_config.o (.text.SYSCFG_DL_initPower)
                  000005f8    00000050     ti_msp_dl_config.o (.text.SysTick_Config)
                  00000648    0000004c     ti_msp_dl_config.o (.text.DL_UART_setBaudRateDivisor)
                  00000694    0000004c     ti_msp_dl_config.o (.text.SYSCFG_DL_GPIO_init)
                  000006e0    00000048     driverlib.a : dl_uart.o (.text.DL_UART_init)
                  00000728    00000048     ti_msp_dl_config.o (.text.SYSCFG_DL_UART_0_init)
                  00000770    00000044     main.o (.text.main)
                  000007b4    00000040     usart.o (.text.USART_SendString)
                  000007f4    0000003c     libc.a : autoinit.c.obj (.text:__TI_auto_init_nobinit_nopinit)
                  00000830    00000032     usart.o (.text.USART_Init)
                  00000862    0000002c     usart.o (.text.USART_SendChar)
                  0000088e    00000002     --HOLE-- [fill = 0]
                  00000890    0000002c     usart.o (.text.__NVIC_ClearPendingIRQ)
                  000008bc    0000002c     usart.o (.text.__NVIC_EnableIRQ)
                  000008e8    00000028     ti_msp_dl_config.o (.text.DL_Common_updateReg)
                  00000910    00000028     ti_msp_dl_config.o (.text.DL_UART_setRXFIFOThreshold)
                  00000938    00000028     ti_msp_dl_config.o (.text.DL_UART_setTXFIFOThreshold)
                  00000960    00000028     ti_msp_dl_config.o (.text.SYSCFG_DL_init)
                  00000988    00000028     libc.a : boot_cortex_m.c.obj (.text:_c_int00_noargs)
                  000009b0    00000022     ti_msp_dl_config.o (.text.SYSCFG_DL_SYSCTL_init)
                  000009d2    00000002     --HOLE-- [fill = 0]
                  000009d4    00000020     ti_msp_dl_config.o (.text.DL_GPIO_initPeripheralInputFunction)
                  000009f4    0000001e     ti_msp_dl_config.o (.text.DL_UART_setOversampling)
                  00000a12    00000002     --HOLE-- [fill = 0]
                  00000a14    0000001c     ti_msp_dl_config.o (.text.DL_GPIO_initPeripheralOutputFunction)
                  00000a30    0000001c     ti_msp_dl_config.o (.text.DL_SYSCTL_setSYSOSCFreq)
                  00000a4c    0000001c     ti_msp_dl_config.o (.text.DL_UART_enableInterrupt)
                  00000a68    00000018     ti_msp_dl_config.o (.text.DL_GPIO_enableOutput)
                  00000a80    00000018     ti_msp_dl_config.o (.text.DL_GPIO_enablePower)
                  00000a98    00000018     ti_msp_dl_config.o (.text.DL_GPIO_initDigitalOutput)
                  00000ab0    00000018     ti_msp_dl_config.o (.text.DL_GPIO_reset)
                  00000ac8    00000018     ti_msp_dl_config.o (.text.DL_SYSCTL_setBORThreshold)
                  00000ae0    00000018     ti_msp_dl_config.o (.text.DL_UART_enableFIFOs)
                  00000af8    00000018     ti_msp_dl_config.o (.text.DL_UART_enablePower)
                  00000b10    00000018     usart.o (.text.DL_UART_isBusy)
                  00000b28    00000018     ti_msp_dl_config.o (.text.DL_UART_reset)
                  00000b40    00000016     ti_msp_dl_config.o (.text.DL_UART_enable)
                  00000b56    00000016     usart.o (.text.DL_UART_transmitData)
                  00000b6c    00000016     libc.a : copy_zero_init.c.obj (.text:decompress:ZI:__TI_zero_init_nomemset)
                  00000b82    00000014     ti_msp_dl_config.o (.text.DL_GPIO_clearPins)
                  00000b96    00000002     --HOLE-- [fill = 0]
                  00000b98    00000014     ti_msp_dl_config.o (.text.DL_SYSCTL_disableSYSPLL)
                  00000bac    00000014     ti_msp_dl_config.o (.text.DL_SYSCTL_enableMFCLK)
                  00000bc0    00000014     usart.o (.text.DL_UART_receiveData)
                  00000bd4    00000012     usart.o (.text.DL_UART_getPendingInterrupt)
                  00000be6    00000012     driverlib.a : dl_uart.o (.text.DL_UART_setClockConfig)
                  00000bf8    00000012     libc.a : memcpy16.S.obj (.text:TI_memcpy_small)
                  00000c0a    00000012            : copy_decompress_none.c.obj (.text:decompress:none)
                  00000c1c    00000010     ti_msp_dl_config.o (.text.DL_SYSCTL_disableHFXT)
                  00000c2c    00000010     delay.o (.text.SysTick_Handler)
                  00000c3c    0000000e     libc.a : memset16.S.obj (.text:TI_memset_small)
                  00000c4a    0000000c     ti_msp_dl_config.o (.text.SYSCFG_DL_SYSTICK_init)
                  00000c56    00000002     --HOLE-- [fill = 0]
                  00000c58    0000000c     libclang_rt.builtins.a : aeabi_memset.S.obj (.text.__aeabi_memclr)
                  00000c64    0000000a     driverlib.a : dl_common.o (.text.DL_Common_delayCycles)
                  00000c6e    00000002     --HOLE-- [fill = 0]
                  00000c70    00000008     libclang_rt.builtins.a : aeabi_memcpy.S.obj (.text.__aeabi_memcpy)
                  00000c78    00000006     libc.a : exit.c.obj (.text:abort)
                  00000c7e    00000004     startup_mspm0g350x_ticlang.o (.text.Default_Handler)
                  00000c82    00000004     libsysbm.a : hostexit.c.obj (.text.HOSTexit)
                  00000c86    00000004     startup_mspm0g350x_ticlang.o (.text.Reset_Handler)
                  00000c8a    00000004     libc.a : pre_init.c.obj (.text._system_pre_init)
                  00000c8e    00000002     --HOLE-- [fill = 0]

.cinit     0    00000ca8    00000030     
                  00000ca8    0000000c     (__TI_handler_table)
                  00000cb4    00000009     (.cinit..data.load) [load image, compression = lzss]
                  00000cbd    00000003     --HOLE-- [fill = 0]
                  00000cc0    00000008     (.cinit..bss.load) [load image, compression = zero_init]
                  00000cc8    00000010     (__TI_cinit_table)

.rodata    0    00000c90    00000018     
                  00000c90    0000000a     ti_msp_dl_config.o (.rodata.gUART_0Config)
                  00000c9a    0000000a     ti_msp_dl_config.o (.rodata.gUART_3Config)
                  00000ca4    00000002     ti_msp_dl_config.o (.rodata.gUART_0ClockConfig)
                  00000ca6    00000002     ti_msp_dl_config.o (.rodata.gUART_3ClockConfig)

.init_array 
*          0    00000000    00000000     UNINITIALIZED

.binit     0    00000000    00000000     

.data      0    20200000    00000428     UNINITIALIZED
                  20200000    00000100     usart.o (.data.usart0_str)
                  20200100    00000100     usart.o (.data.usart1_str)
                  20200200    00000100     usart.o (.data.usart2_str)
                  20200300    00000100     usart.o (.data.usart3_str)
                  20200400    00000004     delay.o (.data.systicks)
                  20200404    00000004     usart.o (.data.usart0_str_index)
                  20200408    00000004     usart.o (.data.usart0_str_received)
                  2020040c    00000004     usart.o (.data.usart1_str_index)
                  20200410    00000004     usart.o (.data.usart1_str_received)
                  20200414    00000004     usart.o (.data.usart2_str_index)
                  20200418    00000004     usart.o (.data.usart2_str_received)
                  2020041c    00000004     usart.o (.data.usart3_str_index)
                  20200420    00000004     usart.o (.data.usart3_str_received)
                  20200424    00000001     usart.o (.data.usart0_ch)
                  20200425    00000001     usart.o (.data.usart1_ch)
                  20200426    00000001     usart.o (.data.usart2_ch)
                  20200427    00000001     usart.o (.data.usart3_ch)

.bss       0    20200428    00000030     UNINITIALIZED
                  20200428    00000030     (.common:gUART_3Backup)

.stack     0    20207e00    00000200     UNINITIALIZED
                  20207e00    00000004     libc.a : boot_cortex_m.c.obj (.stack)
                  20207e04    000001fc     --HOLE--

__llvm_prf_cnts 
*          0    20200000    00000000     UNINITIALIZED

__llvm_prf_bits 
*          0    20200000    00000000     UNINITIALIZED

MODULE SUMMARY

       Module                         code   ro data   rw data
       ------                         ----   -------   -------
    .\
       ti_msp_dl_config.o             1262   24        48     
       startup_mspm0g350x_ticlang.o   8      192       0      
       main.o                         68     0         0      
    +--+------------------------------+------+---------+---------+
       Total:                         1338   216       48     
                                                              
    .\lib\delay\
       delay.o                        16     0         4      
    +--+------------------------------+------+---------+---------+
       Total:                         16     0         4      
                                                              
    .\lib\usart\
       usart.o                        1226   0         1060   
    +--+------------------------------+------+---------+---------+
       Total:                         1226   0         1060   
                                                              
    C:/TI/mspm0_sdk_2_04_00_06/source/ti/driverlib/lib/ticlang/m0p/mspm0g1x0x_g3x0x/driverlib.a
       dl_uart.o                      90     0         0      
       dl_common.o                    10     0         0      
    +--+------------------------------+------+---------+---------+
       Total:                         100    0         0      
                                                              
    D:\CCS\ccs\tools\compiler\ti-cgt-armllvm_4.0.2.LTS\lib\armv6m-ti-none-eabi/c/libc.a
       copy_decompress_lzss.c.obj     124    0         0      
       autoinit.c.obj                 60     0         0      
       boot_cortex_m.c.obj            40     0         0      
       copy_zero_init.c.obj           22     0         0      
       copy_decompress_none.c.obj     18     0         0      
       memcpy16.S.obj                 18     0         0      
       memset16.S.obj                 14     0         0      
       exit.c.obj                     6      0         0      
       pre_init.c.obj                 4      0         0      
    +--+------------------------------+------+---------+---------+
       Total:                         306    0         0      
                                                              
    D:\CCS\ccs\tools\compiler\ti-cgt-armllvm_4.0.2.LTS\lib\armv6m-ti-none-eabi/c/libsysbm.a
       hostexit.c.obj                 4      0         0      
    +--+------------------------------+------+---------+---------+
       Total:                         4      0         0      
                                                              
    D:\CCS\ccs\tools\compiler\ti-cgt-armllvm_4.0.2.LTS\lib\armv6m-ti-none-eabi/libclang_rt.builtins.a
       aeabi_memset.S.obj             12     0         0      
       aeabi_memcpy.S.obj             8      0         0      
    +--+------------------------------+------+---------+---------+
       Total:                         20     0         0      
                                                              
       Stack:                         0      0         512    
       Linker Generated:              0      45        0      
    +--+------------------------------+------+---------+---------+
       Grand Total:                   3010   261       1624   


LINKER GENERATED COPY TABLES

__TI_cinit_table @ 00000cc8 records: 2, size/record: 8, table size: 16
	.data: load addr=00000cb4, load size=00000009 bytes, run addr=20200000, run size=00000428 bytes, compression=lzss
	.bss: load addr=00000cc0, load size=00000008 bytes, run addr=20200428, run size=00000030 bytes, compression=zero_init


LINKER GENERATED HANDLER TABLE

__TI_handler_table @ 00000ca8 records: 3, size/record: 4, table size: 12
	index: 0, handler: __TI_decompress_lzss
	index: 1, handler: __TI_decompress_none
	index: 2, handler: __TI_zero_init


GLOBAL SYMBOLS: SORTED ALPHABETICALLY BY Name 

address   name                          
-------   ----                          
00000c7f  ADC0_IRQHandler               
00000c7f  ADC1_IRQHandler               
00000c7f  AES_IRQHandler                
00000c82  C$$EXIT                       
00000c7f  CANFD0_IRQHandler             
00000c7f  DAC0_IRQHandler               
00000c65  DL_Common_delayCycles         
000006e1  DL_UART_init                  
00000be7  DL_UART_setClockConfig        
00000c7f  DMA_IRQHandler                
00000c7f  Default_Handler               
00000c7f  GROUP0_IRQHandler             
00000c7f  GROUP1_IRQHandler             
00000c83  HOSTexit                      
00000c7f  HardFault_Handler             
00000c7f  I2C0_IRQHandler               
00000c7f  I2C1_IRQHandler               
00000c7f  NMI_Handler                   
00000c7f  PendSV_Handler                
00000c7f  RTC_IRQHandler                
00000c87  Reset_Handler                 
00000c7f  SPI0_IRQHandler               
00000c7f  SPI1_IRQHandler               
00000c7f  SVC_Handler                   
00000695  SYSCFG_DL_GPIO_init           
000009b1  SYSCFG_DL_SYSCTL_init         
00000c4b  SYSCFG_DL_SYSTICK_init        
00000729  SYSCFG_DL_UART_0_init         
00000541  SYSCFG_DL_UART_3_init         
00000961  SYSCFG_DL_init                
000005a1  SYSCFG_DL_initPower           
00000c2d  SysTick_Handler               
00000c7f  TIMA0_IRQHandler              
00000c7f  TIMA1_IRQHandler              
00000c7f  TIMG0_IRQHandler              
00000c7f  TIMG12_IRQHandler             
00000c7f  TIMG6_IRQHandler              
00000c7f  TIMG7_IRQHandler              
00000c7f  TIMG8_IRQHandler              
00000bf9  TI_memcpy_small               
00000c3d  TI_memset_small               
00000381  UART0_IRQHandler              
000003f1  UART1_IRQHandler              
00000461  UART2_IRQHandler              
000004d1  UART3_IRQHandler              
00000831  USART_Init                    
000000c1  USART_ReceieveString          
00000863  USART_SendChar                
000007b5  USART_SendString              
20208000  __STACK_END                   
00000200  __STACK_SIZE                  
00000000  __TI_ATRegion0_region_sz      
00000000  __TI_ATRegion0_src_addr       
00000000  __TI_ATRegion0_trg_addr       
00000000  __TI_ATRegion1_region_sz      
00000000  __TI_ATRegion1_src_addr       
00000000  __TI_ATRegion1_trg_addr       
00000000  __TI_ATRegion2_region_sz      
00000000  __TI_ATRegion2_src_addr       
00000000  __TI_ATRegion2_trg_addr       
00000cc8  __TI_CINIT_Base               
00000cd8  __TI_CINIT_Limit              
00000cd8  __TI_CINIT_Warm               
00000ca8  __TI_Handler_Table_Base       
00000cb4  __TI_Handler_Table_Limit      
000007f5  __TI_auto_init_nobinit_nopinit
00000305  __TI_decompress_lzss          
00000c0b  __TI_decompress_none          
ffffffff  __TI_pprof_out_hndl           
ffffffff  __TI_prof_data_size           
ffffffff  __TI_prof_data_start          
00000000  __TI_static_base__            
00000b6d  __TI_zero_init_nomemset       
00000c59  __aeabi_memclr                
00000c59  __aeabi_memclr4               
00000c59  __aeabi_memclr8               
00000c71  __aeabi_memcpy                
00000c71  __aeabi_memcpy4               
00000c71  __aeabi_memcpy8               
ffffffff  __binit__                     
UNDEFED   __mpu_init                    
20207e00  __stack                       
20200000  __start___llvm_prf_bits       
20200000  __start___llvm_prf_cnts       
20200000  __stop___llvm_prf_bits        
20200000  __stop___llvm_prf_cnts        
00000989  _c_int00_noargs               
UNDEFED   _system_post_cinit            
00000c8b  _system_pre_init              
00000c79  abort                         
ffffffff  binit                         
20200428  gUART_3Backup                 
00000000  interruptVectors              
00000771  main                          
20200424  usart0_ch                     
20200000  usart0_str                    
20200404  usart0_str_index              
20200408  usart0_str_received           
20200425  usart1_ch                     
20200100  usart1_str                    
2020040c  usart1_str_index              
20200410  usart1_str_received           
20200426  usart2_ch                     
20200200  usart2_str                    
20200414  usart2_str_index              
20200418  usart2_str_received           
20200427  usart3_ch                     
20200300  usart3_str                    
2020041c  usart3_str_index              
20200420  usart3_str_received           


GLOBAL SYMBOLS: SORTED BY Symbol Address 

address   name                          
-------   ----                          
00000000  __TI_ATRegion0_region_sz      
00000000  __TI_ATRegion0_src_addr       
00000000  __TI_ATRegion0_trg_addr       
00000000  __TI_ATRegion1_region_sz      
00000000  __TI_ATRegion1_src_addr       
00000000  __TI_ATRegion1_trg_addr       
00000000  __TI_ATRegion2_region_sz      
00000000  __TI_ATRegion2_src_addr       
00000000  __TI_ATRegion2_trg_addr       
00000000  __TI_static_base__            
00000000  interruptVectors              
000000c1  USART_ReceieveString          
00000200  __STACK_SIZE                  
00000305  __TI_decompress_lzss          
00000381  UART0_IRQHandler              
000003f1  UART1_IRQHandler              
00000461  UART2_IRQHandler              
000004d1  UART3_IRQHandler              
00000541  SYSCFG_DL_UART_3_init         
000005a1  SYSCFG_DL_initPower           
00000695  SYSCFG_DL_GPIO_init           
000006e1  DL_UART_init                  
00000729  SYSCFG_DL_UART_0_init         
00000771  main                          
000007b5  USART_SendString              
000007f5  __TI_auto_init_nobinit_nopinit
00000831  USART_Init                    
00000863  USART_SendChar                
00000961  SYSCFG_DL_init                
00000989  _c_int00_noargs               
000009b1  SYSCFG_DL_SYSCTL_init         
00000b6d  __TI_zero_init_nomemset       
00000be7  DL_UART_setClockConfig        
00000bf9  TI_memcpy_small               
00000c0b  __TI_decompress_none          
00000c2d  SysTick_Handler               
00000c3d  TI_memset_small               
00000c4b  SYSCFG_DL_SYSTICK_init        
00000c59  __aeabi_memclr                
00000c59  __aeabi_memclr4               
00000c59  __aeabi_memclr8               
00000c65  DL_Common_delayCycles         
00000c71  __aeabi_memcpy                
00000c71  __aeabi_memcpy4               
00000c71  __aeabi_memcpy8               
00000c79  abort                         
00000c7f  ADC0_IRQHandler               
00000c7f  ADC1_IRQHandler               
00000c7f  AES_IRQHandler                
00000c7f  CANFD0_IRQHandler             
00000c7f  DAC0_IRQHandler               
00000c7f  DMA_IRQHandler                
00000c7f  Default_Handler               
00000c7f  GROUP0_IRQHandler             
00000c7f  GROUP1_IRQHandler             
00000c7f  HardFault_Handler             
00000c7f  I2C0_IRQHandler               
00000c7f  I2C1_IRQHandler               
00000c7f  NMI_Handler                   
00000c7f  PendSV_Handler                
00000c7f  RTC_IRQHandler                
00000c7f  SPI0_IRQHandler               
00000c7f  SPI1_IRQHandler               
00000c7f  SVC_Handler                   
00000c7f  TIMA0_IRQHandler              
00000c7f  TIMA1_IRQHandler              
00000c7f  TIMG0_IRQHandler              
00000c7f  TIMG12_IRQHandler             
00000c7f  TIMG6_IRQHandler              
00000c7f  TIMG7_IRQHandler              
00000c7f  TIMG8_IRQHandler              
00000c82  C$$EXIT                       
00000c83  HOSTexit                      
00000c87  Reset_Handler                 
00000c8b  _system_pre_init              
00000ca8  __TI_Handler_Table_Base       
00000cb4  __TI_Handler_Table_Limit      
00000cc8  __TI_CINIT_Base               
00000cd8  __TI_CINIT_Limit              
00000cd8  __TI_CINIT_Warm               
20200000  __start___llvm_prf_bits       
20200000  __start___llvm_prf_cnts       
20200000  __stop___llvm_prf_bits        
20200000  __stop___llvm_prf_cnts        
20200000  usart0_str                    
20200100  usart1_str                    
20200200  usart2_str                    
20200300  usart3_str                    
20200404  usart0_str_index              
20200408  usart0_str_received           
2020040c  usart1_str_index              
20200410  usart1_str_received           
20200414  usart2_str_index              
20200418  usart2_str_received           
2020041c  usart3_str_index              
20200420  usart3_str_received           
20200424  usart0_ch                     
20200425  usart1_ch                     
20200426  usart2_ch                     
20200427  usart3_ch                     
20200428  gUART_3Backup                 
20207e00  __stack                       
20208000  __STACK_END                   
ffffffff  __TI_pprof_out_hndl           
ffffffff  __TI_prof_data_size           
ffffffff  __TI_prof_data_start          
ffffffff  __binit__                     
ffffffff  binit                         
UNDEFED   __mpu_init                    
UNDEFED   _system_post_cinit            

[110 symbols]
