******************************************************************************
            TI ARM Clang Linker PC v4.0.2                      
******************************************************************************
>> Linked Wed May 28 15:55:59 2025

OUTPUT FILE NAME:   <usart.out>
ENTRY POINT SYMBOL: "_c_int00_noargs"  address: 000023d9


MEMORY CONFIGURATION

         name            origin    length      used     unused   attr    fill
----------------------  --------  ---------  --------  --------  ----  --------
  FLASH                 00000000   00020000  00002968  0001d698  R  X
  SRAM                  20200000   00008000  0000065c  000079a4  RW X
  BCR_CONFIG            41c00000   000000ff  00000000  000000ff  R   
  BSL_CONFIG            41c00100   00000080  00000000  00000080  R   


SEGMENT ALLOCATION MAP

run origin  load origin   length   init length attrs members
----------  ----------- ---------- ----------- ----- -------
00000000    00000000    000027e8   000027e8    r-x
  00000000    00000000    000000c0   000000c0    r-- .intvecs
  000000c0    000000c0    00002728   00002728    r-x .text
000027f0    000027f0    00000180   00000180    r--
  000027f0    000027f0    00000150   00000150    r-- .rodata
  00002940    00002940    00000030   00000030    r-- .cinit
20200000    20200000    0000045c   00000000    rw-
  20200000    20200000    0000042c   00000000    rw- .data
  2020042c    2020042c    00000030   00000000    rw- .bss
20207e00    20207e00    00000200   00000000    rw-
  20207e00    20207e00    00000200   00000000    rw- .stack


SECTION ALLOCATION MAP

 output                                  attributes/
section   page    origin      length       input sections
--------  ----  ----------  ----------   ----------------
.intvecs   0    00000000    000000c0     
                  00000000    000000c0     startup_mspm0g350x_ticlang.o (.intvecs)

.text      0    000000c0    00002728     
                  000000c0    000009d0     libc.a : _printfi.c.obj (.text:__TI_printfi)
                  00000a90    00000220            : _printfi.c.obj (.text._pconv_a)
                  00000cb0    000001dc            : _printfi.c.obj (.text._pconv_g)
                  00000e8c    000001c0     usart.o (.text.USART_ReceieveString)
                  0000104c    00000192     libclang_rt.builtins.a : adddf3.S.obj (.text.adddf3_subdf3)
                  000011de    00000002                            : aeabi_div0.c.obj (.text.__aeabi_idiv0)
                  000011e0    0000013c     libc.a : _printfi.c.obj (.text.fcvt)
                  0000131c    00000120            : _printfi.c.obj (.text._pconv_e)
                  0000143c    0000010c     libclang_rt.builtins.a : divdf3.S.obj (.text.__divdf3)
                  00001548    000000e4                            : muldf3.S.obj (.text.__muldf3)
                  0000162c    000000d8     libc.a : s_scalbn.c.obj (.text.scalbn)
                  00001704    000000a2     libclang_rt.builtins.a : udivmoddi4.S.obj (.text)
                  000017a6    00000002                            : aeabi_div0.c.obj (.text.__aeabi_ldiv0)
                  000017a8    00000084     ti_msp_dl_config.o (.text.__NVIC_SetPriority)
                  0000182c    0000007c     libc.a : copy_decompress_lzss.c.obj (.text:decompress:lzss)
                  000018a8    00000074     libclang_rt.builtins.a : comparedf2.c.obj (.text.__gedf2)
                  0000191c    00000070     usart.o (.text.UART0_IRQHandler)
                  0000198c    00000070     usart.o (.text.UART1_IRQHandler)
                  000019fc    00000070     usart.o (.text.UART2_IRQHandler)
                  00001a6c    00000070     usart.o (.text.UART3_IRQHandler)
                  00001adc    00000068     libclang_rt.builtins.a : comparedf2.c.obj (.text.__ledf2)
                  00001b44    00000066     libc.a : _printfi.c.obj (.text._mcpy)
                  00001baa    00000002     --HOLE-- [fill = 0]
                  00001bac    00000062     libclang_rt.builtins.a : aeabi_dcmp.S.obj (.text.__aeabi_dcmp)
                  00001c0e    00000002     --HOLE-- [fill = 0]
                  00001c10    00000060     ti_msp_dl_config.o (.text.SYSCFG_DL_UART_3_init)
                  00001c70    0000005c     libc.a : s_frexp.c.obj (.text.frexp)
                  00001ccc    00000058     ti_msp_dl_config.o (.text.SYSCFG_DL_initPower)
                  00001d24    00000058     libc.a : _ltoa.c.obj (.text.__TI_ltoa)
                  00001d7c    00000058            : _printfi.c.obj (.text._pconv_f)
                  00001dd4    00000056     libclang_rt.builtins.a : aeabi_idivmod.S.obj (.text.__aeabi_idivmod)
                  00001e2a    00000052     libc.a : _printfi.c.obj (.text._ecpy)
                  00001e7c    00000050     ti_msp_dl_config.o (.text.SysTick_Config)
                  00001ecc    00000050     main.o (.text.main)
                  00001f1c    0000004c     ti_msp_dl_config.o (.text.DL_UART_setBaudRateDivisor)
                  00001f68    0000004c     ti_msp_dl_config.o (.text.SYSCFG_DL_GPIO_init)
                  00001fb4    0000004a     libclang_rt.builtins.a : fixdfsi.S.obj (.text.__fixdfsi)
                  00001ffe    00000002     --HOLE-- [fill = 0]
                  00002000    00000048     driverlib.a : dl_uart.o (.text.DL_UART_init)
                  00002048    00000048     ti_msp_dl_config.o (.text.SYSCFG_DL_UART_0_init)
                  00002090    00000040     usart.o (.text.USART_SendString)
                  000020d0    00000040     libclang_rt.builtins.a : aeabi_uidivmod.S.obj (.text.__aeabi_uidivmod)
                  00002110    00000040     libc.a : atoi.c.obj (.text.atoi)
                  00002150    0000003c            : autoinit.c.obj (.text:__TI_auto_init_nobinit_nopinit)
                  0000218c    0000003a     libclang_rt.builtins.a : muldsi3.S.obj (.text.__muldsi3)
                  000021c6    00000032     usart.o (.text.USART_Init)
                  000021f8    00000032     usart.o (.text.USART_Printf)
                  0000222a    00000030     libc.a : _printfi.c.obj (.text._fcpy)
                  0000225a    0000002c     usart.o (.text.USART_SendChar)
                  00002286    00000002     --HOLE-- [fill = 0]
                  00002288    0000002c     usart.o (.text.__NVIC_ClearPendingIRQ)
                  000022b4    0000002c     usart.o (.text.__NVIC_EnableIRQ)
                  000022e0    0000002c     libclang_rt.builtins.a : floatsidf.S.obj (.text.__floatsidf)
                  0000230c    0000002c     libc.a : vsprintf.c.obj (.text.vsprintf)
                  00002338    00000028     ti_msp_dl_config.o (.text.DL_Common_updateReg)
                  00002360    00000028     ti_msp_dl_config.o (.text.DL_UART_setRXFIFOThreshold)
                  00002388    00000028     ti_msp_dl_config.o (.text.DL_UART_setTXFIFOThreshold)
                  000023b0    00000028     ti_msp_dl_config.o (.text.SYSCFG_DL_init)
                  000023d8    00000028     libc.a : boot_cortex_m.c.obj (.text:_c_int00_noargs)
                  00002400    00000024     libclang_rt.builtins.a : muldi3.S.obj (.text.__muldi3)
                  00002424    00000022     ti_msp_dl_config.o (.text.SYSCFG_DL_SYSCTL_init)
                  00002446    00000022     libc.a : memccpy.c.obj (.text.memccpy)
                  00002468    00000020     ti_msp_dl_config.o (.text.DL_GPIO_initPeripheralInputFunction)
                  00002488    0000001e     ti_msp_dl_config.o (.text.DL_UART_setOversampling)
                  000024a6    00000002     --HOLE-- [fill = 0]
                  000024a8    0000001e     libclang_rt.builtins.a : ashldi3.S.obj (.text.__ashldi3)
                  000024c6    00000002     --HOLE-- [fill = 0]
                  000024c8    0000001c     ti_msp_dl_config.o (.text.DL_GPIO_initPeripheralOutputFunction)
                  000024e4    0000001c     ti_msp_dl_config.o (.text.DL_SYSCTL_setSYSOSCFreq)
                  00002500    0000001c     ti_msp_dl_config.o (.text.DL_UART_enableInterrupt)
                  0000251c    00000018     ti_msp_dl_config.o (.text.DL_GPIO_enableOutput)
                  00002534    00000018     ti_msp_dl_config.o (.text.DL_GPIO_enablePower)
                  0000254c    00000018     ti_msp_dl_config.o (.text.DL_GPIO_initDigitalOutput)
                  00002564    00000018     ti_msp_dl_config.o (.text.DL_GPIO_reset)
                  0000257c    00000018     ti_msp_dl_config.o (.text.DL_SYSCTL_setBORThreshold)
                  00002594    00000018     ti_msp_dl_config.o (.text.DL_UART_enableFIFOs)
                  000025ac    00000018     ti_msp_dl_config.o (.text.DL_UART_enablePower)
                  000025c4    00000018     usart.o (.text.DL_UART_isBusy)
                  000025dc    00000018     ti_msp_dl_config.o (.text.DL_UART_reset)
                  000025f4    00000018     libc.a : vsprintf.c.obj (.text._outs)
                  0000260c    00000016     ti_msp_dl_config.o (.text.DL_UART_enable)
                  00002622    00000016     usart.o (.text.DL_UART_transmitData)
                  00002638    00000016     libc.a : copy_zero_init.c.obj (.text:decompress:ZI:__TI_zero_init_nomemset)
                  0000264e    00000014     ti_msp_dl_config.o (.text.DL_GPIO_clearPins)
                  00002662    00000002     --HOLE-- [fill = 0]
                  00002664    00000014     ti_msp_dl_config.o (.text.DL_SYSCTL_disableSYSPLL)
                  00002678    00000014     ti_msp_dl_config.o (.text.DL_SYSCTL_enableMFCLK)
                  0000268c    00000014     usart.o (.text.DL_UART_receiveData)
                  000026a0    00000014     libclang_rt.builtins.a : aeabi_uldivmod.S.obj (.text.__aeabi_uldivmod)
                  000026b4    00000014     libc.a : _printfi.c.obj (.text.strchr)
                  000026c8    00000012     usart.o (.text.DL_UART_getPendingInterrupt)
                  000026da    00000012     driverlib.a : dl_uart.o (.text.DL_UART_setClockConfig)
                  000026ec    00000012     libc.a : memcpy16.S.obj (.text:TI_memcpy_small)
                  000026fe    00000012            : copy_decompress_none.c.obj (.text:decompress:none)
                  00002710    00000010     ti_msp_dl_config.o (.text.DL_SYSCTL_disableHFXT)
                  00002720    00000010     delay.o (.text.SysTick_Handler)
                  00002730    00000010     libc.a : wcslen.c.obj (.text.wcslen)
                  00002740    0000000e     libclang_rt.builtins.a : aeabi_memset.S.obj (.text.__aeabi_memset)
                  0000274e    0000000e     libc.a : _printfi.c.obj (.text.strlen)
                  0000275c    0000000e            : memset16.S.obj (.text:TI_memset_small)
                  0000276a    0000000c     ti_msp_dl_config.o (.text.SYSCFG_DL_SYSTICK_init)
                  00002776    00000002     --HOLE-- [fill = 0]
                  00002778    0000000c     libclang_rt.builtins.a : aeabi_memset.S.obj (.text.__aeabi_memclr)
                  00002784    0000000a     driverlib.a : dl_common.o (.text.DL_Common_delayCycles)
                  0000278e    0000000a     libc.a : _printfi.c.obj (.text.OUTLINED_FUNCTION_0)
                  00002798    00000010     libclang_rt.builtins.a : adddf3.S.obj (.tramp.__aeabi_dsub.1)
                  000027a8    0000000a     libc.a : _printfi.c.obj (.text.OUTLINED_FUNCTION_1)
                  000027b2    0000000a            : vsprintf.c.obj (.text._outc)
                  000027bc    00000008            : aeabi_portable.c.obj (.text.__aeabi_errno_addr)
                  000027c4    00000008     libclang_rt.builtins.a : aeabi_memcpy.S.obj (.text.__aeabi_memcpy)
                  000027cc    00000006     libc.a : exit.c.obj (.text:abort)
                  000027d2    00000004     startup_mspm0g350x_ticlang.o (.text.Default_Handler)
                  000027d6    00000004     libsysbm.a : hostexit.c.obj (.text.HOSTexit)
                  000027da    00000004     startup_mspm0g350x_ticlang.o (.text.Reset_Handler)
                  000027de    00000004     libc.a : pre_init.c.obj (.text._system_pre_init)
                  000027e2    00000006     --HOLE-- [fill = 0]

.cinit     0    00002940    00000030     
                  00002940    0000000c     (__TI_handler_table)
                  0000294c    00000009     (.cinit..data.load) [load image, compression = lzss]
                  00002955    00000003     --HOLE-- [fill = 0]
                  00002958    00000008     (.cinit..bss.load) [load image, compression = zero_init]
                  00002960    00000010     (__TI_cinit_table)

.rodata    0    000027f0    00000150     
                  000027f0    00000101     libc.a : aeabi_ctype.S.obj (.rodata:__aeabi_ctype_table_)
                  000028f1    00000011            : _printfi.c.obj (.rodata.str1.10348868589481759720.1)
                  00002902    00000011            : _printfi.c.obj (.rodata.str1.15363888844622738466.1)
                  00002913    00000001     --HOLE-- [fill = 0]
                  00002914    0000000a     ti_msp_dl_config.o (.rodata.gUART_0Config)
                  0000291e    0000000a     ti_msp_dl_config.o (.rodata.gUART_3Config)
                  00002928    00000006     main.o (.rodata.str1.15159059442110792349.1)
                  0000292e    00000002     ti_msp_dl_config.o (.rodata.gUART_0ClockConfig)
                  00002930    00000002     ti_msp_dl_config.o (.rodata.gUART_3ClockConfig)
                  00002932    0000000e     --HOLE-- [fill = 0]

.init_array 
*          0    00000000    00000000     UNINITIALIZED

.binit     0    00000000    00000000     

.data      0    20200000    0000042c     UNINITIALIZED
                  20200000    00000100     usart.o (.data.usart0_str)
                  20200100    00000100     usart.o (.data.usart1_str)
                  20200200    00000100     usart.o (.data.usart2_str)
                  20200300    00000100     usart.o (.data.usart3_str)
                  20200400    00000004     libc.a : aeabi_portable.c.obj (.data.__aeabi_errno)
                  20200404    00000004     delay.o (.data.systicks)
                  20200408    00000004     usart.o (.data.usart0_str_index)
                  2020040c    00000004     usart.o (.data.usart0_str_received)
                  20200410    00000004     usart.o (.data.usart1_str_index)
                  20200414    00000004     usart.o (.data.usart1_str_received)
                  20200418    00000004     usart.o (.data.usart2_str_index)
                  2020041c    00000004     usart.o (.data.usart2_str_received)
                  20200420    00000004     usart.o (.data.usart3_str_index)
                  20200424    00000004     usart.o (.data.usart3_str_received)
                  20200428    00000001     usart.o (.data.usart0_ch)
                  20200429    00000001     usart.o (.data.usart1_ch)
                  2020042a    00000001     usart.o (.data.usart2_ch)
                  2020042b    00000001     usart.o (.data.usart3_ch)

.bss       0    2020042c    00000030     UNINITIALIZED
                  2020042c    00000030     (.common:gUART_3Backup)

.stack     0    20207e00    00000200     UNINITIALIZED
                  20207e00    00000004     libc.a : boot_cortex_m.c.obj (.stack)
                  20207e04    000001fc     --HOLE--

__llvm_prf_cnts 
*          0    20200000    00000000     UNINITIALIZED

__llvm_prf_bits 
*          0    20200000    00000000     UNINITIALIZED

MODULE SUMMARY

       Module                         code    ro data   rw data
       ------                         ----    -------   -------
    .\
       ti_msp_dl_config.o             1262    24        48     
       startup_mspm0g350x_ticlang.o   8       192       0      
       main.o                         80      6         0      
    +--+------------------------------+-------+---------+---------+
       Total:                         1350    222       48     
                                                               
    .\lib\delay\
       delay.o                        16      0         4      
    +--+------------------------------+-------+---------+---------+
       Total:                         16      0         4      
                                                               
    .\lib\usart\
       usart.o                        1276    0         1060   
    +--+------------------------------+-------+---------+---------+
       Total:                         1276    0         1060   
                                                               
    C:/TI/mspm0_sdk_2_04_00_06/source/ti/driverlib/lib/ticlang/m0p/mspm0g1x0x_g3x0x/driverlib.a
       dl_uart.o                      90      0         0      
       dl_common.o                    10      0         0      
    +--+------------------------------+-------+---------+---------+
       Total:                         100     0         0      
                                                               
    D:\CCS\ccs\tools\compiler\ti-cgt-armllvm_4.0.2.LTS\lib\armv6m-ti-none-eabi/c/libc.a
       _printfi.c.obj                 4510    34        0      
       aeabi_ctype.S.obj              0       257       0      
       s_scalbn.c.obj                 216     0         0      
       copy_decompress_lzss.c.obj     124     0         0      
       s_frexp.c.obj                  92      0         0      
       _ltoa.c.obj                    88      0         0      
       vsprintf.c.obj                 78      0         0      
       atoi.c.obj                     64      0         0      
       autoinit.c.obj                 60      0         0      
       boot_cortex_m.c.obj            40      0         0      
       memccpy.c.obj                  34      0         0      
       copy_zero_init.c.obj           22      0         0      
       copy_decompress_none.c.obj     18      0         0      
       memcpy16.S.obj                 18      0         0      
       wcslen.c.obj                   16      0         0      
       memset16.S.obj                 14      0         0      
       aeabi_portable.c.obj           8       0         4      
       exit.c.obj                     6       0         0      
       pre_init.c.obj                 4       0         0      
    +--+------------------------------+-------+---------+---------+
       Total:                         5412    291       4      
                                                               
    D:\CCS\ccs\tools\compiler\ti-cgt-armllvm_4.0.2.LTS\lib\armv6m-ti-none-eabi/c/libsysbm.a
       hostexit.c.obj                 4       0         0      
    +--+------------------------------+-------+---------+---------+
       Total:                         4       0         0      
                                                               
    D:\CCS\ccs\tools\compiler\ti-cgt-armllvm_4.0.2.LTS\lib\armv6m-ti-none-eabi/libclang_rt.builtins.a
       adddf3.S.obj                   418     0         0      
       divdf3.S.obj                   268     0         0      
       muldf3.S.obj                   228     0         0      
       comparedf2.c.obj               220     0         0      
       udivmoddi4.S.obj               162     0         0      
       aeabi_dcmp.S.obj               98      0         0      
       aeabi_idivmod.S.obj            86      0         0      
       fixdfsi.S.obj                  74      0         0      
       aeabi_uidivmod.S.obj           64      0         0      
       muldsi3.S.obj                  58      0         0      
       floatsidf.S.obj                44      0         0      
       muldi3.S.obj                   36      0         0      
       ashldi3.S.obj                  30      0         0      
       aeabi_memset.S.obj             26      0         0      
       aeabi_uldivmod.S.obj           20      0         0      
       aeabi_memcpy.S.obj             8       0         0      
       aeabi_div0.c.obj               4       0         0      
    +--+------------------------------+-------+---------+---------+
       Total:                         1844    0         0      
                                                               
       Stack:                         0       0         512    
       Linker Generated:              0       45        0      
    +--+------------------------------+-------+---------+---------+
       Grand Total:                   10002   558       1628   


LINKER GENERATED COPY TABLES

__TI_cinit_table @ 00002960 records: 2, size/record: 8, table size: 16
	.data: load addr=0000294c, load size=00000009 bytes, run addr=20200000, run size=0000042c bytes, compression=lzss
	.bss: load addr=00002958, load size=00000008 bytes, run addr=2020042c, run size=00000030 bytes, compression=zero_init


LINKER GENERATED HANDLER TABLE

__TI_handler_table @ 00002940 records: 3, size/record: 4, table size: 12
	index: 0, handler: __TI_decompress_lzss
	index: 1, handler: __TI_decompress_none
	index: 2, handler: __TI_zero_init


FAR CALL TRAMPOLINES

callee name               trampoline name
   callee addr  tramp addr   call addr  call info
--------------  -----------  ---------  ----------------
__aeabi_dsub              $Tramp$TT$L$PI$$__aeabi_dsub
   0000104d     00002798     00002796   libc.a : _printfi.c.obj (.text.OUTLINED_FUNCTION_0)

[1 trampolines]
[1 trampoline calls]


GLOBAL SYMBOLS: SORTED ALPHABETICALLY BY Name 

address   name                          
-------   ----                          
000027d3  ADC0_IRQHandler               
000027d3  ADC1_IRQHandler               
000027d3  AES_IRQHandler                
000027d6  C$$EXIT                       
000027d3  CANFD0_IRQHandler             
000027d3  DAC0_IRQHandler               
00002785  DL_Common_delayCycles         
00002001  DL_UART_init                  
000026db  DL_UART_setClockConfig        
000027d3  DMA_IRQHandler                
000027d3  Default_Handler               
000027d3  GROUP0_IRQHandler             
000027d3  GROUP1_IRQHandler             
000027d7  HOSTexit                      
000027d3  HardFault_Handler             
000027d3  I2C0_IRQHandler               
000027d3  I2C1_IRQHandler               
000027d3  NMI_Handler                   
000027d3  PendSV_Handler                
000027d3  RTC_IRQHandler                
000027db  Reset_Handler                 
000027d3  SPI0_IRQHandler               
000027d3  SPI1_IRQHandler               
000027d3  SVC_Handler                   
00001f69  SYSCFG_DL_GPIO_init           
00002425  SYSCFG_DL_SYSCTL_init         
0000276b  SYSCFG_DL_SYSTICK_init        
00002049  SYSCFG_DL_UART_0_init         
00001c11  SYSCFG_DL_UART_3_init         
000023b1  SYSCFG_DL_init                
00001ccd  SYSCFG_DL_initPower           
00002721  SysTick_Handler               
000027d3  TIMA0_IRQHandler              
000027d3  TIMA1_IRQHandler              
000027d3  TIMG0_IRQHandler              
000027d3  TIMG12_IRQHandler             
000027d3  TIMG6_IRQHandler              
000027d3  TIMG7_IRQHandler              
000027d3  TIMG8_IRQHandler              
000026ed  TI_memcpy_small               
0000275d  TI_memset_small               
0000191d  UART0_IRQHandler              
0000198d  UART1_IRQHandler              
000019fd  UART2_IRQHandler              
00001a6d  UART3_IRQHandler              
000021c7  USART_Init                    
000021f9  USART_Printf                  
00000e8d  USART_ReceieveString          
0000225b  USART_SendChar                
00002091  USART_SendString              
20208000  __STACK_END                   
00000200  __STACK_SIZE                  
00000000  __TI_ATRegion0_region_sz      
00000000  __TI_ATRegion0_src_addr       
00000000  __TI_ATRegion0_trg_addr       
00000000  __TI_ATRegion1_region_sz      
00000000  __TI_ATRegion1_src_addr       
00000000  __TI_ATRegion1_trg_addr       
00000000  __TI_ATRegion2_region_sz      
00000000  __TI_ATRegion2_src_addr       
00000000  __TI_ATRegion2_trg_addr       
00002960  __TI_CINIT_Base               
00002970  __TI_CINIT_Limit              
00002970  __TI_CINIT_Warm               
00002940  __TI_Handler_Table_Base       
0000294c  __TI_Handler_Table_Limit      
00002151  __TI_auto_init_nobinit_nopinit
0000182d  __TI_decompress_lzss          
000026ff  __TI_decompress_none          
00001d25  __TI_ltoa                     
ffffffff  __TI_pprof_out_hndl           
000000c1  __TI_printfi                  
ffffffff  __TI_prof_data_size           
ffffffff  __TI_prof_data_start          
00000000  __TI_static_base__            
00002639  __TI_zero_init_nomemset       
00001057  __adddf3                      
000027f0  __aeabi_ctype_table_          
000027f0  __aeabi_ctype_table_C         
00001fb5  __aeabi_d2iz                  
00001057  __aeabi_dadd                  
00001bad  __aeabi_dcmpeq                
00001be9  __aeabi_dcmpge                
00001bfd  __aeabi_dcmpgt                
00001bd5  __aeabi_dcmple                
00001bc1  __aeabi_dcmplt                
0000143d  __aeabi_ddiv                  
00001549  __aeabi_dmul                  
0000104d  __aeabi_dsub                  
20200400  __aeabi_errno                 
000027bd  __aeabi_errno_addr            
000022e1  __aeabi_i2d                   
00001dd5  __aeabi_idiv                  
000011df  __aeabi_idiv0                 
00001dd5  __aeabi_idivmod               
000017a7  __aeabi_ldiv0                 
000024a9  __aeabi_llsl                  
00002401  __aeabi_lmul                  
00002779  __aeabi_memclr                
00002779  __aeabi_memclr4               
00002779  __aeabi_memclr8               
000027c5  __aeabi_memcpy                
000027c5  __aeabi_memcpy4               
000027c5  __aeabi_memcpy8               
00002741  __aeabi_memset                
00002741  __aeabi_memset4               
00002741  __aeabi_memset8               
000020d1  __aeabi_uidiv                 
000020d1  __aeabi_uidivmod              
000026a1  __aeabi_uldivmod              
000024a9  __ashldi3                     
ffffffff  __binit__                     
00001add  __cmpdf2                      
0000143d  __divdf3                      
00001add  __eqdf2                       
00001fb5  __fixdfsi                     
000022e1  __floatsidf                   
000018a9  __gedf2                       
000018a9  __gtdf2                       
00001add  __ledf2                       
00001add  __ltdf2                       
UNDEFED   __mpu_init                    
00001549  __muldf3                      
00002401  __muldi3                      
0000218d  __muldsi3                     
00001add  __nedf2                       
20207e00  __stack                       
20200000  __start___llvm_prf_bits       
20200000  __start___llvm_prf_cnts       
20200000  __stop___llvm_prf_bits        
20200000  __stop___llvm_prf_cnts        
0000104d  __subdf3                      
00001705  __udivmoddi4                  
000023d9  _c_int00_noargs               
UNDEFED   _system_post_cinit            
000027df  _system_pre_init              
000027cd  abort                         
00002111  atoi                          
ffffffff  binit                         
00001c71  frexp                         
00001c71  frexpl                        
2020042c  gUART_3Backup                 
00000000  interruptVectors              
0000162d  ldexp                         
0000162d  ldexpl                        
00001ecd  main                          
00002447  memccpy                       
0000162d  scalbn                        
0000162d  scalbnl                       
20200428  usart0_ch                     
20200000  usart0_str                    
20200408  usart0_str_index              
2020040c  usart0_str_received           
20200429  usart1_ch                     
20200100  usart1_str                    
20200410  usart1_str_index              
20200414  usart1_str_received           
2020042a  usart2_ch                     
20200200  usart2_str                    
20200418  usart2_str_index              
2020041c  usart2_str_received           
2020042b  usart3_ch                     
20200300  usart3_str                    
20200420  usart3_str_index              
20200424  usart3_str_received           
0000230d  vsprintf                      
00002731  wcslen                        


GLOBAL SYMBOLS: SORTED BY Symbol Address 

address   name                          
-------   ----                          
00000000  __TI_ATRegion0_region_sz      
00000000  __TI_ATRegion0_src_addr       
00000000  __TI_ATRegion0_trg_addr       
00000000  __TI_ATRegion1_region_sz      
00000000  __TI_ATRegion1_src_addr       
00000000  __TI_ATRegion1_trg_addr       
00000000  __TI_ATRegion2_region_sz      
00000000  __TI_ATRegion2_src_addr       
00000000  __TI_ATRegion2_trg_addr       
00000000  __TI_static_base__            
00000000  interruptVectors              
000000c1  __TI_printfi                  
00000200  __STACK_SIZE                  
00000e8d  USART_ReceieveString          
0000104d  __aeabi_dsub                  
0000104d  __subdf3                      
00001057  __adddf3                      
00001057  __aeabi_dadd                  
000011df  __aeabi_idiv0                 
0000143d  __aeabi_ddiv                  
0000143d  __divdf3                      
00001549  __aeabi_dmul                  
00001549  __muldf3                      
0000162d  ldexp                         
0000162d  ldexpl                        
0000162d  scalbn                        
0000162d  scalbnl                       
00001705  __udivmoddi4                  
000017a7  __aeabi_ldiv0                 
0000182d  __TI_decompress_lzss          
000018a9  __gedf2                       
000018a9  __gtdf2                       
0000191d  UART0_IRQHandler              
0000198d  UART1_IRQHandler              
000019fd  UART2_IRQHandler              
00001a6d  UART3_IRQHandler              
00001add  __cmpdf2                      
00001add  __eqdf2                       
00001add  __ledf2                       
00001add  __ltdf2                       
00001add  __nedf2                       
00001bad  __aeabi_dcmpeq                
00001bc1  __aeabi_dcmplt                
00001bd5  __aeabi_dcmple                
00001be9  __aeabi_dcmpge                
00001bfd  __aeabi_dcmpgt                
00001c11  SYSCFG_DL_UART_3_init         
00001c71  frexp                         
00001c71  frexpl                        
00001ccd  SYSCFG_DL_initPower           
00001d25  __TI_ltoa                     
00001dd5  __aeabi_idiv                  
00001dd5  __aeabi_idivmod               
00001ecd  main                          
00001f69  SYSCFG_DL_GPIO_init           
00001fb5  __aeabi_d2iz                  
00001fb5  __fixdfsi                     
00002001  DL_UART_init                  
00002049  SYSCFG_DL_UART_0_init         
00002091  USART_SendString              
000020d1  __aeabi_uidiv                 
000020d1  __aeabi_uidivmod              
00002111  atoi                          
00002151  __TI_auto_init_nobinit_nopinit
0000218d  __muldsi3                     
000021c7  USART_Init                    
000021f9  USART_Printf                  
0000225b  USART_SendChar                
000022e1  __aeabi_i2d                   
000022e1  __floatsidf                   
0000230d  vsprintf                      
000023b1  SYSCFG_DL_init                
000023d9  _c_int00_noargs               
00002401  __aeabi_lmul                  
00002401  __muldi3                      
00002425  SYSCFG_DL_SYSCTL_init         
00002447  memccpy                       
000024a9  __aeabi_llsl                  
000024a9  __ashldi3                     
00002639  __TI_zero_init_nomemset       
000026a1  __aeabi_uldivmod              
000026db  DL_UART_setClockConfig        
000026ed  TI_memcpy_small               
000026ff  __TI_decompress_none          
00002721  SysTick_Handler               
00002731  wcslen                        
00002741  __aeabi_memset                
00002741  __aeabi_memset4               
00002741  __aeabi_memset8               
0000275d  TI_memset_small               
0000276b  SYSCFG_DL_SYSTICK_init        
00002779  __aeabi_memclr                
00002779  __aeabi_memclr4               
00002779  __aeabi_memclr8               
00002785  DL_Common_delayCycles         
000027bd  __aeabi_errno_addr            
000027c5  __aeabi_memcpy                
000027c5  __aeabi_memcpy4               
000027c5  __aeabi_memcpy8               
000027cd  abort                         
000027d3  ADC0_IRQHandler               
000027d3  ADC1_IRQHandler               
000027d3  AES_IRQHandler                
000027d3  CANFD0_IRQHandler             
000027d3  DAC0_IRQHandler               
000027d3  DMA_IRQHandler                
000027d3  Default_Handler               
000027d3  GROUP0_IRQHandler             
000027d3  GROUP1_IRQHandler             
000027d3  HardFault_Handler             
000027d3  I2C0_IRQHandler               
000027d3  I2C1_IRQHandler               
000027d3  NMI_Handler                   
000027d3  PendSV_Handler                
000027d3  RTC_IRQHandler                
000027d3  SPI0_IRQHandler               
000027d3  SPI1_IRQHandler               
000027d3  SVC_Handler                   
000027d3  TIMA0_IRQHandler              
000027d3  TIMA1_IRQHandler              
000027d3  TIMG0_IRQHandler              
000027d3  TIMG12_IRQHandler             
000027d3  TIMG6_IRQHandler              
000027d3  TIMG7_IRQHandler              
000027d3  TIMG8_IRQHandler              
000027d6  C$$EXIT                       
000027d7  HOSTexit                      
000027db  Reset_Handler                 
000027df  _system_pre_init              
000027f0  __aeabi_ctype_table_          
000027f0  __aeabi_ctype_table_C         
00002940  __TI_Handler_Table_Base       
0000294c  __TI_Handler_Table_Limit      
00002960  __TI_CINIT_Base               
00002970  __TI_CINIT_Limit              
00002970  __TI_CINIT_Warm               
20200000  __start___llvm_prf_bits       
20200000  __start___llvm_prf_cnts       
20200000  __stop___llvm_prf_bits        
20200000  __stop___llvm_prf_cnts        
20200000  usart0_str                    
20200100  usart1_str                    
20200200  usart2_str                    
20200300  usart3_str                    
20200400  __aeabi_errno                 
20200408  usart0_str_index              
2020040c  usart0_str_received           
20200410  usart1_str_index              
20200414  usart1_str_received           
20200418  usart2_str_index              
2020041c  usart2_str_received           
20200420  usart3_str_index              
20200424  usart3_str_received           
20200428  usart0_ch                     
20200429  usart1_ch                     
2020042a  usart2_ch                     
2020042b  usart3_ch                     
2020042c  gUART_3Backup                 
20207e00  __stack                       
20208000  __STACK_END                   
ffffffff  __TI_pprof_out_hndl           
ffffffff  __TI_prof_data_size           
ffffffff  __TI_prof_data_start          
ffffffff  __binit__                     
ffffffff  binit                         
UNDEFED   __mpu_init                    
UNDEFED   _system_post_cinit            

[167 symbols]
