******************************************************************************
            TI ARM Clang Linker PC v4.0.2                      
******************************************************************************
>> Linked Mon May  5 10:02:27 2025

OUTPUT FILE NAME:   <I2C.out>
ENTRY POINT SYMBOL: "_c_int00_noargs"  address: 000003b1


MEMORY CONFIGURATION

         name            origin    length      used     unused   attr    fill
----------------------  --------  ---------  --------  --------  ----  --------
  FLASH                 00000000   00020000  00000470  0001fb90  R  X
  SRAM                  20200000   00008000  00000628  000079d8  RW X
  BCR_CONFIG            41c00000   000000ff  00000000  000000ff  R   
  BSL_CONFIG            41c00100   00000080  00000000  00000080  R   


SEGMENT ALLOCATION MAP

run origin  load origin   length   init length attrs members
----------  ----------- ---------- ----------- ----- -------
00000000    00000000    00000470   00000470    r-x
  00000000    00000000    000000c0   000000c0    r-- .intvecs
  000000c0    000000c0    00000390   00000390    r-x .text
  00000450    00000450    00000020   00000020    r-- .cinit
20200000    20200000    00000428   00000000    rw-
  20200000    20200000    00000428   00000000    rw- .data
20207e00    20207e00    00000200   00000000    rw-
  20207e00    20207e00    00000200   00000000    rw- .stack


SECTION ALLOCATION MAP

 output                                  attributes/
section   page    origin      length       input sections
--------  ----  ----------  ----------   ----------------
.intvecs   0    00000000    000000c0     
                  00000000    000000c0     startup_mspm0g350x_ticlang.o (.intvecs)

.text      0    000000c0    00000390     
                  000000c0    0000007c     libc.a : copy_decompress_lzss.c.obj (.text:decompress:lzss)
                  0000013c    0000005c     usart.o (.text.UART0_IRQHandler)
                  00000198    0000005c     usart.o (.text.UART1_IRQHandler)
                  000001f4    0000005c     usart.o (.text.UART2_IRQHandler)
                  00000250    0000005c     usart.o (.text.UART3_IRQHandler)
                  000002ac    00000040     ti_msp_dl_config.o (.text.SYSCFG_DL_SYSCTL_init)
                  000002ec    0000003c     libc.a : autoinit.c.obj (.text:__TI_auto_init_nobinit_nopinit)
                  00000328    00000030     ti_msp_dl_config.o (.text.SYSCFG_DL_SYSTICK_init)
                  00000358    0000002c     ti_msp_dl_config.o (.text.SYSCFG_DL_GPIO_init)
                  00000384    0000002c     ti_msp_dl_config.o (.text.SYSCFG_DL_initPower)
                  000003b0    00000028     libc.a : boot_cortex_m.c.obj (.text:_c_int00_noargs)
                  000003d8    00000014     ti_msp_dl_config.o (.text.SYSCFG_DL_init)
                  000003ec    00000012     libc.a : memcpy16.S.obj (.text:TI_memcpy_small)
                  000003fe    00000012            : copy_decompress_none.c.obj (.text:decompress:none)
                  00000410    00000010     delay.o (.text.SysTick_Handler)
                  00000420    0000000a     driverlib.a : dl_common.o (.text.DL_Common_delayCycles)
                  0000042a    00000002     startup_mspm0g350x_ticlang.o (.text.Default_Handler)
                  0000042c    00000008     libclang_rt.builtins.a : aeabi_memcpy.S.obj (.text.__aeabi_memcpy)
                  00000434    00000006     main.o (.text.main)
                  0000043a    00000006     libc.a : exit.c.obj (.text:abort)
                  00000440    00000004     libsysbm.a : hostexit.c.obj (.text.HOSTexit)
                  00000444    00000004     startup_mspm0g350x_ticlang.o (.text.Reset_Handler)
                  00000448    00000004     libc.a : pre_init.c.obj (.text._system_pre_init)
                  0000044c    00000004     --HOLE-- [fill = 0]

.cinit     0    00000450    00000020     
                  00000450    00000009     (.cinit..data.load) [load image, compression = lzss]
                  00000459    00000003     --HOLE-- [fill = 0]
                  0000045c    00000008     (__TI_handler_table)
                  00000464    00000008     (__TI_cinit_table)
                  0000046c    00000004     --HOLE-- [fill = 0]

.init_array 
*          0    00000000    00000000     UNINITIALIZED

.binit     0    00000000    00000000     

.data      0    20200000    00000428     UNINITIALIZED
                  20200000    00000100     usart.o (.data.usart0_str)
                  20200100    00000100     usart.o (.data.usart1_str)
                  20200200    00000100     usart.o (.data.usart2_str)
                  20200300    00000100     usart.o (.data.usart3_str)
                  20200400    00000004     delay.o (.data.systicks)
                  20200404    00000004     usart.o (.data.usart0_str_index)
                  20200408    00000004     usart.o (.data.usart0_str_received)
                  2020040c    00000004     usart.o (.data.usart1_str_index)
                  20200410    00000004     usart.o (.data.usart1_str_received)
                  20200414    00000004     usart.o (.data.usart2_str_index)
                  20200418    00000004     usart.o (.data.usart2_str_received)
                  2020041c    00000004     usart.o (.data.usart3_str_index)
                  20200420    00000004     usart.o (.data.usart3_str_received)
                  20200424    00000001     usart.o (.data.usart0_ch)
                  20200425    00000001     usart.o (.data.usart1_ch)
                  20200426    00000001     usart.o (.data.usart2_ch)
                  20200427    00000001     usart.o (.data.usart3_ch)

.stack     0    20207e00    00000200     UNINITIALIZED
                  20207e00    00000004     libc.a : boot_cortex_m.c.obj (.stack)
                  20207e04    000001fc     --HOLE--

__llvm_prf_cnts 
*          0    20200000    00000000     UNINITIALIZED

__llvm_prf_bits 
*          0    20200000    00000000     UNINITIALIZED

MODULE SUMMARY

       Module                         code   ro data   rw data
       ------                         ----   -------   -------
    .\
       ti_msp_dl_config.o             220    0         0      
       startup_mspm0g350x_ticlang.o   6      192       0      
       main.o                         6      0         0      
    +--+------------------------------+------+---------+---------+
       Total:                         232    192       0      
                                                              
    .\lib\delay\
       delay.o                        16     0         4      
    +--+------------------------------+------+---------+---------+
       Total:                         16     0         4      
                                                              
    .\lib\usart\
       usart.o                        368    0         1060   
    +--+------------------------------+------+---------+---------+
       Total:                         368    0         1060   
                                                              
    C:/TI/mspm0_sdk_2_04_00_06/source/ti/driverlib/lib/ticlang/m0p/mspm0g1x0x_g3x0x/driverlib.a
       dl_common.o                    10     0         0      
    +--+------------------------------+------+---------+---------+
       Total:                         10     0         0      
                                                              
    D:\CCS\ccs\tools\compiler\ti-cgt-armllvm_4.0.2.LTS\lib\armv6m-ti-none-eabi/c/libc.a
       copy_decompress_lzss.c.obj     124    0         0      
       autoinit.c.obj                 60     0         0      
       boot_cortex_m.c.obj            40     0         0      
       copy_decompress_none.c.obj     18     0         0      
       memcpy16.S.obj                 18     0         0      
       exit.c.obj                     6      0         0      
       pre_init.c.obj                 4      0         0      
    +--+------------------------------+------+---------+---------+
       Total:                         270    0         0      
                                                              
    D:\CCS\ccs\tools\compiler\ti-cgt-armllvm_4.0.2.LTS\lib\armv6m-ti-none-eabi/c/libsysbm.a
       hostexit.c.obj                 4      0         0      
    +--+------------------------------+------+---------+---------+
       Total:                         4      0         0      
                                                              
    D:\CCS\ccs\tools\compiler\ti-cgt-armllvm_4.0.2.LTS\lib\armv6m-ti-none-eabi/libclang_rt.builtins.a
       aeabi_memcpy.S.obj             8      0         0      
    +--+------------------------------+------+---------+---------+
       Total:                         8      0         0      
                                                              
       Stack:                         0      0         512    
       Linker Generated:              0      25        0      
    +--+------------------------------+------+---------+---------+
       Grand Total:                   908    217       1576   


LINKER GENERATED COPY TABLES

__TI_cinit_table @ 00000464 records: 1, size/record: 8, table size: 8
	.data: load addr=00000450, load size=00000009 bytes, run addr=20200000, run size=00000428 bytes, compression=lzss


LINKER GENERATED HANDLER TABLE

__TI_handler_table @ 0000045c records: 2, size/record: 4, table size: 8
	index: 0, handler: __TI_decompress_lzss
	index: 1, handler: __TI_decompress_none


GLOBAL SYMBOLS: SORTED ALPHABETICALLY BY Name 

address   name                          
-------   ----                          
0000042b  ADC0_IRQHandler               
0000042b  ADC1_IRQHandler               
0000042b  AES_IRQHandler                
00000440  C$$EXIT                       
0000042b  CANFD0_IRQHandler             
0000042b  DAC0_IRQHandler               
00000421  DL_Common_delayCycles         
0000042b  DMA_IRQHandler                
0000042b  Default_Handler               
0000042b  GROUP0_IRQHandler             
0000042b  GROUP1_IRQHandler             
00000441  HOSTexit                      
0000042b  HardFault_Handler             
0000042b  I2C0_IRQHandler               
0000042b  I2C1_IRQHandler               
0000042b  NMI_Handler                   
0000042b  PendSV_Handler                
0000042b  RTC_IRQHandler                
00000445  Reset_Handler                 
0000042b  SPI0_IRQHandler               
0000042b  SPI1_IRQHandler               
0000042b  SVC_Handler                   
00000359  SYSCFG_DL_GPIO_init           
000002ad  SYSCFG_DL_SYSCTL_init         
00000329  SYSCFG_DL_SYSTICK_init        
000003d9  SYSCFG_DL_init                
00000385  SYSCFG_DL_initPower           
00000411  SysTick_Handler               
0000042b  TIMA0_IRQHandler              
0000042b  TIMA1_IRQHandler              
0000042b  TIMG0_IRQHandler              
0000042b  TIMG12_IRQHandler             
0000042b  TIMG6_IRQHandler              
0000042b  TIMG7_IRQHandler              
0000042b  TIMG8_IRQHandler              
000003ed  TI_memcpy_small               
0000013d  UART0_IRQHandler              
00000199  UART1_IRQHandler              
000001f5  UART2_IRQHandler              
00000251  UART3_IRQHandler              
20208000  __STACK_END                   
00000200  __STACK_SIZE                  
00000000  __TI_ATRegion0_region_sz      
00000000  __TI_ATRegion0_src_addr       
00000000  __TI_ATRegion0_trg_addr       
00000000  __TI_ATRegion1_region_sz      
00000000  __TI_ATRegion1_src_addr       
00000000  __TI_ATRegion1_trg_addr       
00000000  __TI_ATRegion2_region_sz      
00000000  __TI_ATRegion2_src_addr       
00000000  __TI_ATRegion2_trg_addr       
00000464  __TI_CINIT_Base               
0000046c  __TI_CINIT_Limit              
0000046c  __TI_CINIT_Warm               
0000045c  __TI_Handler_Table_Base       
00000464  __TI_Handler_Table_Limit      
000002ed  __TI_auto_init_nobinit_nopinit
000000c1  __TI_decompress_lzss          
000003ff  __TI_decompress_none          
ffffffff  __TI_pprof_out_hndl           
ffffffff  __TI_prof_data_size           
ffffffff  __TI_prof_data_start          
00000000  __TI_static_base__            
0000042d  __aeabi_memcpy                
0000042d  __aeabi_memcpy4               
0000042d  __aeabi_memcpy8               
ffffffff  __binit__                     
UNDEFED   __mpu_init                    
20207e00  __stack                       
20200000  __start___llvm_prf_bits       
20200000  __start___llvm_prf_cnts       
20200000  __stop___llvm_prf_bits        
20200000  __stop___llvm_prf_cnts        
000003b1  _c_int00_noargs               
UNDEFED   _system_post_cinit            
00000449  _system_pre_init              
0000043b  abort                         
ffffffff  binit                         
00000000  interruptVectors              
00000435  main                          
20200424  usart0_ch                     
20200000  usart0_str                    
20200404  usart0_str_index              
20200408  usart0_str_received           
20200425  usart1_ch                     
20200100  usart1_str                    
2020040c  usart1_str_index              
20200410  usart1_str_received           
20200426  usart2_ch                     
20200200  usart2_str                    
20200414  usart2_str_index              
20200418  usart2_str_received           
20200427  usart3_ch                     
20200300  usart3_str                    
2020041c  usart3_str_index              
20200420  usart3_str_received           


GLOBAL SYMBOLS: SORTED BY Symbol Address 

address   name                          
-------   ----                          
00000000  __TI_ATRegion0_region_sz      
00000000  __TI_ATRegion0_src_addr       
00000000  __TI_ATRegion0_trg_addr       
00000000  __TI_ATRegion1_region_sz      
00000000  __TI_ATRegion1_src_addr       
00000000  __TI_ATRegion1_trg_addr       
00000000  __TI_ATRegion2_region_sz      
00000000  __TI_ATRegion2_src_addr       
00000000  __TI_ATRegion2_trg_addr       
00000000  __TI_static_base__            
00000000  interruptVectors              
000000c1  __TI_decompress_lzss          
0000013d  UART0_IRQHandler              
00000199  UART1_IRQHandler              
000001f5  UART2_IRQHandler              
00000200  __STACK_SIZE                  
00000251  UART3_IRQHandler              
000002ad  SYSCFG_DL_SYSCTL_init         
000002ed  __TI_auto_init_nobinit_nopinit
00000329  SYSCFG_DL_SYSTICK_init        
00000359  SYSCFG_DL_GPIO_init           
00000385  SYSCFG_DL_initPower           
000003b1  _c_int00_noargs               
000003d9  SYSCFG_DL_init                
000003ed  TI_memcpy_small               
000003ff  __TI_decompress_none          
00000411  SysTick_Handler               
00000421  DL_Common_delayCycles         
0000042b  ADC0_IRQHandler               
0000042b  ADC1_IRQHandler               
0000042b  AES_IRQHandler                
0000042b  CANFD0_IRQHandler             
0000042b  DAC0_IRQHandler               
0000042b  DMA_IRQHandler                
0000042b  Default_Handler               
0000042b  GROUP0_IRQHandler             
0000042b  GROUP1_IRQHandler             
0000042b  HardFault_Handler             
0000042b  I2C0_IRQHandler               
0000042b  I2C1_IRQHandler               
0000042b  NMI_Handler                   
0000042b  PendSV_Handler                
0000042b  RTC_IRQHandler                
0000042b  SPI0_IRQHandler               
0000042b  SPI1_IRQHandler               
0000042b  SVC_Handler                   
0000042b  TIMA0_IRQHandler              
0000042b  TIMA1_IRQHandler              
0000042b  TIMG0_IRQHandler              
0000042b  TIMG12_IRQHandler             
0000042b  TIMG6_IRQHandler              
0000042b  TIMG7_IRQHandler              
0000042b  TIMG8_IRQHandler              
0000042d  __aeabi_memcpy                
0000042d  __aeabi_memcpy4               
0000042d  __aeabi_memcpy8               
00000435  main                          
0000043b  abort                         
00000440  C$$EXIT                       
00000441  HOSTexit                      
00000445  Reset_Handler                 
00000449  _system_pre_init              
0000045c  __TI_Handler_Table_Base       
00000464  __TI_CINIT_Base               
00000464  __TI_Handler_Table_Limit      
0000046c  __TI_CINIT_Limit              
0000046c  __TI_CINIT_Warm               
20200000  __start___llvm_prf_bits       
20200000  __start___llvm_prf_cnts       
20200000  __stop___llvm_prf_bits        
20200000  __stop___llvm_prf_cnts        
20200000  usart0_str                    
20200100  usart1_str                    
20200200  usart2_str                    
20200300  usart3_str                    
20200404  usart0_str_index              
20200408  usart0_str_received           
2020040c  usart1_str_index              
20200410  usart1_str_received           
20200414  usart2_str_index              
20200418  usart2_str_received           
2020041c  usart3_str_index              
20200420  usart3_str_received           
20200424  usart0_ch                     
20200425  usart1_ch                     
20200426  usart2_ch                     
20200427  usart3_ch                     
20207e00  __stack                       
20208000  __STACK_END                   
ffffffff  __TI_pprof_out_hndl           
ffffffff  __TI_prof_data_size           
ffffffff  __TI_prof_data_start          
ffffffff  __binit__                     
ffffffff  binit                         
UNDEFED   __mpu_init                    
UNDEFED   _system_post_cinit            

[96 symbols]
