******************************************************************************
            TI ARM Clang Linker PC v4.0.2                      
******************************************************************************
>> Linked Mon May 26 14:33:07 2025

OUTPUT FILE NAME:   <Patrol Car.out>
ENTRY POINT SYMBOL: "_c_int00_noargs"  address: 00002af1


MEMORY CONFIGURATION

         name            origin    length      used     unused   attr    fill
----------------------  --------  ---------  --------  --------  ----  --------
  FLASH                 00000000   00020000  000032f8  0001cd08  R  X
  SRAM                  20200000   00008000  00000984  0000767c  RW X
  BCR_CONFIG            41c00000   000000ff  00000000  000000ff  R   
  BSL_CONFIG            41c00100   00000080  00000000  00000080  R   


SEGMENT ALLOCATION MAP

run origin  load origin   length   init length attrs members
----------  ----------- ---------- ----------- ----- -------
00000000    00000000    000032f8   000032f8    r-x
  00000000    00000000    000000c0   000000c0    r-- .intvecs
  000000c0    000000c0    000031a0   000031a0    r-x .text
  00003260    00003260    00000060   00000060    r-- .rodata
  000032c0    000032c0    00000038   00000038    r-- .cinit
20200000    20200000    00000784   00000000    rw-
  20200000    20200000    00000454   00000000    rw- .data
  20200454    20200454    00000330   00000000    rw- .bss
20207e00    20207e00    00000200   00000000    rw-
  20207e00    20207e00    00000200   00000000    rw- .stack


SECTION ALLOCATION MAP

 output                                  attributes/
section   page    origin      length       input sections
--------  ----  ----------  ----------   ----------------
.intvecs   0    00000000    000000c0     
                  00000000    000000c0     startup_mspm0g350x_ticlang.o (.intvecs)

.text      0    000000c0    000031a0     
                  000000c0    0000020c     main.o (.text.Task_2)
                  000002cc    000001e8     ti_msp_dl_config.o (.text.SYSCFG_DL_GPIO_init)
                  000004b4    00000192     libclang_rt.builtins.a : adddf3.S.obj (.text.adddf3_subdf3)
                  00000646    00000002                            : aeabi_div0.c.obj (.text.__aeabi_idiv0)
                  00000648    00000120     encoder.o (.text.GROUP1_IRQHandler)
                  00000768    00000120     mpu6050.o (.text.MPU6050_Init)
                  00000888    0000010c     libclang_rt.builtins.a : divdf3.S.obj (.text.__divdf3)
                  00000994    00000104     driverlib.a : dl_timer.o (.text.DL_Timer_initFourCCPWMMode)
                  00000a98    00000100     motor.o (.text.Motor_Control_R)
                  00000b98    000000f8     motor.o (.text.Motor_Control_L)
                  00000c90    000000e8     driverlib.a : dl_timer.o (.text.DL_Timer_initTimerMode)
                  00000d78    000000e4     libclang_rt.builtins.a : muldf3.S.obj (.text.__muldf3)
                  00000e5c    000000d8                            : addsf3.S.obj (.text)
                  00000f34    000000d6     mpu6050.o (.text.MPU6050_ReadData)
                  0000100a    00000002     --HOLE-- [fill = 0]
                  0000100c    000000d0     mpu6050.o (.text.I2C_WaitAck)
                  000010dc    000000c4     motor.o (.text.Motor_Init)
                  000011a0    000000c2     pid.o (.text.PID_Compute)
                  00001262    000000b4     mpu6050.o (.text.MPU6050_WriteReg)
                  00001316    00000002     --HOLE-- [fill = 0]
                  00001318    000000b0     ti_msp_dl_config.o (.text.SYSCFG_DL_initPower)
                  000013c8    000000b0     mpu6050.o (.text.Send_Byte)
                  00001478    000000ac     tb6612.o (.text.SetPWM_L)
                  00001524    000000a8     mpu6050.o (.text.Read_Byte)
                  000015cc    0000009c     motor.o (.text.Motor_Proc)
                  00001668    0000009c     tb6612.o (.text.SetPWM_R)
                  00001704    00000098     tracking.o (.text.IS_INBLACK)
                  0000179c    00000094     mpu6050.o (.text.IIC_Send_Ack)
                  00001830    0000008e     mpu6050.o (.text.MPU_Set_LPF)
                  000018be    00000002     --HOLE-- [fill = 0]
                  000018c0    0000008c     libclang_rt.builtins.a : mulsf3.S.obj (.text.__mulsf3)
                  0000194c    00000084     ti_msp_dl_config.o (.text.__NVIC_SetPriority)
                  000019d0    00000082     libclang_rt.builtins.a : divsf3.S.obj (.text.__divsf3)
                  00001a52    00000002     --HOLE-- [fill = 0]
                  00001a54    0000007c     tracking.o (.text.HW_Detect)
                  00001ad0    0000007c     libc.a : copy_decompress_lzss.c.obj (.text:decompress:lzss)
                  00001b4c    00000078     mpu6050.o (.text.MPU6050_Proc)
                  00001bc4    00000078     mpu6050.o (.text.MPU6050_Update)
                  00001c3c    00000076     usart.o (.text.UART_IRQHandler)
                  00001cb2    00000002     --HOLE-- [fill = 0]
                  00001cb4    00000074     libclang_rt.builtins.a : comparedf2.c.obj (.text.__gedf2)
                  00001d28    00000008     tracking.o (.text.TIMA0_IRQHandler)
                  00001d30    00000074     libclang_rt.builtins.a : truncdfsf2.S.obj (.text.__truncdfsf2)
                  00001da4    0000006c     ti_msp_dl_config.o (.text.SYSCFG_DL_PWM_L_init)
                  00001e10    00000068     mpu6050.o (.text.MPU_Set_Rate)
                  00001e78    00000068     libclang_rt.builtins.a : comparedf2.c.obj (.text.__ledf2)
                  00001ee0    00000064     mpu6050.o (.text.IIC_Start)
                  00001f44    00000064     ti_msp_dl_config.o (.text.SYSCFG_DL_PWM_Buzzer_init)
                  00001fa8    00000064     ti_msp_dl_config.o (.text.SYSCFG_DL_PWM_R_init)
                  0000200c    00000062     libclang_rt.builtins.a : aeabi_dcmp.S.obj (.text.__aeabi_dcmp)
                  0000206e    00000002     --HOLE-- [fill = 0]
                  00002070    00000062                            : aeabi_fcmp.S.obj (.text.__aeabi_fcmp)
                  000020d2    00000002     --HOLE-- [fill = 0]
                  000020d4    0000005c     mpu6050.o (.text.IIC_Stop)
                  00002130    00000058     encoder.o (.text.Encoder_Init)
                  00002188    00000058     mpu6050.o (.text.MPU6050_GetTemp)
                  000021e0    00000054     mpu6050.o (.text.MPU6050ReadAcc)
                  00002234    00000054     mpu6050.o (.text.MPU6050ReadGyro)
                  00002288    00000054     ti_msp_dl_config.o (.text.SYSCFG_DL_HC_06_init)
                  000022dc    00000050     ti_msp_dl_config.o (.text.SysTick_Config)
                  0000232c    0000004c     ti_msp_dl_config.o (.text.DL_UART_setBaudRateDivisor)
                  00002378    0000004c     ti_msp_dl_config.o (.text.SYSCFG_DL_init)
                  000023c4    00000048     buzzer.o (.text.Buzzer_Proc)
                  0000240c    00000048     driverlib.a : dl_uart.o (.text.DL_UART_init)
                  00002454    00000040     ti_msp_dl_config.o (.text.SYSCFG_DL_TIMER_Encoder_Read_init)
                  00002494    00000040     ti_msp_dl_config.o (.text.SYSCFG_DL_TIMER_Tracking_Read_init)
                  000024d4    00000040     encoder.o (.text.TIMG6_IRQHandler)
                  00002514    00000040     libclang_rt.builtins.a : aeabi_uidivmod.S.obj (.text.__aeabi_uidivmod)
                  00002554    00000040                            : extendsfdf2.S.obj (.text.__extendsfdf2)
                  00002594    0000003e     pid.o (.text.PID_Limmit)
                  000025d2    00000002     --HOLE-- [fill = 0]
                  000025d4    0000003c     ti_msp_dl_config.o (.text.DL_Timer_setCounterControl)
                  00002610    0000003c     libclang_rt.builtins.a : floatsisf.S.obj (.text.__floatsisf)
                  0000264c    0000003c                            : comparesf2.S.obj (.text.__gtsf2)
                  00002688    0000003c     libc.a : autoinit.c.obj (.text:__TI_auto_init_nobinit_nopinit)
                  000026c4    0000003a     libclang_rt.builtins.a : comparesf2.S.obj (.text.__eqsf2)
                  000026fe    00000002     --HOLE-- [fill = 0]
                  00002700    0000003a                            : muldsi3.S.obj (.text.__muldsi3)
                  0000273a    00000002     --HOLE-- [fill = 0]
                  0000273c    00000038     ti_msp_dl_config.o (.text.DL_GPIO_initPeripheralOutputFunctionFeatures)
                  00002774    00000038     pid.o (.text.PID_Init)
                  000027ac    00000038     libclang_rt.builtins.a : fixsfsi.S.obj (.text.__fixsfsi)
                  000027e4    00000034     ti_msp_dl_config.o (.text.DL_GPIO_initDigitalInputFeatures)
                  00002818    00000032     usart.o (.text.USART_Init)
                  0000284a    00000002     --HOLE-- [fill = 0]
                  0000284c    00000032     libclang_rt.builtins.a : fixunssfsi.S.obj (.text.__fixunssfsi)
                  0000287e    00000002     --HOLE-- [fill = 0]
                  00002880    00000030     ti_msp_dl_config.o (.text.DL_GPIO_initDigitalOutputFeatures)
                  000028b0    00000030     usart.o (.text.UART0_IRQHandler)
                  000028e0    00000030     usart.o (.text.UART1_IRQHandler)
                  00002910    00000030     usart.o (.text.UART2_IRQHandler)
                  00002940    00000030     usart.o (.text.UART3_IRQHandler)
                  00002970    0000002c     usart.o (.text.__NVIC_ClearPendingIRQ)
                  0000299c    0000002c     encoder.o (.text.__NVIC_EnableIRQ)
                  000029c8    0000002c     tracking.o (.text.__NVIC_EnableIRQ)
                  000029f4    0000002c     usart.o (.text.__NVIC_EnableIRQ)
                  00002a20    0000002c     libclang_rt.builtins.a : floatsidf.S.obj (.text.__floatsidf)
                  00002a4c    0000002a     ti_msp_dl_config.o (.text.SYSCFG_DL_SYSCTL_init)
                  00002a76    00000028     ti_msp_dl_config.o (.text.DL_Common_updateReg)
                  00002a9e    00000028     mpu6050.o (.text.MPU6050ReadID)
                  00002ac6    00000028     main.o (.text.main)
                  00002aee    00000002     --HOLE-- [fill = 0]
                  00002af0    00000028     libc.a : boot_cortex_m.c.obj (.text:_c_int00_noargs)
                  00002b18    00000024     mpu6050.o (.text.Get_yaw)
                  00002b3c    00000024     delay.o (.text.SysTick_Handler)
                  00002b60    00000020     ti_msp_dl_config.o (.text.DL_GPIO_initPeripheralInputFunction)
                  00002b80    00000020     hc_06.o (.text.HC06_Init)
                  00002ba0    0000001e     ti_msp_dl_config.o (.text.DL_UART_setOversampling)
                  00002bbe    00000002     --HOLE-- [fill = 0]
                  00002bc0    0000001c     encoder.o (.text.DL_GPIO_clearInterruptStatus)
                  00002bdc    0000001c     ti_msp_dl_config.o (.text.DL_GPIO_clearInterruptStatus)
                  00002bf8    0000001c     ti_msp_dl_config.o (.text.DL_GPIO_enableInterrupt)
                  00002c14    0000001c     mpu6050.o (.text.DL_GPIO_initDigitalInput)
                  00002c30    0000001c     ti_msp_dl_config.o (.text.DL_GPIO_initPeripheralOutputFunction)
                  00002c4c    0000001c     ti_msp_dl_config.o (.text.DL_GPIO_setLowerPinsInputFilter)
                  00002c68    0000001c     ti_msp_dl_config.o (.text.DL_GPIO_setLowerPinsPolarity)
                  00002c84    0000001c     ti_msp_dl_config.o (.text.DL_GPIO_setUpperPinsInputFilter)
                  00002ca0    0000001c     ti_msp_dl_config.o (.text.DL_SYSCTL_setSYSOSCFreq)
                  00002cbc    0000001c     ti_msp_dl_config.o (.text.DL_Timer_enableInterrupt)
                  00002cd8    0000001c     driverlib.a : dl_timer.o (.text.DL_Timer_setCaptCompUpdateMethod)
                  00002cf4    0000001c                 : dl_timer.o (.text.DL_Timer_setClockConfig)
                  00002d10    0000001c     ti_msp_dl_config.o (.text.DL_UART_enableInterrupt)
                  00002d2c    0000001c     mpu6050.o (.text.MPU_Set_Accel_Fsr)
                  00002d48    0000001c     mpu6050.o (.text.MPU_Set_Gyro_Fsr)
                  00002d64    0000001a     delay.o (.text.delay_ms)
                  00002d7e    00000002     --HOLE-- [fill = 0]
                  00002d80    00000018     mpu6050.o (.text.DL_GPIO_enableOutput)
                  00002d98    00000018     ti_msp_dl_config.o (.text.DL_GPIO_enableOutput)
                  00002db0    00000018     ti_msp_dl_config.o (.text.DL_GPIO_enablePower)
                  00002dc8    00000018     encoder.o (.text.DL_GPIO_getEnabledInterruptStatus)
                  00002de0    00000018     mpu6050.o (.text.DL_GPIO_initDigitalOutput)
                  00002df8    00000018     ti_msp_dl_config.o (.text.DL_GPIO_initDigitalOutput)
                  00002e10    00000018     ti_msp_dl_config.o (.text.DL_GPIO_reset)
                  00002e28    00000018     mpu6050.o (.text.DL_GPIO_setPins)
                  00002e40    00000018     tb6612.o (.text.DL_GPIO_setPins)
                  00002e58    00000018     ti_msp_dl_config.o (.text.DL_GPIO_setPins)
                  00002e70    00000018     ti_msp_dl_config.o (.text.DL_GPIO_setUpperPinsPolarity)
                  00002e88    00000018     ti_msp_dl_config.o (.text.DL_MathACL_enablePower)
                  00002ea0    00000018     ti_msp_dl_config.o (.text.DL_MathACL_reset)
                  00002eb8    00000018     ti_msp_dl_config.o (.text.DL_SYSCTL_setBORThreshold)
                  00002ed0    00000018     ti_msp_dl_config.o (.text.DL_Timer_enablePower)
                  00002ee8    00000018     ti_msp_dl_config.o (.text.DL_Timer_reset)
                  00002f00    00000018     driverlib.a : dl_timer.o (.text.DL_Timer_setCaptureCompareOutCtl)
                  00002f18    00000018     encoder.o (.text.DL_Timer_startCounter)
                  00002f30    00000018     ti_msp_dl_config.o (.text.DL_UART_enablePower)
                  00002f48    00000018     ti_msp_dl_config.o (.text.DL_UART_reset)
                  00002f60    00000016     encoder.o (.text.DL_GPIO_readPins)
                  00002f76    00000016     mpu6050.o (.text.DL_GPIO_readPins)
                  00002f8c    00000016     tracking.o (.text.DL_GPIO_readPins)
                  00002fa2    00000016     ti_msp_dl_config.o (.text.DL_UART_enable)
                  00002fb8    00000016     pid.o (.text.PID_Reset)
                  00002fce    00000016     delay.o (.text.delay_us)
                  00002fe4    00000016     libc.a : copy_zero_init.c.obj (.text:decompress:ZI:__TI_zero_init_nomemset)
                  00002ffa    00000002     --HOLE-- [fill = 0]
                  00002ffc    00000014     buzzer.o (.text.Buzzer_Off)
                  00003010    00000014     buzzer.o (.text.Buzzer_On)
                  00003024    00000014     encoder.o (.text.DL_GPIO_clearPins)
                  00003038    00000014     mpu6050.o (.text.DL_GPIO_clearPins)
                  0000304c    00000014     tb6612.o (.text.DL_GPIO_clearPins)
                  00003060    00000014     ti_msp_dl_config.o (.text.DL_GPIO_clearPins)
                  00003074    00000014     ti_msp_dl_config.o (.text.DL_SYSCTL_disableSYSPLL)
                  00003088    00000014     ti_msp_dl_config.o (.text.DL_SYSCTL_enableMFCLK)
                  0000309c    00000014     ti_msp_dl_config.o (.text.DL_Timer_enableClock)
                  000030b0    00000014     ti_msp_dl_config.o (.text.DL_Timer_setCCPDirection)
                  000030c4    00000014     usart.o (.text.DL_UART_receiveData)
                  000030d8    00000014     tb6612.o (.text.Disable_TB6612)
                  000030ec    00000014     tb6612.o (.text.Enable_TB6612)
                  00003100    00000014     motor.o (.text.Motor_SetSpeed_L)
                  00003114    00000014     motor.o (.text.Motor_SetSpeed_R)
                  00003128    00000014     motor.o (.text.Motor_direction)
                  0000313c    00000014     tracking.o (.text.Tracking_Init)
                  00003150    00000012     encoder.o (.text.DL_Timer_getPendingInterrupt)
                  00003162    00000012     usart.o (.text.DL_UART_getPendingInterrupt)
                  00003174    00000012     driverlib.a : dl_uart.o (.text.DL_UART_setClockConfig)
                  00003186    00000012     libc.a : memcpy16.S.obj (.text:TI_memcpy_small)
                  00003198    00000012            : copy_decompress_none.c.obj (.text:decompress:none)
                  000031aa    00000002     --HOLE-- [fill = 0]
                  000031ac    00000010     ti_msp_dl_config.o (.text.DL_SYSCTL_disableHFXT)
                  000031bc    00000010     driverlib.a : dl_timer.o (.text.DL_Timer_setCaptureCompareValue)
                  000031cc    00000010     pid.o (.text.PID_ChangeSP)
                  000031dc    0000000c     buzzer.o (.text.Buzzer_Init)
                  000031e8    0000000c     encoder.o (.text.Encoder_Get_L_Speed)
                  000031f4    0000000c     encoder.o (.text.Encoder_Get_R_Speed)
                  00003200    0000000c     mpu6050.o (.text.Get_gz)
                  0000320c    0000000c     ti_msp_dl_config.o (.text.SYSCFG_DL_SYSTICK_init)
                  00003218    0000000c     tracking.o (.text.Tracking_Angle)
                  00003224    0000000c     delay.o (.text.get_ticks)
                  00003230    0000000a     driverlib.a : dl_common.o (.text.DL_Common_delayCycles)
                  0000323a    00000002     --HOLE-- [fill = 0]
                  0000323c    00000008     libclang_rt.builtins.a : aeabi_memcpy.S.obj (.text.__aeabi_memcpy)
                  00003244    00000006     libc.a : exit.c.obj (.text:abort)
                  0000324a    00000004     startup_mspm0g350x_ticlang.o (.text.Default_Handler)
                  0000324e    00000004     libsysbm.a : hostexit.c.obj (.text.HOSTexit)
                  00003252    00000004     startup_mspm0g350x_ticlang.o (.text.Reset_Handler)
                  00003256    00000004     libc.a : pre_init.c.obj (.text._system_pre_init)
                  0000325a    00000006     --HOLE-- [fill = 0]

.cinit     0    000032c0    00000038     
                  000032c0    0000000e     (.cinit..data.load) [load image, compression = lzss]
                  000032ce    00000002     --HOLE-- [fill = 0]
                  000032d0    0000000c     (__TI_handler_table)
                  000032dc    00000008     (.cinit..bss.load) [load image, compression = zero_init]
                  000032e4    00000010     (__TI_cinit_table)
                  000032f4    00000004     --HOLE-- [fill = 0]

.rodata    0    00003260    00000060     
                  00003260    00000014     ti_msp_dl_config.o (.rodata.gTIMER_Encoder_ReadTimerConfig)
                  00003274    00000014     ti_msp_dl_config.o (.rodata.gTIMER_Tracking_ReadTimerConfig)
                  00003288    0000000a     ti_msp_dl_config.o (.rodata.gHC_06Config)
                  00003292    00000002     ti_msp_dl_config.o (.rodata.gHC_06ClockConfig)
                  00003294    00000008     ti_msp_dl_config.o (.rodata.gPWM_BuzzerConfig)
                  0000329c    00000008     ti_msp_dl_config.o (.rodata.gPWM_LConfig)
                  000032a4    00000008     ti_msp_dl_config.o (.rodata.gPWM_RConfig)
                  000032ac    00000003     ti_msp_dl_config.o (.rodata.gPWM_BuzzerClockConfig)
                  000032af    00000003     ti_msp_dl_config.o (.rodata.gPWM_LClockConfig)
                  000032b2    00000003     ti_msp_dl_config.o (.rodata.gPWM_RClockConfig)
                  000032b5    00000003     ti_msp_dl_config.o (.rodata.gTIMER_Encoder_ReadClockConfig)
                  000032b8    00000003     ti_msp_dl_config.o (.rodata.gTIMER_Tracking_ReadClockConfig)
                  000032bb    00000005     --HOLE-- [fill = 0]

.init_array 
*          0    00000000    00000000     UNINITIALIZED

.binit     0    00000000    00000000     

.data      0    20200000    00000454     UNINITIALIZED
                  20200000    00000100     usart.o (.data.usart0_str)
                  20200100    00000100     usart.o (.data.usart1_str)
                  20200200    00000100     usart.o (.data.usart2_str)
                  20200300    00000100     usart.o (.data.usart3_str)
                  20200400    00000008     delay.o (.data.systicks)
                  20200408    00000004     mpu6050.o (.data.MPU6050_Proc.nxt)
                  2020040c    00000004     motor.o (.data.Motor_Proc.nxt)
                  20200410    00000004     main.o (.data.cnt)
                  20200414    00000004     mpu6050.o (.data.gz_ploy)
                  20200418    00000004     buzzer.o (.data.last_on_tick)
                  2020041c    00000004     main.o (.data.last_turned_ticks)
                  20200420    00000004     main.o (.data.speed)
                  20200424    00000004     main.o (.data.state)
                  20200428    00000004     main.o (.data.turning_flag)
                  2020042c    00000004     usart.o (.data.usart0_str_index)
                  20200430    00000004     usart.o (.data.usart0_str_received)
                  20200434    00000004     usart.o (.data.usart1_str_index)
                  20200438    00000004     usart.o (.data.usart1_str_received)
                  2020043c    00000004     usart.o (.data.usart2_str_index)
                  20200440    00000004     usart.o (.data.usart2_str_received)
                  20200444    00000004     usart.o (.data.usart3_str_index)
                  20200448    00000004     usart.o (.data.usart3_str_received)
                  2020044c    00000004     mpu6050.o (.data.yaw)
                  20200450    00000001     usart.o (.data.usart0_ch)
                  20200451    00000001     usart.o (.data.usart1_ch)
                  20200452    00000001     usart.o (.data.usart2_ch)
                  20200453    00000001     usart.o (.data.usart3_ch)

.bss       0    20200454    00000330     UNINITIALIZED
                  20200454    000000bc     (.common:gPWM_BuzzerBackup)
                  20200510    000000bc     (.common:gTIMER_Tracking_ReadBackup)
                  202005cc    000000a0     (.common:gTIMER_Encoder_ReadBackup)
                  2020066c    00000020     (.common:pid_direction)
                  2020068c    00000020     (.common:pid_l_high_speed)
                  202006ac    00000020     (.common:pid_l_low_speed)
                  202006cc    00000020     (.common:pid_r_high_speed)
                  202006ec    00000020     (.common:pid_r_low_speed)
                  2020070c    00000020     (.common:pid_tracking)
                  2020072c    00000008     (.common:HC_06)
                  20200734    00000004     tracking.o (.bss.Tracking_value)
                  20200738    00000004     mpu6050.o (.bss.ax)
                  2020073c    00000004     mpu6050.o (.bss.gx)
                  20200740    00000004     mpu6050.o (.bss.gz)
                  20200744    00000004     motor.o (.bss.omeg_l)
                  20200748    00000004     motor.o (.bss.omeg_r)
                  2020074c    00000004     motor.o (.bss.target_speed_l)
                  20200750    00000004     motor.o (.bss.target_speed_r)
                  20200754    00000004     mpu6050.o (.bss.temperature)
                  20200758    00000004     (.common:Encoder_L_CNT)
                  2020075c    00000004     (.common:Encoder_L_Port)
                  20200760    00000004     (.common:Encoder_L_VEL)
                  20200764    00000004     (.common:Encoder_R_CNT)
                  20200768    00000004     (.common:Encoder_R_Port)
                  2020076c    00000004     (.common:Encoder_R_VEL)
                  20200770    00000004     (.common:buzzer_flag)
                  20200774    00000004     (.common:duty_diff)
                  20200778    00000004     (.common:duty_l)
                  2020077c    00000004     (.common:duty_r)
                  20200780    00000004     (.common:tracking_flag)

.stack     0    20207e00    00000200     UNINITIALIZED
                  20207e00    00000004     libc.a : boot_cortex_m.c.obj (.stack)
                  20207e04    000001fc     --HOLE--

__llvm_prf_cnts 
*          0    20200000    00000000     UNINITIALIZED

__llvm_prf_bits 
*          0    20200000    00000000     UNINITIALIZED

MODULE SUMMARY

       Module                         code    ro data   rw data
       ------                         ----    -------   -------
    .\
       ti_msp_dl_config.o             2622    91        536    
       main.o                         564     0         240    
       startup_mspm0g350x_ticlang.o   8       192       0      
    +--+------------------------------+-------+---------+---------+
       Total:                         3194    283       776    
                                                               
    .\app\buzzer\
       buzzer.o                       124     0         4      
    +--+------------------------------+-------+---------+---------+
       Total:                         124     0         4      
                                                               
    .\app\encoder\
       encoder.o                      644     0         24     
    +--+------------------------------+-------+---------+---------+
       Total:                         644     0         24     
                                                               
    .\app\hc_06\
       hc_06.o                        32      0         0      
    +--+------------------------------+-------+---------+---------+
       Total:                         32      0         0      
                                                               
    .\app\motor\
       motor.o                        916     0         20     
    +--+------------------------------+-------+---------+---------+
       Total:                         916     0         20     
                                                               
    .\app\mpu6050\
       mpu6050.o                      2602    0         28     
    +--+------------------------------+-------+---------+---------+
       Total:                         2602    0         28     
                                                               
    .\app\tb6612\
       tb6612.o                       412     0         0      
    +--+------------------------------+-------+---------+---------+
       Total:                         412     0         0      
                                                               
    .\app\tracking\
       tracking.o                     382     0         4      
    +--+------------------------------+-------+---------+---------+
       Total:                         382     0         4      
                                                               
    .\lib\delay\
       delay.o                        96      0         8      
    +--+------------------------------+-------+---------+---------+
       Total:                         96      0         8      
                                                               
    .\lib\pid\
       pid.o                          350     0         0      
    +--+------------------------------+-------+---------+---------+
       Total:                         350     0         0      
                                                               
    .\lib\usart\
       usart.o                        486     0         1060   
    +--+------------------------------+-------+---------+---------+
       Total:                         486     0         1060   
                                                               
    C:/TI/mspm0_sdk_2_04_00_06/source/ti/driverlib/lib/ticlang/m0p/mspm0g1x0x_g3x0x/driverlib.a
       dl_timer.o                     588     0         0      
       dl_uart.o                      90      0         0      
       dl_common.o                    10      0         0      
    +--+------------------------------+-------+---------+---------+
       Total:                         688     0         0      
                                                               
    D:\CCS\ccs\tools\compiler\ti-cgt-armllvm_4.0.2.LTS\lib\armv6m-ti-none-eabi/c/libc.a
       copy_decompress_lzss.c.obj     124     0         0      
       autoinit.c.obj                 60      0         0      
       boot_cortex_m.c.obj            40      0         0      
       copy_zero_init.c.obj           22      0         0      
       copy_decompress_none.c.obj     18      0         0      
       memcpy16.S.obj                 18      0         0      
       exit.c.obj                     6       0         0      
       pre_init.c.obj                 4       0         0      
    +--+------------------------------+-------+---------+---------+
       Total:                         292     0         0      
                                                               
    D:\CCS\ccs\tools\compiler\ti-cgt-armllvm_4.0.2.LTS\lib\armv6m-ti-none-eabi/c/libsysbm.a
       hostexit.c.obj                 4       0         0      
    +--+------------------------------+-------+---------+---------+
       Total:                         4       0         0      
                                                               
    D:\CCS\ccs\tools\compiler\ti-cgt-armllvm_4.0.2.LTS\lib\armv6m-ti-none-eabi/libclang_rt.builtins.a
       adddf3.S.obj                   402     0         0      
       divdf3.S.obj                   268     0         0      
       muldf3.S.obj                   228     0         0      
       comparedf2.c.obj               220     0         0      
       addsf3.S.obj                   216     0         0      
       mulsf3.S.obj                   140     0         0      
       divsf3.S.obj                   130     0         0      
       comparesf2.S.obj               118     0         0      
       truncdfsf2.S.obj               116     0         0      
       aeabi_dcmp.S.obj               98      0         0      
       aeabi_fcmp.S.obj               98      0         0      
       aeabi_uidivmod.S.obj           64      0         0      
       extendsfdf2.S.obj              64      0         0      
       floatsisf.S.obj                60      0         0      
       muldsi3.S.obj                  58      0         0      
       fixsfsi.S.obj                  56      0         0      
       fixunssfsi.S.obj               50      0         0      
       floatsidf.S.obj                44      0         0      
       aeabi_memcpy.S.obj             8       0         0      
       aeabi_div0.c.obj               2       0         0      
    +--+------------------------------+-------+---------+---------+
       Total:                         2440    0         0      
                                                               
       Stack:                         0       0         512    
       Linker Generated:              0       50        0      
    +--+------------------------------+-------+---------+---------+
       Grand Total:                   12662   333       2436   


LINKER GENERATED COPY TABLES

__TI_cinit_table @ 000032e4 records: 2, size/record: 8, table size: 16
	.data: load addr=000032c0, load size=0000000e bytes, run addr=20200000, run size=00000454 bytes, compression=lzss
	.bss: load addr=000032dc, load size=00000008 bytes, run addr=20200454, run size=00000330 bytes, compression=zero_init


LINKER GENERATED HANDLER TABLE

__TI_handler_table @ 000032d0 records: 3, size/record: 4, table size: 12
	index: 0, handler: __TI_decompress_lzss
	index: 1, handler: __TI_decompress_none
	index: 2, handler: __TI_zero_init


GLOBAL SYMBOLS: SORTED ALPHABETICALLY BY Name 

address   name                              
-------   ----                              
0000324b  ADC0_IRQHandler                   
0000324b  ADC1_IRQHandler                   
0000324b  AES_IRQHandler                    
000031dd  Buzzer_Init                       
00002ffd  Buzzer_Off                        
00003011  Buzzer_On                         
000023c5  Buzzer_Proc                       
0000324e  C$$EXIT                           
0000324b  CANFD0_IRQHandler                 
0000324b  DAC0_IRQHandler                   
00003231  DL_Common_delayCycles             
00000995  DL_Timer_initFourCCPWMMode        
00000c91  DL_Timer_initTimerMode            
00002cd9  DL_Timer_setCaptCompUpdateMethod  
00002f01  DL_Timer_setCaptureCompareOutCtl  
000031bd  DL_Timer_setCaptureCompareValue   
00002cf5  DL_Timer_setClockConfig           
0000240d  DL_UART_init                      
00003175  DL_UART_setClockConfig            
0000324b  DMA_IRQHandler                    
0000324b  Default_Handler                   
000030d9  Disable_TB6612                    
000030ed  Enable_TB6612                     
000031e9  Encoder_Get_L_Speed               
000031f5  Encoder_Get_R_Speed               
00002131  Encoder_Init                      
20200758  Encoder_L_CNT                     
2020075c  Encoder_L_Port                    
20200760  Encoder_L_VEL                     
20200764  Encoder_R_CNT                     
20200768  Encoder_R_Port                    
2020076c  Encoder_R_VEL                     
0000324b  GROUP0_IRQHandler                 
00000649  GROUP1_IRQHandler                 
00003201  Get_gz                            
00002b19  Get_yaw                           
00002b81  HC06_Init                         
2020072c  HC_06                             
0000324f  HOSTexit                          
00001a55  HW_Detect                         
0000324b  HardFault_Handler                 
0000324b  I2C0_IRQHandler                   
0000324b  I2C1_IRQHandler                   
0000100d  I2C_WaitAck                       
0000179d  IIC_Send_Ack                      
00001ee1  IIC_Start                         
000020d5  IIC_Stop                          
00001705  IS_INBLACK                        
000021e1  MPU6050ReadAcc                    
00002235  MPU6050ReadGyro                   
00002a9f  MPU6050ReadID                     
00002189  MPU6050_GetTemp                   
00000769  MPU6050_Init                      
00001b4d  MPU6050_Proc                      
00000f35  MPU6050_ReadData                  
00001bc5  MPU6050_Update                    
00001263  MPU6050_WriteReg                  
00002d2d  MPU_Set_Accel_Fsr                 
00002d49  MPU_Set_Gyro_Fsr                  
00001831  MPU_Set_LPF                       
00001e11  MPU_Set_Rate                      
00000b99  Motor_Control_L                   
00000a99  Motor_Control_R                   
000010dd  Motor_Init                        
000015cd  Motor_Proc                        
00003101  Motor_SetSpeed_L                  
00003115  Motor_SetSpeed_R                  
00003129  Motor_direction                   
0000324b  NMI_Handler                       
000031cd  PID_ChangeSP                      
000011a1  PID_Compute                       
00002775  PID_Init                          
00002595  PID_Limmit                        
00002fb9  PID_Reset                         
0000324b  PendSV_Handler                    
0000324b  RTC_IRQHandler                    
00001525  Read_Byte                         
00003253  Reset_Handler                     
0000324b  SPI0_IRQHandler                   
0000324b  SPI1_IRQHandler                   
0000324b  SVC_Handler                       
000002cd  SYSCFG_DL_GPIO_init               
00002289  SYSCFG_DL_HC_06_init              
00001f45  SYSCFG_DL_PWM_Buzzer_init         
00001da5  SYSCFG_DL_PWM_L_init              
00001fa9  SYSCFG_DL_PWM_R_init              
00002a4d  SYSCFG_DL_SYSCTL_init             
0000320d  SYSCFG_DL_SYSTICK_init            
00002455  SYSCFG_DL_TIMER_Encoder_Read_init 
00002495  SYSCFG_DL_TIMER_Tracking_Read_init
00002379  SYSCFG_DL_init                    
00001319  SYSCFG_DL_initPower               
000013c9  Send_Byte                         
00001479  SetPWM_L                          
00001669  SetPWM_R                          
00002b3d  SysTick_Handler                   
00001d29  TIMA0_IRQHandler                  
0000324b  TIMA1_IRQHandler                  
0000324b  TIMG0_IRQHandler                  
0000324b  TIMG12_IRQHandler                 
000024d5  TIMG6_IRQHandler                  
0000324b  TIMG7_IRQHandler                  
0000324b  TIMG8_IRQHandler                  
00003187  TI_memcpy_small                   
000000c1  Task_2                            
00003219  Tracking_Angle                    
0000313d  Tracking_Init                     
000028b1  UART0_IRQHandler                  
000028e1  UART1_IRQHandler                  
00002911  UART2_IRQHandler                  
00002941  UART3_IRQHandler                  
00001c3d  UART_IRQHandler                   
00002819  USART_Init                        
20208000  __STACK_END                       
00000200  __STACK_SIZE                      
00000000  __TI_ATRegion0_region_sz          
00000000  __TI_ATRegion0_src_addr           
00000000  __TI_ATRegion0_trg_addr           
00000000  __TI_ATRegion1_region_sz          
00000000  __TI_ATRegion1_src_addr           
00000000  __TI_ATRegion1_trg_addr           
00000000  __TI_ATRegion2_region_sz          
00000000  __TI_ATRegion2_src_addr           
00000000  __TI_ATRegion2_trg_addr           
000032e4  __TI_CINIT_Base                   
000032f4  __TI_CINIT_Limit                  
000032f4  __TI_CINIT_Warm                   
000032d0  __TI_Handler_Table_Base           
000032dc  __TI_Handler_Table_Limit          
00002689  __TI_auto_init_nobinit_nopinit    
00001ad1  __TI_decompress_lzss              
00003199  __TI_decompress_none              
ffffffff  __TI_pprof_out_hndl               
ffffffff  __TI_prof_data_size               
ffffffff  __TI_prof_data_start              
00000000  __TI_static_base__                
00002fe5  __TI_zero_init_nomemset           
000004bf  __adddf3                          
00000e67  __addsf3                          
00001d31  __aeabi_d2f                       
000004bf  __aeabi_dadd                      
0000200d  __aeabi_dcmpeq                    
00002049  __aeabi_dcmpge                    
0000205d  __aeabi_dcmpgt                    
00002035  __aeabi_dcmple                    
00002021  __aeabi_dcmplt                    
00000889  __aeabi_ddiv                      
00000d79  __aeabi_dmul                      
000004b5  __aeabi_dsub                      
00002555  __aeabi_f2d                       
000027ad  __aeabi_f2iz                      
0000284d  __aeabi_f2uiz                     
00000e67  __aeabi_fadd                      
00002071  __aeabi_fcmpeq                    
000020ad  __aeabi_fcmpge                    
000020c1  __aeabi_fcmpgt                    
00002099  __aeabi_fcmple                    
00002085  __aeabi_fcmplt                    
000019d1  __aeabi_fdiv                      
000018c1  __aeabi_fmul                      
00000e5d  __aeabi_fsub                      
00002a21  __aeabi_i2d                       
00002611  __aeabi_i2f                       
00000647  __aeabi_idiv0                     
0000323d  __aeabi_memcpy                    
0000323d  __aeabi_memcpy4                   
0000323d  __aeabi_memcpy8                   
00002515  __aeabi_uidiv                     
00002515  __aeabi_uidivmod                  
ffffffff  __binit__                         
00001e79  __cmpdf2                          
000026c5  __cmpsf2                          
00000889  __divdf3                          
000019d1  __divsf3                          
00001e79  __eqdf2                           
000026c5  __eqsf2                           
00002555  __extendsfdf2                     
000027ad  __fixsfsi                         
0000284d  __fixunssfsi                      
00002a21  __floatsidf                       
00002611  __floatsisf                       
00001cb5  __gedf2                           
0000264d  __gesf2                           
00001cb5  __gtdf2                           
0000264d  __gtsf2                           
00001e79  __ledf2                           
000026c5  __lesf2                           
00001e79  __ltdf2                           
000026c5  __ltsf2                           
UNDEFED   __mpu_init                        
00000d79  __muldf3                          
00002701  __muldsi3                         
000018c1  __mulsf3                          
00001e79  __nedf2                           
000026c5  __nesf2                           
20207e00  __stack                           
20200000  __start___llvm_prf_bits           
20200000  __start___llvm_prf_cnts           
20200000  __stop___llvm_prf_bits            
20200000  __stop___llvm_prf_cnts            
000004b5  __subdf3                          
00000e5d  __subsf3                          
00001d31  __truncdfsf2                      
00002af1  _c_int00_noargs                   
UNDEFED   _system_post_cinit                
00003257  _system_pre_init                  
00003245  abort                             
ffffffff  binit                             
20200770  buzzer_flag                       
20200410  cnt                               
00002d65  delay_ms                          
00002fcf  delay_us                          
20200774  duty_diff                         
20200778  duty_l                            
2020077c  duty_r                            
20200454  gPWM_BuzzerBackup                 
202005cc  gTIMER_Encoder_ReadBackup         
20200510  gTIMER_Tracking_ReadBackup        
00003225  get_ticks                         
00000000  interruptVectors                  
20200418  last_on_tick                      
2020041c  last_turned_ticks                 
00002ac7  main                              
2020066c  pid_direction                     
2020068c  pid_l_high_speed                  
202006ac  pid_l_low_speed                   
202006cc  pid_r_high_speed                  
202006ec  pid_r_low_speed                   
2020070c  pid_tracking                      
20200424  state                             
20200780  tracking_flag                     
20200428  turning_flag                      
20200450  usart0_ch                         
20200000  usart0_str                        
2020042c  usart0_str_index                  
20200430  usart0_str_received               
20200451  usart1_ch                         
20200100  usart1_str                        
20200434  usart1_str_index                  
20200438  usart1_str_received               
20200452  usart2_ch                         
20200200  usart2_str                        
2020043c  usart2_str_index                  
20200440  usart2_str_received               
20200453  usart3_ch                         
20200300  usart3_str                        
20200444  usart3_str_index                  
20200448  usart3_str_received               


GLOBAL SYMBOLS: SORTED BY Symbol Address 

address   name                              
-------   ----                              
00000000  __TI_ATRegion0_region_sz          
00000000  __TI_ATRegion0_src_addr           
00000000  __TI_ATRegion0_trg_addr           
00000000  __TI_ATRegion1_region_sz          
00000000  __TI_ATRegion1_src_addr           
00000000  __TI_ATRegion1_trg_addr           
00000000  __TI_ATRegion2_region_sz          
00000000  __TI_ATRegion2_src_addr           
00000000  __TI_ATRegion2_trg_addr           
00000000  __TI_static_base__                
00000000  interruptVectors                  
000000c1  Task_2                            
00000200  __STACK_SIZE                      
000002cd  SYSCFG_DL_GPIO_init               
000004b5  __aeabi_dsub                      
000004b5  __subdf3                          
000004bf  __adddf3                          
000004bf  __aeabi_dadd                      
00000647  __aeabi_idiv0                     
00000649  GROUP1_IRQHandler                 
00000769  MPU6050_Init                      
00000889  __aeabi_ddiv                      
00000889  __divdf3                          
00000995  DL_Timer_initFourCCPWMMode        
00000a99  Motor_Control_R                   
00000b99  Motor_Control_L                   
00000c91  DL_Timer_initTimerMode            
00000d79  __aeabi_dmul                      
00000d79  __muldf3                          
00000e5d  __aeabi_fsub                      
00000e5d  __subsf3                          
00000e67  __addsf3                          
00000e67  __aeabi_fadd                      
00000f35  MPU6050_ReadData                  
0000100d  I2C_WaitAck                       
000010dd  Motor_Init                        
000011a1  PID_Compute                       
00001263  MPU6050_WriteReg                  
00001319  SYSCFG_DL_initPower               
000013c9  Send_Byte                         
00001479  SetPWM_L                          
00001525  Read_Byte                         
000015cd  Motor_Proc                        
00001669  SetPWM_R                          
00001705  IS_INBLACK                        
0000179d  IIC_Send_Ack                      
00001831  MPU_Set_LPF                       
000018c1  __aeabi_fmul                      
000018c1  __mulsf3                          
000019d1  __aeabi_fdiv                      
000019d1  __divsf3                          
00001a55  HW_Detect                         
00001ad1  __TI_decompress_lzss              
00001b4d  MPU6050_Proc                      
00001bc5  MPU6050_Update                    
00001c3d  UART_IRQHandler                   
00001cb5  __gedf2                           
00001cb5  __gtdf2                           
00001d29  TIMA0_IRQHandler                  
00001d31  __aeabi_d2f                       
00001d31  __truncdfsf2                      
00001da5  SYSCFG_DL_PWM_L_init              
00001e11  MPU_Set_Rate                      
00001e79  __cmpdf2                          
00001e79  __eqdf2                           
00001e79  __ledf2                           
00001e79  __ltdf2                           
00001e79  __nedf2                           
00001ee1  IIC_Start                         
00001f45  SYSCFG_DL_PWM_Buzzer_init         
00001fa9  SYSCFG_DL_PWM_R_init              
0000200d  __aeabi_dcmpeq                    
00002021  __aeabi_dcmplt                    
00002035  __aeabi_dcmple                    
00002049  __aeabi_dcmpge                    
0000205d  __aeabi_dcmpgt                    
00002071  __aeabi_fcmpeq                    
00002085  __aeabi_fcmplt                    
00002099  __aeabi_fcmple                    
000020ad  __aeabi_fcmpge                    
000020c1  __aeabi_fcmpgt                    
000020d5  IIC_Stop                          
00002131  Encoder_Init                      
00002189  MPU6050_GetTemp                   
000021e1  MPU6050ReadAcc                    
00002235  MPU6050ReadGyro                   
00002289  SYSCFG_DL_HC_06_init              
00002379  SYSCFG_DL_init                    
000023c5  Buzzer_Proc                       
0000240d  DL_UART_init                      
00002455  SYSCFG_DL_TIMER_Encoder_Read_init 
00002495  SYSCFG_DL_TIMER_Tracking_Read_init
000024d5  TIMG6_IRQHandler                  
00002515  __aeabi_uidiv                     
00002515  __aeabi_uidivmod                  
00002555  __aeabi_f2d                       
00002555  __extendsfdf2                     
00002595  PID_Limmit                        
00002611  __aeabi_i2f                       
00002611  __floatsisf                       
0000264d  __gesf2                           
0000264d  __gtsf2                           
00002689  __TI_auto_init_nobinit_nopinit    
000026c5  __cmpsf2                          
000026c5  __eqsf2                           
000026c5  __lesf2                           
000026c5  __ltsf2                           
000026c5  __nesf2                           
00002701  __muldsi3                         
00002775  PID_Init                          
000027ad  __aeabi_f2iz                      
000027ad  __fixsfsi                         
00002819  USART_Init                        
0000284d  __aeabi_f2uiz                     
0000284d  __fixunssfsi                      
000028b1  UART0_IRQHandler                  
000028e1  UART1_IRQHandler                  
00002911  UART2_IRQHandler                  
00002941  UART3_IRQHandler                  
00002a21  __aeabi_i2d                       
00002a21  __floatsidf                       
00002a4d  SYSCFG_DL_SYSCTL_init             
00002a9f  MPU6050ReadID                     
00002ac7  main                              
00002af1  _c_int00_noargs                   
00002b19  Get_yaw                           
00002b3d  SysTick_Handler                   
00002b81  HC06_Init                         
00002cd9  DL_Timer_setCaptCompUpdateMethod  
00002cf5  DL_Timer_setClockConfig           
00002d2d  MPU_Set_Accel_Fsr                 
00002d49  MPU_Set_Gyro_Fsr                  
00002d65  delay_ms                          
00002f01  DL_Timer_setCaptureCompareOutCtl  
00002fb9  PID_Reset                         
00002fcf  delay_us                          
00002fe5  __TI_zero_init_nomemset           
00002ffd  Buzzer_Off                        
00003011  Buzzer_On                         
000030d9  Disable_TB6612                    
000030ed  Enable_TB6612                     
00003101  Motor_SetSpeed_L                  
00003115  Motor_SetSpeed_R                  
00003129  Motor_direction                   
0000313d  Tracking_Init                     
00003175  DL_UART_setClockConfig            
00003187  TI_memcpy_small                   
00003199  __TI_decompress_none              
000031bd  DL_Timer_setCaptureCompareValue   
000031cd  PID_ChangeSP                      
000031dd  Buzzer_Init                       
000031e9  Encoder_Get_L_Speed               
000031f5  Encoder_Get_R_Speed               
00003201  Get_gz                            
0000320d  SYSCFG_DL_SYSTICK_init            
00003219  Tracking_Angle                    
00003225  get_ticks                         
00003231  DL_Common_delayCycles             
0000323d  __aeabi_memcpy                    
0000323d  __aeabi_memcpy4                   
0000323d  __aeabi_memcpy8                   
00003245  abort                             
0000324b  ADC0_IRQHandler                   
0000324b  ADC1_IRQHandler                   
0000324b  AES_IRQHandler                    
0000324b  CANFD0_IRQHandler                 
0000324b  DAC0_IRQHandler                   
0000324b  DMA_IRQHandler                    
0000324b  Default_Handler                   
0000324b  GROUP0_IRQHandler                 
0000324b  HardFault_Handler                 
0000324b  I2C0_IRQHandler                   
0000324b  I2C1_IRQHandler                   
0000324b  NMI_Handler                       
0000324b  PendSV_Handler                    
0000324b  RTC_IRQHandler                    
0000324b  SPI0_IRQHandler                   
0000324b  SPI1_IRQHandler                   
0000324b  SVC_Handler                       
0000324b  TIMA1_IRQHandler                  
0000324b  TIMG0_IRQHandler                  
0000324b  TIMG12_IRQHandler                 
0000324b  TIMG7_IRQHandler                  
0000324b  TIMG8_IRQHandler                  
0000324e  C$$EXIT                           
0000324f  HOSTexit                          
00003253  Reset_Handler                     
00003257  _system_pre_init                  
000032d0  __TI_Handler_Table_Base           
000032dc  __TI_Handler_Table_Limit          
000032e4  __TI_CINIT_Base                   
000032f4  __TI_CINIT_Limit                  
000032f4  __TI_CINIT_Warm                   
20200000  __start___llvm_prf_bits           
20200000  __start___llvm_prf_cnts           
20200000  __stop___llvm_prf_bits            
20200000  __stop___llvm_prf_cnts            
20200000  usart0_str                        
20200100  usart1_str                        
20200200  usart2_str                        
20200300  usart3_str                        
20200410  cnt                               
20200418  last_on_tick                      
2020041c  last_turned_ticks                 
20200424  state                             
20200428  turning_flag                      
2020042c  usart0_str_index                  
20200430  usart0_str_received               
20200434  usart1_str_index                  
20200438  usart1_str_received               
2020043c  usart2_str_index                  
20200440  usart2_str_received               
20200444  usart3_str_index                  
20200448  usart3_str_received               
20200450  usart0_ch                         
20200451  usart1_ch                         
20200452  usart2_ch                         
20200453  usart3_ch                         
20200454  gPWM_BuzzerBackup                 
20200510  gTIMER_Tracking_ReadBackup        
202005cc  gTIMER_Encoder_ReadBackup         
2020066c  pid_direction                     
2020068c  pid_l_high_speed                  
202006ac  pid_l_low_speed                   
202006cc  pid_r_high_speed                  
202006ec  pid_r_low_speed                   
2020070c  pid_tracking                      
2020072c  HC_06                             
20200758  Encoder_L_CNT                     
2020075c  Encoder_L_Port                    
20200760  Encoder_L_VEL                     
20200764  Encoder_R_CNT                     
20200768  Encoder_R_Port                    
2020076c  Encoder_R_VEL                     
20200770  buzzer_flag                       
20200774  duty_diff                         
20200778  duty_l                            
2020077c  duty_r                            
20200780  tracking_flag                     
20207e00  __stack                           
20208000  __STACK_END                       
ffffffff  __TI_pprof_out_hndl               
ffffffff  __TI_prof_data_size               
ffffffff  __TI_prof_data_start              
ffffffff  __binit__                         
ffffffff  binit                             
UNDEFED   __mpu_init                        
UNDEFED   _system_post_cinit                

[248 symbols]
