******************************************************************************
            TI ARM Clang Linker PC v4.0.2                      
******************************************************************************
>> Linked Sun May 25 23:47:57 2025

OUTPUT FILE NAME:   <Patrol Car.out>
ENTRY POINT SYMBOL: "_c_int00_noargs"  address: 00002ab1


MEMORY CONFIGURATION

         name            origin    length      used     unused   attr    fill
----------------------  --------  ---------  --------  --------  ----  --------
  FLASH                 00000000   00020000  000032b8  0001cd48  R  X
  SRAM                  20200000   00008000  0000097c  00007684  RW X
  BCR_CONFIG            41c00000   000000ff  00000000  000000ff  R   
  BSL_CONFIG            41c00100   00000080  00000000  00000080  R   


SEGMENT ALLOCATION MAP

run origin  load origin   length   init length attrs members
----------  ----------- ---------- ----------- ----- -------
00000000    00000000    000032b8   000032b8    r-x
  00000000    00000000    000000c0   000000c0    r-- .intvecs
  000000c0    000000c0    00003160   00003160    r-x .text
  00003220    00003220    00000060   00000060    r-- .rodata
  00003280    00003280    00000038   00000038    r-- .cinit
20200000    20200000    0000077c   00000000    rw-
  20200000    20200000    0000044c   00000000    rw- .data
  2020044c    2020044c    00000330   00000000    rw- .bss
20207e00    20207e00    00000200   00000000    rw-
  20207e00    20207e00    00000200   00000000    rw- .stack


SECTION ALLOCATION MAP

 output                                  attributes/
section   page    origin      length       input sections
--------  ----  ----------  ----------   ----------------
.intvecs   0    00000000    000000c0     
                  00000000    000000c0     startup_mspm0g350x_ticlang.o (.intvecs)

.text      0    000000c0    00003160     
                  000000c0    000001e8     ti_msp_dl_config.o (.text.SYSCFG_DL_GPIO_init)
                  000002a8    000001c8     main.o (.text.Task_2)
                  00000470    00000192     libclang_rt.builtins.a : adddf3.S.obj (.text.adddf3_subdf3)
                  00000602    00000002                            : aeabi_div0.c.obj (.text.__aeabi_idiv0)
                  00000604    00000120     encoder.o (.text.GROUP1_IRQHandler)
                  00000724    00000120     mpu6050.o (.text.MPU6050_Init)
                  00000844    0000010c     libclang_rt.builtins.a : divdf3.S.obj (.text.__divdf3)
                  00000950    00000104     driverlib.a : dl_timer.o (.text.DL_Timer_initFourCCPWMMode)
                  00000a54    00000100     motor.o (.text.Motor_Control_R)
                  00000b54    000000f8     motor.o (.text.Motor_Control_L)
                  00000c4c    000000e8     driverlib.a : dl_timer.o (.text.DL_Timer_initTimerMode)
                  00000d34    000000e4     libclang_rt.builtins.a : muldf3.S.obj (.text.__muldf3)
                  00000e18    000000d8                            : addsf3.S.obj (.text)
                  00000ef0    000000d6     mpu6050.o (.text.MPU6050_ReadData)
                  00000fc6    00000002     --HOLE-- [fill = 0]
                  00000fc8    000000d0     mpu6050.o (.text.I2C_WaitAck)
                  00001098    000000c4     motor.o (.text.Motor_Init)
                  0000115c    000000c2     pid.o (.text.PID_Compute)
                  0000121e    000000b4     mpu6050.o (.text.MPU6050_WriteReg)
                  000012d2    00000002     --HOLE-- [fill = 0]
                  000012d4    000000b0     ti_msp_dl_config.o (.text.SYSCFG_DL_initPower)
                  00001384    000000b0     mpu6050.o (.text.Send_Byte)
                  00001434    000000ac     tb6612.o (.text.SetPWM_L)
                  000014e0    000000a8     mpu6050.o (.text.Read_Byte)
                  00001588    0000009c     motor.o (.text.Motor_Proc)
                  00001624    0000009c     tb6612.o (.text.SetPWM_R)
                  000016c0    00000098     tracking.o (.text.IS_INBLACK)
                  00001758    00000094     mpu6050.o (.text.IIC_Send_Ack)
                  000017ec    0000008e     mpu6050.o (.text.MPU_Set_LPF)
                  0000187a    00000002     --HOLE-- [fill = 0]
                  0000187c    0000008c     libclang_rt.builtins.a : mulsf3.S.obj (.text.__mulsf3)
                  00001908    00000084     ti_msp_dl_config.o (.text.__NVIC_SetPriority)
                  0000198c    00000082     libclang_rt.builtins.a : divsf3.S.obj (.text.__divsf3)
                  00001a0e    00000002     --HOLE-- [fill = 0]
                  00001a10    0000007c     tracking.o (.text.HW_Detect)
                  00001a8c    0000007c     libc.a : copy_decompress_lzss.c.obj (.text:decompress:lzss)
                  00001b08    00000078     mpu6050.o (.text.MPU6050_Proc)
                  00001b80    00000078     mpu6050.o (.text.MPU6050_Update)
                  00001bf8    00000076     usart.o (.text.UART_IRQHandler)
                  00001c6e    00000002     --HOLE-- [fill = 0]
                  00001c70    00000074     libclang_rt.builtins.a : comparedf2.c.obj (.text.__gedf2)
                  00001ce4    0000000c     buzzer.o (.text.Buzzer_Init)
                  00001cf0    00000074     libclang_rt.builtins.a : truncdfsf2.S.obj (.text.__truncdfsf2)
                  00001d64    0000006c     ti_msp_dl_config.o (.text.SYSCFG_DL_PWM_L_init)
                  00001dd0    00000068     mpu6050.o (.text.MPU_Set_Rate)
                  00001e38    00000068     libclang_rt.builtins.a : comparedf2.c.obj (.text.__ledf2)
                  00001ea0    00000064     mpu6050.o (.text.IIC_Start)
                  00001f04    00000064     ti_msp_dl_config.o (.text.SYSCFG_DL_PWM_Buzzer_init)
                  00001f68    00000064     ti_msp_dl_config.o (.text.SYSCFG_DL_PWM_R_init)
                  00001fcc    00000062     libclang_rt.builtins.a : aeabi_dcmp.S.obj (.text.__aeabi_dcmp)
                  0000202e    00000002     --HOLE-- [fill = 0]
                  00002030    00000062                            : aeabi_fcmp.S.obj (.text.__aeabi_fcmp)
                  00002092    00000002     --HOLE-- [fill = 0]
                  00002094    0000005c     mpu6050.o (.text.IIC_Stop)
                  000020f0    00000058     encoder.o (.text.Encoder_Init)
                  00002148    00000058     mpu6050.o (.text.MPU6050_GetTemp)
                  000021a0    00000054     mpu6050.o (.text.MPU6050ReadAcc)
                  000021f4    00000054     mpu6050.o (.text.MPU6050ReadGyro)
                  00002248    00000054     ti_msp_dl_config.o (.text.SYSCFG_DL_HC_06_init)
                  0000229c    00000050     ti_msp_dl_config.o (.text.SysTick_Config)
                  000022ec    0000004c     ti_msp_dl_config.o (.text.DL_UART_setBaudRateDivisor)
                  00002338    0000004c     ti_msp_dl_config.o (.text.SYSCFG_DL_init)
                  00002384    00000048     buzzer.o (.text.Buzzer_Proc)
                  000023cc    00000048     driverlib.a : dl_uart.o (.text.DL_UART_init)
                  00002414    00000040     ti_msp_dl_config.o (.text.SYSCFG_DL_TIMER_Encoder_Read_init)
                  00002454    00000040     ti_msp_dl_config.o (.text.SYSCFG_DL_TIMER_Tracking_Read_init)
                  00002494    00000040     encoder.o (.text.TIMG6_IRQHandler)
                  000024d4    00000040     libclang_rt.builtins.a : aeabi_uidivmod.S.obj (.text.__aeabi_uidivmod)
                  00002514    00000040                            : extendsfdf2.S.obj (.text.__extendsfdf2)
                  00002554    0000003e     pid.o (.text.PID_Limmit)
                  00002592    00000002     --HOLE-- [fill = 0]
                  00002594    0000003c     ti_msp_dl_config.o (.text.DL_Timer_setCounterControl)
                  000025d0    0000003c     libclang_rt.builtins.a : floatsisf.S.obj (.text.__floatsisf)
                  0000260c    0000003c                            : comparesf2.S.obj (.text.__gtsf2)
                  00002648    0000003c     libc.a : autoinit.c.obj (.text:__TI_auto_init_nobinit_nopinit)
                  00002684    0000003a     libclang_rt.builtins.a : comparesf2.S.obj (.text.__eqsf2)
                  000026be    00000002     --HOLE-- [fill = 0]
                  000026c0    0000003a                            : muldsi3.S.obj (.text.__muldsi3)
                  000026fa    00000002     --HOLE-- [fill = 0]
                  000026fc    00000038     ti_msp_dl_config.o (.text.DL_GPIO_initPeripheralOutputFunctionFeatures)
                  00002734    00000038     pid.o (.text.PID_Init)
                  0000276c    00000038     libclang_rt.builtins.a : fixsfsi.S.obj (.text.__fixsfsi)
                  000027a4    00000034     ti_msp_dl_config.o (.text.DL_GPIO_initDigitalInputFeatures)
                  000027d8    00000032     usart.o (.text.USART_Init)
                  0000280a    00000002     --HOLE-- [fill = 0]
                  0000280c    00000032     libclang_rt.builtins.a : fixunssfsi.S.obj (.text.__fixunssfsi)
                  0000283e    00000002     --HOLE-- [fill = 0]
                  00002840    00000030     ti_msp_dl_config.o (.text.DL_GPIO_initDigitalOutputFeatures)
                  00002870    00000030     usart.o (.text.UART0_IRQHandler)
                  000028a0    00000030     usart.o (.text.UART1_IRQHandler)
                  000028d0    00000030     usart.o (.text.UART2_IRQHandler)
                  00002900    00000030     usart.o (.text.UART3_IRQHandler)
                  00002930    0000002c     usart.o (.text.__NVIC_ClearPendingIRQ)
                  0000295c    0000002c     encoder.o (.text.__NVIC_EnableIRQ)
                  00002988    0000002c     tracking.o (.text.__NVIC_EnableIRQ)
                  000029b4    0000002c     usart.o (.text.__NVIC_EnableIRQ)
                  000029e0    0000002c     libclang_rt.builtins.a : floatsidf.S.obj (.text.__floatsidf)
                  00002a0c    0000002a     ti_msp_dl_config.o (.text.SYSCFG_DL_SYSCTL_init)
                  00002a36    00000028     ti_msp_dl_config.o (.text.DL_Common_updateReg)
                  00002a5e    00000028     mpu6050.o (.text.MPU6050ReadID)
                  00002a86    00000028     main.o (.text.main)
                  00002aae    00000002     --HOLE-- [fill = 0]
                  00002ab0    00000028     libc.a : boot_cortex_m.c.obj (.text:_c_int00_noargs)
                  00002ad8    00000024     mpu6050.o (.text.Get_yaw)
                  00002afc    00000024     delay.o (.text.SysTick_Handler)
                  00002b20    00000020     ti_msp_dl_config.o (.text.DL_GPIO_initPeripheralInputFunction)
                  00002b40    00000020     hc_06.o (.text.HC06_Init)
                  00002b60    0000001e     ti_msp_dl_config.o (.text.DL_UART_setOversampling)
                  00002b7e    00000002     --HOLE-- [fill = 0]
                  00002b80    0000001c     encoder.o (.text.DL_GPIO_clearInterruptStatus)
                  00002b9c    0000001c     ti_msp_dl_config.o (.text.DL_GPIO_clearInterruptStatus)
                  00002bb8    0000001c     ti_msp_dl_config.o (.text.DL_GPIO_enableInterrupt)
                  00002bd4    0000001c     mpu6050.o (.text.DL_GPIO_initDigitalInput)
                  00002bf0    0000001c     ti_msp_dl_config.o (.text.DL_GPIO_initPeripheralOutputFunction)
                  00002c0c    0000001c     ti_msp_dl_config.o (.text.DL_GPIO_setLowerPinsInputFilter)
                  00002c28    0000001c     ti_msp_dl_config.o (.text.DL_GPIO_setLowerPinsPolarity)
                  00002c44    0000001c     ti_msp_dl_config.o (.text.DL_GPIO_setUpperPinsInputFilter)
                  00002c60    0000001c     ti_msp_dl_config.o (.text.DL_SYSCTL_setSYSOSCFreq)
                  00002c7c    0000001c     ti_msp_dl_config.o (.text.DL_Timer_enableInterrupt)
                  00002c98    0000001c     driverlib.a : dl_timer.o (.text.DL_Timer_setCaptCompUpdateMethod)
                  00002cb4    0000001c                 : dl_timer.o (.text.DL_Timer_setClockConfig)
                  00002cd0    0000001c     ti_msp_dl_config.o (.text.DL_UART_enableInterrupt)
                  00002cec    0000001c     mpu6050.o (.text.MPU_Set_Accel_Fsr)
                  00002d08    0000001c     mpu6050.o (.text.MPU_Set_Gyro_Fsr)
                  00002d24    0000001a     delay.o (.text.delay_ms)
                  00002d3e    00000002     --HOLE-- [fill = 0]
                  00002d40    00000018     mpu6050.o (.text.DL_GPIO_enableOutput)
                  00002d58    00000018     ti_msp_dl_config.o (.text.DL_GPIO_enableOutput)
                  00002d70    00000018     ti_msp_dl_config.o (.text.DL_GPIO_enablePower)
                  00002d88    00000018     encoder.o (.text.DL_GPIO_getEnabledInterruptStatus)
                  00002da0    00000018     mpu6050.o (.text.DL_GPIO_initDigitalOutput)
                  00002db8    00000018     ti_msp_dl_config.o (.text.DL_GPIO_initDigitalOutput)
                  00002dd0    00000018     ti_msp_dl_config.o (.text.DL_GPIO_reset)
                  00002de8    00000018     mpu6050.o (.text.DL_GPIO_setPins)
                  00002e00    00000018     tb6612.o (.text.DL_GPIO_setPins)
                  00002e18    00000018     ti_msp_dl_config.o (.text.DL_GPIO_setPins)
                  00002e30    00000018     ti_msp_dl_config.o (.text.DL_GPIO_setUpperPinsPolarity)
                  00002e48    00000018     ti_msp_dl_config.o (.text.DL_MathACL_enablePower)
                  00002e60    00000018     ti_msp_dl_config.o (.text.DL_MathACL_reset)
                  00002e78    00000018     ti_msp_dl_config.o (.text.DL_SYSCTL_setBORThreshold)
                  00002e90    00000018     ti_msp_dl_config.o (.text.DL_Timer_enablePower)
                  00002ea8    00000018     ti_msp_dl_config.o (.text.DL_Timer_reset)
                  00002ec0    00000018     driverlib.a : dl_timer.o (.text.DL_Timer_setCaptureCompareOutCtl)
                  00002ed8    00000018     encoder.o (.text.DL_Timer_startCounter)
                  00002ef0    00000018     ti_msp_dl_config.o (.text.DL_UART_enablePower)
                  00002f08    00000018     ti_msp_dl_config.o (.text.DL_UART_reset)
                  00002f20    00000016     encoder.o (.text.DL_GPIO_readPins)
                  00002f36    00000016     mpu6050.o (.text.DL_GPIO_readPins)
                  00002f4c    00000016     tracking.o (.text.DL_GPIO_readPins)
                  00002f62    00000016     ti_msp_dl_config.o (.text.DL_UART_enable)
                  00002f78    00000016     pid.o (.text.PID_Reset)
                  00002f8e    00000016     delay.o (.text.delay_us)
                  00002fa4    00000016     libc.a : copy_zero_init.c.obj (.text:decompress:ZI:__TI_zero_init_nomemset)
                  00002fba    00000002     --HOLE-- [fill = 0]
                  00002fbc    00000014     buzzer.o (.text.Buzzer_Off)
                  00002fd0    00000014     buzzer.o (.text.Buzzer_On)
                  00002fe4    00000014     encoder.o (.text.DL_GPIO_clearPins)
                  00002ff8    00000014     mpu6050.o (.text.DL_GPIO_clearPins)
                  0000300c    00000014     tb6612.o (.text.DL_GPIO_clearPins)
                  00003020    00000014     ti_msp_dl_config.o (.text.DL_GPIO_clearPins)
                  00003034    00000014     ti_msp_dl_config.o (.text.DL_SYSCTL_disableSYSPLL)
                  00003048    00000014     ti_msp_dl_config.o (.text.DL_SYSCTL_enableMFCLK)
                  0000305c    00000014     ti_msp_dl_config.o (.text.DL_Timer_enableClock)
                  00003070    00000014     ti_msp_dl_config.o (.text.DL_Timer_setCCPDirection)
                  00003084    00000014     usart.o (.text.DL_UART_receiveData)
                  00003098    00000014     tb6612.o (.text.Disable_TB6612)
                  000030ac    00000014     tb6612.o (.text.Enable_TB6612)
                  000030c0    00000014     motor.o (.text.Motor_SetSpeed_L)
                  000030d4    00000014     motor.o (.text.Motor_SetSpeed_R)
                  000030e8    00000014     motor.o (.text.Motor_direction)
                  000030fc    00000014     tracking.o (.text.Tracking_Init)
                  00003110    00000012     encoder.o (.text.DL_Timer_getPendingInterrupt)
                  00003122    00000012     usart.o (.text.DL_UART_getPendingInterrupt)
                  00003134    00000012     driverlib.a : dl_uart.o (.text.DL_UART_setClockConfig)
                  00003146    00000012     libc.a : memcpy16.S.obj (.text:TI_memcpy_small)
                  00003158    00000012            : copy_decompress_none.c.obj (.text:decompress:none)
                  0000316a    00000002     --HOLE-- [fill = 0]
                  0000316c    00000010     ti_msp_dl_config.o (.text.DL_SYSCTL_disableHFXT)
                  0000317c    00000010     driverlib.a : dl_timer.o (.text.DL_Timer_setCaptureCompareValue)
                  0000318c    00000010     pid.o (.text.PID_ChangeSP)
                  0000319c    0000000c     encoder.o (.text.Encoder_Get_L_Speed)
                  000031a8    0000000c     encoder.o (.text.Encoder_Get_R_Speed)
                  000031b4    0000000c     mpu6050.o (.text.Get_gz)
                  000031c0    0000000c     ti_msp_dl_config.o (.text.SYSCFG_DL_SYSTICK_init)
                  000031cc    0000000c     tracking.o (.text.Tracking_Angle)
                  000031d8    0000000c     delay.o (.text.get_ticks)
                  000031e4    0000000a     driverlib.a : dl_common.o (.text.DL_Common_delayCycles)
                  000031ee    00000008     tracking.o (.text.TIMA0_IRQHandler)
                  000031f6    00000002     --HOLE-- [fill = 0]
                  000031f8    00000008     libclang_rt.builtins.a : aeabi_memcpy.S.obj (.text.__aeabi_memcpy)
                  00003200    00000006     libc.a : exit.c.obj (.text:abort)
                  00003206    00000004     startup_mspm0g350x_ticlang.o (.text.Default_Handler)
                  0000320a    00000004     libsysbm.a : hostexit.c.obj (.text.HOSTexit)
                  0000320e    00000004     startup_mspm0g350x_ticlang.o (.text.Reset_Handler)
                  00003212    00000004     libc.a : pre_init.c.obj (.text._system_pre_init)
                  00003216    0000000a     --HOLE-- [fill = 0]

.cinit     0    00003280    00000038     
                  00003280    0000000e     (.cinit..data.load) [load image, compression = lzss]
                  0000328e    00000002     --HOLE-- [fill = 0]
                  00003290    0000000c     (__TI_handler_table)
                  0000329c    00000008     (.cinit..bss.load) [load image, compression = zero_init]
                  000032a4    00000010     (__TI_cinit_table)
                  000032b4    00000004     --HOLE-- [fill = 0]

.rodata    0    00003220    00000060     
                  00003220    00000014     ti_msp_dl_config.o (.rodata.gTIMER_Encoder_ReadTimerConfig)
                  00003234    00000014     ti_msp_dl_config.o (.rodata.gTIMER_Tracking_ReadTimerConfig)
                  00003248    0000000a     ti_msp_dl_config.o (.rodata.gHC_06Config)
                  00003252    00000002     ti_msp_dl_config.o (.rodata.gHC_06ClockConfig)
                  00003254    00000008     ti_msp_dl_config.o (.rodata.gPWM_BuzzerConfig)
                  0000325c    00000008     ti_msp_dl_config.o (.rodata.gPWM_LConfig)
                  00003264    00000008     ti_msp_dl_config.o (.rodata.gPWM_RConfig)
                  0000326c    00000003     ti_msp_dl_config.o (.rodata.gPWM_BuzzerClockConfig)
                  0000326f    00000003     ti_msp_dl_config.o (.rodata.gPWM_LClockConfig)
                  00003272    00000003     ti_msp_dl_config.o (.rodata.gPWM_RClockConfig)
                  00003275    00000003     ti_msp_dl_config.o (.rodata.gTIMER_Encoder_ReadClockConfig)
                  00003278    00000003     ti_msp_dl_config.o (.rodata.gTIMER_Tracking_ReadClockConfig)
                  0000327b    00000005     --HOLE-- [fill = 0]

.init_array 
*          0    00000000    00000000     UNINITIALIZED

.binit     0    00000000    00000000     

.data      0    20200000    0000044c     UNINITIALIZED
                  20200000    00000100     usart.o (.data.usart0_str)
                  20200100    00000100     usart.o (.data.usart1_str)
                  20200200    00000100     usart.o (.data.usart2_str)
                  20200300    00000100     usart.o (.data.usart3_str)
                  20200400    00000008     delay.o (.data.systicks)
                  20200408    00000004     mpu6050.o (.data.MPU6050_Proc.nxt)
                  2020040c    00000004     motor.o (.data.Motor_Proc.nxt)
                  20200410    00000004     main.o (.data.cnt)
                  20200414    00000004     mpu6050.o (.data.gz_ploy)
                  20200418    00000004     buzzer.o (.data.last_on_tick)
                  2020041c    00000004     main.o (.data.speed)
                  20200420    00000004     main.o (.data.state)
                  20200424    00000004     usart.o (.data.usart0_str_index)
                  20200428    00000004     usart.o (.data.usart0_str_received)
                  2020042c    00000004     usart.o (.data.usart1_str_index)
                  20200430    00000004     usart.o (.data.usart1_str_received)
                  20200434    00000004     usart.o (.data.usart2_str_index)
                  20200438    00000004     usart.o (.data.usart2_str_received)
                  2020043c    00000004     usart.o (.data.usart3_str_index)
                  20200440    00000004     usart.o (.data.usart3_str_received)
                  20200444    00000004     mpu6050.o (.data.yaw)
                  20200448    00000001     usart.o (.data.usart0_ch)
                  20200449    00000001     usart.o (.data.usart1_ch)
                  2020044a    00000001     usart.o (.data.usart2_ch)
                  2020044b    00000001     usart.o (.data.usart3_ch)

.bss       0    2020044c    00000330     UNINITIALIZED
                  2020044c    000000bc     (.common:gPWM_BuzzerBackup)
                  20200508    000000bc     (.common:gTIMER_Tracking_ReadBackup)
                  202005c4    000000a0     (.common:gTIMER_Encoder_ReadBackup)
                  20200664    00000020     (.common:pid_direction)
                  20200684    00000020     (.common:pid_l_high_speed)
                  202006a4    00000020     (.common:pid_l_low_speed)
                  202006c4    00000020     (.common:pid_r_high_speed)
                  202006e4    00000020     (.common:pid_r_low_speed)
                  20200704    00000020     (.common:pid_tracking)
                  20200724    00000008     (.common:HC_06)
                  2020072c    00000004     tracking.o (.bss.Tracking_value)
                  20200730    00000004     mpu6050.o (.bss.ax)
                  20200734    00000004     mpu6050.o (.bss.gx)
                  20200738    00000004     mpu6050.o (.bss.gz)
                  2020073c    00000004     motor.o (.bss.omeg_l)
                  20200740    00000004     motor.o (.bss.omeg_r)
                  20200744    00000004     motor.o (.bss.target_speed_l)
                  20200748    00000004     motor.o (.bss.target_speed_r)
                  2020074c    00000004     mpu6050.o (.bss.temperature)
                  20200750    00000004     (.common:Encoder_L_CNT)
                  20200754    00000004     (.common:Encoder_L_Port)
                  20200758    00000004     (.common:Encoder_L_VEL)
                  2020075c    00000004     (.common:Encoder_R_CNT)
                  20200760    00000004     (.common:Encoder_R_Port)
                  20200764    00000004     (.common:Encoder_R_VEL)
                  20200768    00000004     (.common:buzzer_flag)
                  2020076c    00000004     (.common:duty_diff)
                  20200770    00000004     (.common:duty_l)
                  20200774    00000004     (.common:duty_r)
                  20200778    00000004     (.common:tracking_flag)

.stack     0    20207e00    00000200     UNINITIALIZED
                  20207e00    00000004     libc.a : boot_cortex_m.c.obj (.stack)
                  20207e04    000001fc     --HOLE--

__llvm_prf_cnts 
*          0    20200000    00000000     UNINITIALIZED

__llvm_prf_bits 
*          0    20200000    00000000     UNINITIALIZED

MODULE SUMMARY

       Module                         code    ro data   rw data
       ------                         ----    -------   -------
    .\
       ti_msp_dl_config.o             2622    91        536    
       main.o                         496     0         232    
       startup_mspm0g350x_ticlang.o   8       192       0      
    +--+------------------------------+-------+---------+---------+
       Total:                         3126    283       768    
                                                               
    .\app\buzzer\
       buzzer.o                       124     0         4      
    +--+------------------------------+-------+---------+---------+
       Total:                         124     0         4      
                                                               
    .\app\encoder\
       encoder.o                      644     0         24     
    +--+------------------------------+-------+---------+---------+
       Total:                         644     0         24     
                                                               
    .\app\hc_06\
       hc_06.o                        32      0         0      
    +--+------------------------------+-------+---------+---------+
       Total:                         32      0         0      
                                                               
    .\app\motor\
       motor.o                        916     0         20     
    +--+------------------------------+-------+---------+---------+
       Total:                         916     0         20     
                                                               
    .\app\mpu6050\
       mpu6050.o                      2602    0         28     
    +--+------------------------------+-------+---------+---------+
       Total:                         2602    0         28     
                                                               
    .\app\tb6612\
       tb6612.o                       412     0         0      
    +--+------------------------------+-------+---------+---------+
       Total:                         412     0         0      
                                                               
    .\app\tracking\
       tracking.o                     382     0         4      
    +--+------------------------------+-------+---------+---------+
       Total:                         382     0         4      
                                                               
    .\lib\delay\
       delay.o                        96      0         8      
    +--+------------------------------+-------+---------+---------+
       Total:                         96      0         8      
                                                               
    .\lib\pid\
       pid.o                          350     0         0      
    +--+------------------------------+-------+---------+---------+
       Total:                         350     0         0      
                                                               
    .\lib\usart\
       usart.o                        486     0         1060   
    +--+------------------------------+-------+---------+---------+
       Total:                         486     0         1060   
                                                               
    C:/TI/mspm0_sdk_2_04_00_06/source/ti/driverlib/lib/ticlang/m0p/mspm0g1x0x_g3x0x/driverlib.a
       dl_timer.o                     588     0         0      
       dl_uart.o                      90      0         0      
       dl_common.o                    10      0         0      
    +--+------------------------------+-------+---------+---------+
       Total:                         688     0         0      
                                                               
    D:\CCS\ccs\tools\compiler\ti-cgt-armllvm_4.0.2.LTS\lib\armv6m-ti-none-eabi/c/libc.a
       copy_decompress_lzss.c.obj     124     0         0      
       autoinit.c.obj                 60      0         0      
       boot_cortex_m.c.obj            40      0         0      
       copy_zero_init.c.obj           22      0         0      
       copy_decompress_none.c.obj     18      0         0      
       memcpy16.S.obj                 18      0         0      
       exit.c.obj                     6       0         0      
       pre_init.c.obj                 4       0         0      
    +--+------------------------------+-------+---------+---------+
       Total:                         292     0         0      
                                                               
    D:\CCS\ccs\tools\compiler\ti-cgt-armllvm_4.0.2.LTS\lib\armv6m-ti-none-eabi/c/libsysbm.a
       hostexit.c.obj                 4       0         0      
    +--+------------------------------+-------+---------+---------+
       Total:                         4       0         0      
                                                               
    D:\CCS\ccs\tools\compiler\ti-cgt-armllvm_4.0.2.LTS\lib\armv6m-ti-none-eabi/libclang_rt.builtins.a
       adddf3.S.obj                   402     0         0      
       divdf3.S.obj                   268     0         0      
       muldf3.S.obj                   228     0         0      
       comparedf2.c.obj               220     0         0      
       addsf3.S.obj                   216     0         0      
       mulsf3.S.obj                   140     0         0      
       divsf3.S.obj                   130     0         0      
       comparesf2.S.obj               118     0         0      
       truncdfsf2.S.obj               116     0         0      
       aeabi_dcmp.S.obj               98      0         0      
       aeabi_fcmp.S.obj               98      0         0      
       aeabi_uidivmod.S.obj           64      0         0      
       extendsfdf2.S.obj              64      0         0      
       floatsisf.S.obj                60      0         0      
       muldsi3.S.obj                  58      0         0      
       fixsfsi.S.obj                  56      0         0      
       fixunssfsi.S.obj               50      0         0      
       floatsidf.S.obj                44      0         0      
       aeabi_memcpy.S.obj             8       0         0      
       aeabi_div0.c.obj               2       0         0      
    +--+------------------------------+-------+---------+---------+
       Total:                         2440    0         0      
                                                               
       Stack:                         0       0         512    
       Linker Generated:              0       50        0      
    +--+------------------------------+-------+---------+---------+
       Grand Total:                   12594   333       2428   


LINKER GENERATED COPY TABLES

__TI_cinit_table @ 000032a4 records: 2, size/record: 8, table size: 16
	.data: load addr=00003280, load size=0000000e bytes, run addr=20200000, run size=0000044c bytes, compression=lzss
	.bss: load addr=0000329c, load size=00000008 bytes, run addr=2020044c, run size=00000330 bytes, compression=zero_init


LINKER GENERATED HANDLER TABLE

__TI_handler_table @ 00003290 records: 3, size/record: 4, table size: 12
	index: 0, handler: __TI_decompress_lzss
	index: 1, handler: __TI_decompress_none
	index: 2, handler: __TI_zero_init


GLOBAL SYMBOLS: SORTED ALPHABETICALLY BY Name 

address   name                              
-------   ----                              
00003207  ADC0_IRQHandler                   
00003207  ADC1_IRQHandler                   
00003207  AES_IRQHandler                    
00001ce5  Buzzer_Init                       
00002fbd  Buzzer_Off                        
00002fd1  Buzzer_On                         
00002385  Buzzer_Proc                       
0000320a  C$$EXIT                           
00003207  CANFD0_IRQHandler                 
00003207  DAC0_IRQHandler                   
000031e5  DL_Common_delayCycles             
00000951  DL_Timer_initFourCCPWMMode        
00000c4d  DL_Timer_initTimerMode            
00002c99  DL_Timer_setCaptCompUpdateMethod  
00002ec1  DL_Timer_setCaptureCompareOutCtl  
0000317d  DL_Timer_setCaptureCompareValue   
00002cb5  DL_Timer_setClockConfig           
000023cd  DL_UART_init                      
00003135  DL_UART_setClockConfig            
00003207  DMA_IRQHandler                    
00003207  Default_Handler                   
00003099  Disable_TB6612                    
000030ad  Enable_TB6612                     
0000319d  Encoder_Get_L_Speed               
000031a9  Encoder_Get_R_Speed               
000020f1  Encoder_Init                      
20200750  Encoder_L_CNT                     
20200754  Encoder_L_Port                    
20200758  Encoder_L_VEL                     
2020075c  Encoder_R_CNT                     
20200760  Encoder_R_Port                    
20200764  Encoder_R_VEL                     
00003207  GROUP0_IRQHandler                 
00000605  GROUP1_IRQHandler                 
000031b5  Get_gz                            
00002ad9  Get_yaw                           
00002b41  HC06_Init                         
20200724  HC_06                             
0000320b  HOSTexit                          
00001a11  HW_Detect                         
00003207  HardFault_Handler                 
00003207  I2C0_IRQHandler                   
00003207  I2C1_IRQHandler                   
00000fc9  I2C_WaitAck                       
00001759  IIC_Send_Ack                      
00001ea1  IIC_Start                         
00002095  IIC_Stop                          
000016c1  IS_INBLACK                        
000021a1  MPU6050ReadAcc                    
000021f5  MPU6050ReadGyro                   
00002a5f  MPU6050ReadID                     
00002149  MPU6050_GetTemp                   
00000725  MPU6050_Init                      
00001b09  MPU6050_Proc                      
00000ef1  MPU6050_ReadData                  
00001b81  MPU6050_Update                    
0000121f  MPU6050_WriteReg                  
00002ced  MPU_Set_Accel_Fsr                 
00002d09  MPU_Set_Gyro_Fsr                  
000017ed  MPU_Set_LPF                       
00001dd1  MPU_Set_Rate                      
00000b55  Motor_Control_L                   
00000a55  Motor_Control_R                   
00001099  Motor_Init                        
00001589  Motor_Proc                        
000030c1  Motor_SetSpeed_L                  
000030d5  Motor_SetSpeed_R                  
000030e9  Motor_direction                   
00003207  NMI_Handler                       
0000318d  PID_ChangeSP                      
0000115d  PID_Compute                       
00002735  PID_Init                          
00002555  PID_Limmit                        
00002f79  PID_Reset                         
00003207  PendSV_Handler                    
00003207  RTC_IRQHandler                    
000014e1  Read_Byte                         
0000320f  Reset_Handler                     
00003207  SPI0_IRQHandler                   
00003207  SPI1_IRQHandler                   
00003207  SVC_Handler                       
000000c1  SYSCFG_DL_GPIO_init               
00002249  SYSCFG_DL_HC_06_init              
00001f05  SYSCFG_DL_PWM_Buzzer_init         
00001d65  SYSCFG_DL_PWM_L_init              
00001f69  SYSCFG_DL_PWM_R_init              
00002a0d  SYSCFG_DL_SYSCTL_init             
000031c1  SYSCFG_DL_SYSTICK_init            
00002415  SYSCFG_DL_TIMER_Encoder_Read_init 
00002455  SYSCFG_DL_TIMER_Tracking_Read_init
00002339  SYSCFG_DL_init                    
000012d5  SYSCFG_DL_initPower               
00001385  Send_Byte                         
00001435  SetPWM_L                          
00001625  SetPWM_R                          
00002afd  SysTick_Handler                   
000031ef  TIMA0_IRQHandler                  
00003207  TIMA1_IRQHandler                  
00003207  TIMG0_IRQHandler                  
00003207  TIMG12_IRQHandler                 
00002495  TIMG6_IRQHandler                  
00003207  TIMG7_IRQHandler                  
00003207  TIMG8_IRQHandler                  
00003147  TI_memcpy_small                   
000002a9  Task_2                            
000031cd  Tracking_Angle                    
000030fd  Tracking_Init                     
00002871  UART0_IRQHandler                  
000028a1  UART1_IRQHandler                  
000028d1  UART2_IRQHandler                  
00002901  UART3_IRQHandler                  
00001bf9  UART_IRQHandler                   
000027d9  USART_Init                        
20208000  __STACK_END                       
00000200  __STACK_SIZE                      
00000000  __TI_ATRegion0_region_sz          
00000000  __TI_ATRegion0_src_addr           
00000000  __TI_ATRegion0_trg_addr           
00000000  __TI_ATRegion1_region_sz          
00000000  __TI_ATRegion1_src_addr           
00000000  __TI_ATRegion1_trg_addr           
00000000  __TI_ATRegion2_region_sz          
00000000  __TI_ATRegion2_src_addr           
00000000  __TI_ATRegion2_trg_addr           
000032a4  __TI_CINIT_Base                   
000032b4  __TI_CINIT_Limit                  
000032b4  __TI_CINIT_Warm                   
00003290  __TI_Handler_Table_Base           
0000329c  __TI_Handler_Table_Limit          
00002649  __TI_auto_init_nobinit_nopinit    
00001a8d  __TI_decompress_lzss              
00003159  __TI_decompress_none              
ffffffff  __TI_pprof_out_hndl               
ffffffff  __TI_prof_data_size               
ffffffff  __TI_prof_data_start              
00000000  __TI_static_base__                
00002fa5  __TI_zero_init_nomemset           
0000047b  __adddf3                          
00000e23  __addsf3                          
00001cf1  __aeabi_d2f                       
0000047b  __aeabi_dadd                      
00001fcd  __aeabi_dcmpeq                    
00002009  __aeabi_dcmpge                    
0000201d  __aeabi_dcmpgt                    
00001ff5  __aeabi_dcmple                    
00001fe1  __aeabi_dcmplt                    
00000845  __aeabi_ddiv                      
00000d35  __aeabi_dmul                      
00000471  __aeabi_dsub                      
00002515  __aeabi_f2d                       
0000276d  __aeabi_f2iz                      
0000280d  __aeabi_f2uiz                     
00000e23  __aeabi_fadd                      
00002031  __aeabi_fcmpeq                    
0000206d  __aeabi_fcmpge                    
00002081  __aeabi_fcmpgt                    
00002059  __aeabi_fcmple                    
00002045  __aeabi_fcmplt                    
0000198d  __aeabi_fdiv                      
0000187d  __aeabi_fmul                      
00000e19  __aeabi_fsub                      
000029e1  __aeabi_i2d                       
000025d1  __aeabi_i2f                       
00000603  __aeabi_idiv0                     
000031f9  __aeabi_memcpy                    
000031f9  __aeabi_memcpy4                   
000031f9  __aeabi_memcpy8                   
000024d5  __aeabi_uidiv                     
000024d5  __aeabi_uidivmod                  
ffffffff  __binit__                         
00001e39  __cmpdf2                          
00002685  __cmpsf2                          
00000845  __divdf3                          
0000198d  __divsf3                          
00001e39  __eqdf2                           
00002685  __eqsf2                           
00002515  __extendsfdf2                     
0000276d  __fixsfsi                         
0000280d  __fixunssfsi                      
000029e1  __floatsidf                       
000025d1  __floatsisf                       
00001c71  __gedf2                           
0000260d  __gesf2                           
00001c71  __gtdf2                           
0000260d  __gtsf2                           
00001e39  __ledf2                           
00002685  __lesf2                           
00001e39  __ltdf2                           
00002685  __ltsf2                           
UNDEFED   __mpu_init                        
00000d35  __muldf3                          
000026c1  __muldsi3                         
0000187d  __mulsf3                          
00001e39  __nedf2                           
00002685  __nesf2                           
20207e00  __stack                           
20200000  __start___llvm_prf_bits           
20200000  __start___llvm_prf_cnts           
20200000  __stop___llvm_prf_bits            
20200000  __stop___llvm_prf_cnts            
00000471  __subdf3                          
00000e19  __subsf3                          
00001cf1  __truncdfsf2                      
00002ab1  _c_int00_noargs                   
UNDEFED   _system_post_cinit                
00003213  _system_pre_init                  
00003201  abort                             
ffffffff  binit                             
20200768  buzzer_flag                       
20200410  cnt                               
00002d25  delay_ms                          
00002f8f  delay_us                          
2020076c  duty_diff                         
20200770  duty_l                            
20200774  duty_r                            
2020044c  gPWM_BuzzerBackup                 
202005c4  gTIMER_Encoder_ReadBackup         
20200508  gTIMER_Tracking_ReadBackup        
000031d9  get_ticks                         
00000000  interruptVectors                  
20200418  last_on_tick                      
00002a87  main                              
20200664  pid_direction                     
20200684  pid_l_high_speed                  
202006a4  pid_l_low_speed                   
202006c4  pid_r_high_speed                  
202006e4  pid_r_low_speed                   
20200704  pid_tracking                      
20200420  state                             
20200778  tracking_flag                     
20200448  usart0_ch                         
20200000  usart0_str                        
20200424  usart0_str_index                  
20200428  usart0_str_received               
20200449  usart1_ch                         
20200100  usart1_str                        
2020042c  usart1_str_index                  
20200430  usart1_str_received               
2020044a  usart2_ch                         
20200200  usart2_str                        
20200434  usart2_str_index                  
20200438  usart2_str_received               
2020044b  usart3_ch                         
20200300  usart3_str                        
2020043c  usart3_str_index                  
20200440  usart3_str_received               


GLOBAL SYMBOLS: SORTED BY Symbol Address 

address   name                              
-------   ----                              
00000000  __TI_ATRegion0_region_sz          
00000000  __TI_ATRegion0_src_addr           
00000000  __TI_ATRegion0_trg_addr           
00000000  __TI_ATRegion1_region_sz          
00000000  __TI_ATRegion1_src_addr           
00000000  __TI_ATRegion1_trg_addr           
00000000  __TI_ATRegion2_region_sz          
00000000  __TI_ATRegion2_src_addr           
00000000  __TI_ATRegion2_trg_addr           
00000000  __TI_static_base__                
00000000  interruptVectors                  
000000c1  SYSCFG_DL_GPIO_init               
00000200  __STACK_SIZE                      
000002a9  Task_2                            
00000471  __aeabi_dsub                      
00000471  __subdf3                          
0000047b  __adddf3                          
0000047b  __aeabi_dadd                      
00000603  __aeabi_idiv0                     
00000605  GROUP1_IRQHandler                 
00000725  MPU6050_Init                      
00000845  __aeabi_ddiv                      
00000845  __divdf3                          
00000951  DL_Timer_initFourCCPWMMode        
00000a55  Motor_Control_R                   
00000b55  Motor_Control_L                   
00000c4d  DL_Timer_initTimerMode            
00000d35  __aeabi_dmul                      
00000d35  __muldf3                          
00000e19  __aeabi_fsub                      
00000e19  __subsf3                          
00000e23  __addsf3                          
00000e23  __aeabi_fadd                      
00000ef1  MPU6050_ReadData                  
00000fc9  I2C_WaitAck                       
00001099  Motor_Init                        
0000115d  PID_Compute                       
0000121f  MPU6050_WriteReg                  
000012d5  SYSCFG_DL_initPower               
00001385  Send_Byte                         
00001435  SetPWM_L                          
000014e1  Read_Byte                         
00001589  Motor_Proc                        
00001625  SetPWM_R                          
000016c1  IS_INBLACK                        
00001759  IIC_Send_Ack                      
000017ed  MPU_Set_LPF                       
0000187d  __aeabi_fmul                      
0000187d  __mulsf3                          
0000198d  __aeabi_fdiv                      
0000198d  __divsf3                          
00001a11  HW_Detect                         
00001a8d  __TI_decompress_lzss              
00001b09  MPU6050_Proc                      
00001b81  MPU6050_Update                    
00001bf9  UART_IRQHandler                   
00001c71  __gedf2                           
00001c71  __gtdf2                           
00001ce5  Buzzer_Init                       
00001cf1  __aeabi_d2f                       
00001cf1  __truncdfsf2                      
00001d65  SYSCFG_DL_PWM_L_init              
00001dd1  MPU_Set_Rate                      
00001e39  __cmpdf2                          
00001e39  __eqdf2                           
00001e39  __ledf2                           
00001e39  __ltdf2                           
00001e39  __nedf2                           
00001ea1  IIC_Start                         
00001f05  SYSCFG_DL_PWM_Buzzer_init         
00001f69  SYSCFG_DL_PWM_R_init              
00001fcd  __aeabi_dcmpeq                    
00001fe1  __aeabi_dcmplt                    
00001ff5  __aeabi_dcmple                    
00002009  __aeabi_dcmpge                    
0000201d  __aeabi_dcmpgt                    
00002031  __aeabi_fcmpeq                    
00002045  __aeabi_fcmplt                    
00002059  __aeabi_fcmple                    
0000206d  __aeabi_fcmpge                    
00002081  __aeabi_fcmpgt                    
00002095  IIC_Stop                          
000020f1  Encoder_Init                      
00002149  MPU6050_GetTemp                   
000021a1  MPU6050ReadAcc                    
000021f5  MPU6050ReadGyro                   
00002249  SYSCFG_DL_HC_06_init              
00002339  SYSCFG_DL_init                    
00002385  Buzzer_Proc                       
000023cd  DL_UART_init                      
00002415  SYSCFG_DL_TIMER_Encoder_Read_init 
00002455  SYSCFG_DL_TIMER_Tracking_Read_init
00002495  TIMG6_IRQHandler                  
000024d5  __aeabi_uidiv                     
000024d5  __aeabi_uidivmod                  
00002515  __aeabi_f2d                       
00002515  __extendsfdf2                     
00002555  PID_Limmit                        
000025d1  __aeabi_i2f                       
000025d1  __floatsisf                       
0000260d  __gesf2                           
0000260d  __gtsf2                           
00002649  __TI_auto_init_nobinit_nopinit    
00002685  __cmpsf2                          
00002685  __eqsf2                           
00002685  __lesf2                           
00002685  __ltsf2                           
00002685  __nesf2                           
000026c1  __muldsi3                         
00002735  PID_Init                          
0000276d  __aeabi_f2iz                      
0000276d  __fixsfsi                         
000027d9  USART_Init                        
0000280d  __aeabi_f2uiz                     
0000280d  __fixunssfsi                      
00002871  UART0_IRQHandler                  
000028a1  UART1_IRQHandler                  
000028d1  UART2_IRQHandler                  
00002901  UART3_IRQHandler                  
000029e1  __aeabi_i2d                       
000029e1  __floatsidf                       
00002a0d  SYSCFG_DL_SYSCTL_init             
00002a5f  MPU6050ReadID                     
00002a87  main                              
00002ab1  _c_int00_noargs                   
00002ad9  Get_yaw                           
00002afd  SysTick_Handler                   
00002b41  HC06_Init                         
00002c99  DL_Timer_setCaptCompUpdateMethod  
00002cb5  DL_Timer_setClockConfig           
00002ced  MPU_Set_Accel_Fsr                 
00002d09  MPU_Set_Gyro_Fsr                  
00002d25  delay_ms                          
00002ec1  DL_Timer_setCaptureCompareOutCtl  
00002f79  PID_Reset                         
00002f8f  delay_us                          
00002fa5  __TI_zero_init_nomemset           
00002fbd  Buzzer_Off                        
00002fd1  Buzzer_On                         
00003099  Disable_TB6612                    
000030ad  Enable_TB6612                     
000030c1  Motor_SetSpeed_L                  
000030d5  Motor_SetSpeed_R                  
000030e9  Motor_direction                   
000030fd  Tracking_Init                     
00003135  DL_UART_setClockConfig            
00003147  TI_memcpy_small                   
00003159  __TI_decompress_none              
0000317d  DL_Timer_setCaptureCompareValue   
0000318d  PID_ChangeSP                      
0000319d  Encoder_Get_L_Speed               
000031a9  Encoder_Get_R_Speed               
000031b5  Get_gz                            
000031c1  SYSCFG_DL_SYSTICK_init            
000031cd  Tracking_Angle                    
000031d9  get_ticks                         
000031e5  DL_Common_delayCycles             
000031ef  TIMA0_IRQHandler                  
000031f9  __aeabi_memcpy                    
000031f9  __aeabi_memcpy4                   
000031f9  __aeabi_memcpy8                   
00003201  abort                             
00003207  ADC0_IRQHandler                   
00003207  ADC1_IRQHandler                   
00003207  AES_IRQHandler                    
00003207  CANFD0_IRQHandler                 
00003207  DAC0_IRQHandler                   
00003207  DMA_IRQHandler                    
00003207  Default_Handler                   
00003207  GROUP0_IRQHandler                 
00003207  HardFault_Handler                 
00003207  I2C0_IRQHandler                   
00003207  I2C1_IRQHandler                   
00003207  NMI_Handler                       
00003207  PendSV_Handler                    
00003207  RTC_IRQHandler                    
00003207  SPI0_IRQHandler                   
00003207  SPI1_IRQHandler                   
00003207  SVC_Handler                       
00003207  TIMA1_IRQHandler                  
00003207  TIMG0_IRQHandler                  
00003207  TIMG12_IRQHandler                 
00003207  TIMG7_IRQHandler                  
00003207  TIMG8_IRQHandler                  
0000320a  C$$EXIT                           
0000320b  HOSTexit                          
0000320f  Reset_Handler                     
00003213  _system_pre_init                  
00003290  __TI_Handler_Table_Base           
0000329c  __TI_Handler_Table_Limit          
000032a4  __TI_CINIT_Base                   
000032b4  __TI_CINIT_Limit                  
000032b4  __TI_CINIT_Warm                   
20200000  __start___llvm_prf_bits           
20200000  __start___llvm_prf_cnts           
20200000  __stop___llvm_prf_bits            
20200000  __stop___llvm_prf_cnts            
20200000  usart0_str                        
20200100  usart1_str                        
20200200  usart2_str                        
20200300  usart3_str                        
20200410  cnt                               
20200418  last_on_tick                      
20200420  state                             
20200424  usart0_str_index                  
20200428  usart0_str_received               
2020042c  usart1_str_index                  
20200430  usart1_str_received               
20200434  usart2_str_index                  
20200438  usart2_str_received               
2020043c  usart3_str_index                  
20200440  usart3_str_received               
20200448  usart0_ch                         
20200449  usart1_ch                         
2020044a  usart2_ch                         
2020044b  usart3_ch                         
2020044c  gPWM_BuzzerBackup                 
20200508  gTIMER_Tracking_ReadBackup        
202005c4  gTIMER_Encoder_ReadBackup         
20200664  pid_direction                     
20200684  pid_l_high_speed                  
202006a4  pid_l_low_speed                   
202006c4  pid_r_high_speed                  
202006e4  pid_r_low_speed                   
20200704  pid_tracking                      
20200724  HC_06                             
20200750  Encoder_L_CNT                     
20200754  Encoder_L_Port                    
20200758  Encoder_L_VEL                     
2020075c  Encoder_R_CNT                     
20200760  Encoder_R_Port                    
20200764  Encoder_R_VEL                     
20200768  buzzer_flag                       
2020076c  duty_diff                         
20200770  duty_l                            
20200774  duty_r                            
20200778  tracking_flag                     
20207e00  __stack                           
20208000  __STACK_END                       
ffffffff  __TI_pprof_out_hndl               
ffffffff  __TI_prof_data_size               
ffffffff  __TI_prof_data_start              
ffffffff  __binit__                         
ffffffff  binit                             
UNDEFED   __mpu_init                        
UNDEFED   _system_post_cinit                

[246 symbols]
