<?xml version="1.0" encoding="ISO-8859-1" ?>
<link_info>
   <banner>TI ARM Clang Linker PC v4.0.2.LTS</banner>
   <copyright>Copyright (c) 1996-2018 Texas Instruments Incorporated</copyright>
   <command_line>D:\CCS\ccs\tools\compiler\ti-cgt-armllvm_4.0.2.LTS\bin\tiarmlnk -ID:\CCS\ccs\tools\compiler\ti-cgt-armllvm_4.0.2.LTS\lib -o Patrol Car.out -mPatrol Car.map -iC:/TI/mspm0_sdk_2_04_00_06/source -iD:/NUEDC/project_3_Car_Learning/Patrol Car -iD:/NUEDC/project_3_Car_Learning/Patrol Car/Debug/syscfg -iD:/CCS/ccs/tools/compiler/ti-cgt-armllvm_4.0.2.LTS/lib --diag_wrap=off --display_error_number --warn_sections --xml_link_info=Patrol Car_linkInfo.xml --rom_model ./main.o ./ti_msp_dl_config.o ./startup_mspm0g350x_ticlang.o ./app/buzzer/buzzer.o ./app/encoder/encoder.o ./app/hc_06/hc_06.o ./app/motor/motor.o ./app/mpu6050/mpu6050.o ./app/tb6612/tb6612.o ./app/tracking/tracking.o ./lib/delay/delay.o ./lib/key/key.o ./lib/pid/pid.o ./lib/usart/usart.o -l./device_linker.cmd -ldevice.cmd.genlibs -llibc.a --start-group -llibc++.a -llibc++abi.a -llibc.a -llibsys.a -llibsysbm.a -llibclang_rt.builtins.a -llibclang_rt.profile.a --end-group --cg_opt_level=0</command_line>
   <link_time>0x68332b9b</link_time>
   <link_errors>0x0</link_errors>
   <output_file>D:\NUEDC\project_3_Car_Learning\Patrol Car\Debug\Patrol Car.out</output_file>
   <entry_point>
      <name>_c_int00_noargs</name>
      <address>0x2b51</address>
   </entry_point>
   <input_file_list>
      <input_file id="fl-1">
         <path>D:\NUEDC\project_3_Car_Learning\Patrol Car\Debug\.\</path>
         <kind>object</kind>
         <file>main.o</file>
         <name>main.o</name>
      </input_file>
      <input_file id="fl-2">
         <path>D:\NUEDC\project_3_Car_Learning\Patrol Car\Debug\.\</path>
         <kind>object</kind>
         <file>ti_msp_dl_config.o</file>
         <name>ti_msp_dl_config.o</name>
      </input_file>
      <input_file id="fl-3">
         <path>D:\NUEDC\project_3_Car_Learning\Patrol Car\Debug\.\</path>
         <kind>object</kind>
         <file>startup_mspm0g350x_ticlang.o</file>
         <name>startup_mspm0g350x_ticlang.o</name>
      </input_file>
      <input_file id="fl-4">
         <path>D:\NUEDC\project_3_Car_Learning\Patrol Car\Debug\.\app\buzzer\</path>
         <kind>object</kind>
         <file>buzzer.o</file>
         <name>buzzer.o</name>
      </input_file>
      <input_file id="fl-5">
         <path>D:\NUEDC\project_3_Car_Learning\Patrol Car\Debug\.\app\encoder\</path>
         <kind>object</kind>
         <file>encoder.o</file>
         <name>encoder.o</name>
      </input_file>
      <input_file id="fl-6">
         <path>D:\NUEDC\project_3_Car_Learning\Patrol Car\Debug\.\app\hc_06\</path>
         <kind>object</kind>
         <file>hc_06.o</file>
         <name>hc_06.o</name>
      </input_file>
      <input_file id="fl-7">
         <path>D:\NUEDC\project_3_Car_Learning\Patrol Car\Debug\.\app\motor\</path>
         <kind>object</kind>
         <file>motor.o</file>
         <name>motor.o</name>
      </input_file>
      <input_file id="fl-8">
         <path>D:\NUEDC\project_3_Car_Learning\Patrol Car\Debug\.\app\mpu6050\</path>
         <kind>object</kind>
         <file>mpu6050.o</file>
         <name>mpu6050.o</name>
      </input_file>
      <input_file id="fl-9">
         <path>D:\NUEDC\project_3_Car_Learning\Patrol Car\Debug\.\app\tb6612\</path>
         <kind>object</kind>
         <file>tb6612.o</file>
         <name>tb6612.o</name>
      </input_file>
      <input_file id="fl-a">
         <path>D:\NUEDC\project_3_Car_Learning\Patrol Car\Debug\.\app\tracking\</path>
         <kind>object</kind>
         <file>tracking.o</file>
         <name>tracking.o</name>
      </input_file>
      <input_file id="fl-b">
         <path>D:\NUEDC\project_3_Car_Learning\Patrol Car\Debug\.\lib\delay\</path>
         <kind>object</kind>
         <file>delay.o</file>
         <name>delay.o</name>
      </input_file>
      <input_file id="fl-c">
         <path>D:\NUEDC\project_3_Car_Learning\Patrol Car\Debug\.\lib\key\</path>
         <kind>object</kind>
         <file>key.o</file>
         <name>key.o</name>
      </input_file>
      <input_file id="fl-d">
         <path>D:\NUEDC\project_3_Car_Learning\Patrol Car\Debug\.\lib\pid\</path>
         <kind>object</kind>
         <file>pid.o</file>
         <name>pid.o</name>
      </input_file>
      <input_file id="fl-e">
         <path>D:\NUEDC\project_3_Car_Learning\Patrol Car\Debug\.\lib\usart\</path>
         <kind>object</kind>
         <file>usart.o</file>
         <name>usart.o</name>
      </input_file>
      <input_file id="fl-1c">
         <path>D:\NUEDC\project_3_Car_Learning\Patrol Car\Debug\</path>
         <kind>object</kind>
         <file>&lt;internal&gt;</file>
         <name>&lt;internal&gt;</name>
      </input_file>
      <input_file id="fl-1d">
         <path>C:\TI\mspm0_sdk_2_04_00_06\source\ti\driverlib\lib\ticlang\m0p\mspm0g1x0x_g3x0x\</path>
         <kind>archive</kind>
         <file>driverlib.a</file>
         <name>dl_common.o</name>
      </input_file>
      <input_file id="fl-1e">
         <path>C:\TI\mspm0_sdk_2_04_00_06\source\ti\driverlib\lib\ticlang\m0p\mspm0g1x0x_g3x0x\</path>
         <kind>archive</kind>
         <file>driverlib.a</file>
         <name>dl_timer.o</name>
      </input_file>
      <input_file id="fl-1f">
         <path>C:\TI\mspm0_sdk_2_04_00_06\source\ti\driverlib\lib\ticlang\m0p\mspm0g1x0x_g3x0x\</path>
         <kind>archive</kind>
         <file>driverlib.a</file>
         <name>dl_uart.o</name>
      </input_file>
      <input_file id="fl-36">
         <path>D:\CCS\ccs\tools\compiler\ti-cgt-armllvm_4.0.2.LTS\lib\armv6m-ti-none-eabi\c\</path>
         <kind>archive</kind>
         <file>libc.a</file>
         <name>vsprintf.c.obj</name>
      </input_file>
      <input_file id="fl-37">
         <path>D:\CCS\ccs\tools\compiler\ti-cgt-armllvm_4.0.2.LTS\lib\armv6m-ti-none-eabi\c\</path>
         <kind>archive</kind>
         <file>libc.a</file>
         <name>boot_cortex_m.c.obj</name>
      </input_file>
      <input_file id="fl-38">
         <path>D:\CCS\ccs\tools\compiler\ti-cgt-armllvm_4.0.2.LTS\lib\armv6m-ti-none-eabi\c\</path>
         <kind>archive</kind>
         <file>libc.a</file>
         <name>mathacl_init.c.obj</name>
      </input_file>
      <input_file id="fl-39">
         <path>D:\CCS\ccs\tools\compiler\ti-cgt-armllvm_4.0.2.LTS\lib\armv6m-ti-none-eabi\c\</path>
         <kind>archive</kind>
         <file>libc.a</file>
         <name>autoinit.c.obj</name>
      </input_file>
      <input_file id="fl-3a">
         <path>D:\CCS\ccs\tools\compiler\ti-cgt-armllvm_4.0.2.LTS\lib\armv6m-ti-none-eabi\c\</path>
         <kind>archive</kind>
         <file>libc.a</file>
         <name>pre_init.c.obj</name>
      </input_file>
      <input_file id="fl-3b">
         <path>D:\CCS\ccs\tools\compiler\ti-cgt-armllvm_4.0.2.LTS\lib\armv6m-ti-none-eabi\c\</path>
         <kind>archive</kind>
         <file>libc.a</file>
         <name>cpy_tbl.c.obj</name>
      </input_file>
      <input_file id="fl-3c">
         <path>D:\CCS\ccs\tools\compiler\ti-cgt-armllvm_4.0.2.LTS\lib\armv6m-ti-none-eabi\c\</path>
         <kind>archive</kind>
         <file>libc.a</file>
         <name>copy_zero_init.c.obj</name>
      </input_file>
      <input_file id="fl-3d">
         <path>D:\CCS\ccs\tools\compiler\ti-cgt-armllvm_4.0.2.LTS\lib\armv6m-ti-none-eabi\c\</path>
         <kind>archive</kind>
         <file>libc.a</file>
         <name>copy_decompress_none.c.obj</name>
      </input_file>
      <input_file id="fl-3e">
         <path>D:\CCS\ccs\tools\compiler\ti-cgt-armllvm_4.0.2.LTS\lib\armv6m-ti-none-eabi\c\</path>
         <kind>archive</kind>
         <file>libc.a</file>
         <name>copy_decompress_lzss.c.obj</name>
      </input_file>
      <input_file id="fl-3f">
         <path>D:\CCS\ccs\tools\compiler\ti-cgt-armllvm_4.0.2.LTS\lib\armv6m-ti-none-eabi\c\</path>
         <kind>archive</kind>
         <file>libc.a</file>
         <name>_printfi.c.obj</name>
      </input_file>
      <input_file id="fl-40">
         <path>D:\CCS\ccs\tools\compiler\ti-cgt-armllvm_4.0.2.LTS\lib\armv6m-ti-none-eabi\c\</path>
         <kind>archive</kind>
         <file>libc.a</file>
         <name>aeabi_portable.c.obj</name>
      </input_file>
      <input_file id="fl-41">
         <path>D:\CCS\ccs\tools\compiler\ti-cgt-armllvm_4.0.2.LTS\lib\armv6m-ti-none-eabi\c\</path>
         <kind>archive</kind>
         <file>libc.a</file>
         <name>exit.c.obj</name>
      </input_file>
      <input_file id="fl-42">
         <path>D:\CCS\ccs\tools\compiler\ti-cgt-armllvm_4.0.2.LTS\lib\armv6m-ti-none-eabi\c\</path>
         <kind>archive</kind>
         <file>libc.a</file>
         <name>_lock.c.obj</name>
      </input_file>
      <input_file id="fl-43">
         <path>D:\CCS\ccs\tools\compiler\ti-cgt-armllvm_4.0.2.LTS\lib\armv6m-ti-none-eabi\c\</path>
         <kind>archive</kind>
         <file>libc.a</file>
         <name>_ltoa.c.obj</name>
      </input_file>
      <input_file id="fl-44">
         <path>D:\CCS\ccs\tools\compiler\ti-cgt-armllvm_4.0.2.LTS\lib\armv6m-ti-none-eabi\c\</path>
         <kind>archive</kind>
         <file>libc.a</file>
         <name>args_main.c.obj</name>
      </input_file>
      <input_file id="fl-45">
         <path>D:\CCS\ccs\tools\compiler\ti-cgt-armllvm_4.0.2.LTS\lib\armv6m-ti-none-eabi\c\</path>
         <kind>archive</kind>
         <file>libc.a</file>
         <name>assert.c.obj</name>
      </input_file>
      <input_file id="fl-46">
         <path>D:\CCS\ccs\tools\compiler\ti-cgt-armllvm_4.0.2.LTS\lib\armv6m-ti-none-eabi\c\</path>
         <kind>archive</kind>
         <file>libc.a</file>
         <name>atoi.c.obj</name>
      </input_file>
      <input_file id="fl-47">
         <path>D:\CCS\ccs\tools\compiler\ti-cgt-armllvm_4.0.2.LTS\lib\armv6m-ti-none-eabi\c\</path>
         <kind>archive</kind>
         <file>libc.a</file>
         <name>defs.c.obj</name>
      </input_file>
      <input_file id="fl-48">
         <path>D:\CCS\ccs\tools\compiler\ti-cgt-armllvm_4.0.2.LTS\lib\armv6m-ti-none-eabi\c\</path>
         <kind>archive</kind>
         <file>libc.a</file>
         <name>memccpy.c.obj</name>
      </input_file>
      <input_file id="fl-49">
         <path>D:\CCS\ccs\tools\compiler\ti-cgt-armllvm_4.0.2.LTS\lib\armv6m-ti-none-eabi\c\</path>
         <kind>archive</kind>
         <file>libc.a</file>
         <name>memory.c.obj</name>
      </input_file>
      <input_file id="fl-4a">
         <path>D:\CCS\ccs\tools\compiler\ti-cgt-armllvm_4.0.2.LTS\lib\armv6m-ti-none-eabi\c\</path>
         <kind>archive</kind>
         <file>libc.a</file>
         <name>s_frexp.c.obj</name>
      </input_file>
      <input_file id="fl-4b">
         <path>D:\CCS\ccs\tools\compiler\ti-cgt-armllvm_4.0.2.LTS\lib\armv6m-ti-none-eabi\c\</path>
         <kind>archive</kind>
         <file>libc.a</file>
         <name>s_scalbn.c.obj</name>
      </input_file>
      <input_file id="fl-4c">
         <path>D:\CCS\ccs\tools\compiler\ti-cgt-armllvm_4.0.2.LTS\lib\armv6m-ti-none-eabi\c\</path>
         <kind>archive</kind>
         <file>libc.a</file>
         <name>wcslen.c.obj</name>
      </input_file>
      <input_file id="fl-4d">
         <path>D:\CCS\ccs\tools\compiler\ti-cgt-armllvm_4.0.2.LTS\lib\armv6m-ti-none-eabi\c\</path>
         <kind>archive</kind>
         <file>libc.a</file>
         <name>sprintf.c.obj</name>
      </input_file>
      <input_file id="fl-4e">
         <path>D:\CCS\ccs\tools\compiler\ti-cgt-armllvm_4.0.2.LTS\lib\armv6m-ti-none-eabi\c\</path>
         <kind>archive</kind>
         <file>libc.a</file>
         <name>fflush.c.obj</name>
      </input_file>
      <input_file id="fl-4f">
         <path>D:\CCS\ccs\tools\compiler\ti-cgt-armllvm_4.0.2.LTS\lib\armv6m-ti-none-eabi\c\</path>
         <kind>archive</kind>
         <file>libc.a</file>
         <name>fputs.c.obj</name>
      </input_file>
      <input_file id="fl-50">
         <path>D:\CCS\ccs\tools\compiler\ti-cgt-armllvm_4.0.2.LTS\lib\armv6m-ti-none-eabi\c\</path>
         <kind>archive</kind>
         <file>libc.a</file>
         <name>_io_perm.c.obj</name>
      </input_file>
      <input_file id="fl-51">
         <path>D:\CCS\ccs\tools\compiler\ti-cgt-armllvm_4.0.2.LTS\lib\armv6m-ti-none-eabi\c\</path>
         <kind>archive</kind>
         <file>libc.a</file>
         <name>setvbuf.c.obj</name>
      </input_file>
      <input_file id="fl-52">
         <path>D:\CCS\ccs\tools\compiler\ti-cgt-armllvm_4.0.2.LTS\lib\armv6m-ti-none-eabi\c\</path>
         <kind>archive</kind>
         <file>libc.a</file>
         <name>aeabi_ctype.S.obj</name>
      </input_file>
      <input_file id="fl-53">
         <path>D:\CCS\ccs\tools\compiler\ti-cgt-armllvm_4.0.2.LTS\lib\armv6m-ti-none-eabi\c\</path>
         <kind>archive</kind>
         <file>libc.a</file>
         <name>fopen.c.obj</name>
      </input_file>
      <input_file id="fl-54">
         <path>D:\CCS\ccs\tools\compiler\ti-cgt-armllvm_4.0.2.LTS\lib\armv6m-ti-none-eabi\c\</path>
         <kind>archive</kind>
         <file>libc.a</file>
         <name>fseek.c.obj</name>
      </input_file>
      <input_file id="fl-55">
         <path>D:\CCS\ccs\tools\compiler\ti-cgt-armllvm_4.0.2.LTS\lib\armv6m-ti-none-eabi\c\</path>
         <kind>archive</kind>
         <file>libc.a</file>
         <name>fclose.c.obj</name>
      </input_file>
      <input_file id="fl-f5">
         <path>D:\CCS\ccs\tools\compiler\ti-cgt-armllvm_4.0.2.LTS\lib\armv6m-ti-none-eabi\c\</path>
         <kind>archive</kind>
         <file>libsysbm.a</file>
         <name>hostexit.c.obj</name>
      </input_file>
      <input_file id="fl-f6">
         <path>D:\CCS\ccs\tools\compiler\ti-cgt-armllvm_4.0.2.LTS\lib\armv6m-ti-none-eabi\c\</path>
         <kind>archive</kind>
         <file>libsysbm.a</file>
         <name>write.c.obj</name>
      </input_file>
      <input_file id="fl-f7">
         <path>D:\CCS\ccs\tools\compiler\ti-cgt-armllvm_4.0.2.LTS\lib\armv6m-ti-none-eabi\c\</path>
         <kind>archive</kind>
         <file>libsysbm.a</file>
         <name>host_device.c.obj</name>
      </input_file>
      <input_file id="fl-f8">
         <path>D:\CCS\ccs\tools\compiler\ti-cgt-armllvm_4.0.2.LTS\lib\armv6m-ti-none-eabi\c\</path>
         <kind>archive</kind>
         <file>libsysbm.a</file>
         <name>remove.c.obj</name>
      </input_file>
      <input_file id="fl-f9">
         <path>D:\CCS\ccs\tools\compiler\ti-cgt-armllvm_4.0.2.LTS\lib\armv6m-ti-none-eabi\c\</path>
         <kind>archive</kind>
         <file>libsysbm.a</file>
         <name>open.c.obj</name>
      </input_file>
      <input_file id="fl-fa">
         <path>D:\CCS\ccs\tools\compiler\ti-cgt-armllvm_4.0.2.LTS\lib\armv6m-ti-none-eabi\c\</path>
         <kind>archive</kind>
         <file>libsysbm.a</file>
         <name>lseek.c.obj</name>
      </input_file>
      <input_file id="fl-fb">
         <path>D:\CCS\ccs\tools\compiler\ti-cgt-armllvm_4.0.2.LTS\lib\armv6m-ti-none-eabi\c\</path>
         <kind>archive</kind>
         <file>libsysbm.a</file>
         <name>close.c.obj</name>
      </input_file>
      <input_file id="fl-fc">
         <path>D:\CCS\ccs\tools\compiler\ti-cgt-armllvm_4.0.2.LTS\lib\armv6m-ti-none-eabi\c\</path>
         <kind>archive</kind>
         <file>libsysbm.a</file>
         <name>unlink.c.obj</name>
      </input_file>
      <input_file id="fl-fd">
         <path>D:\CCS\ccs\tools\compiler\ti-cgt-armllvm_4.0.2.LTS\lib\armv6m-ti-none-eabi\c\</path>
         <kind>archive</kind>
         <file>libsysbm.a</file>
         <name>hostclose.c.obj</name>
      </input_file>
      <input_file id="fl-fe">
         <path>D:\CCS\ccs\tools\compiler\ti-cgt-armllvm_4.0.2.LTS\lib\armv6m-ti-none-eabi\c\</path>
         <kind>archive</kind>
         <file>libsysbm.a</file>
         <name>hostlseek.c.obj</name>
      </input_file>
      <input_file id="fl-ff">
         <path>D:\CCS\ccs\tools\compiler\ti-cgt-armllvm_4.0.2.LTS\lib\armv6m-ti-none-eabi\c\</path>
         <kind>archive</kind>
         <file>libsysbm.a</file>
         <name>hostopen.c.obj</name>
      </input_file>
      <input_file id="fl-100">
         <path>D:\CCS\ccs\tools\compiler\ti-cgt-armllvm_4.0.2.LTS\lib\armv6m-ti-none-eabi\c\</path>
         <kind>archive</kind>
         <file>libsysbm.a</file>
         <name>hostread.c.obj</name>
      </input_file>
      <input_file id="fl-101">
         <path>D:\CCS\ccs\tools\compiler\ti-cgt-armllvm_4.0.2.LTS\lib\armv6m-ti-none-eabi\c\</path>
         <kind>archive</kind>
         <file>libsysbm.a</file>
         <name>hostrename.c.obj</name>
      </input_file>
      <input_file id="fl-102">
         <path>D:\CCS\ccs\tools\compiler\ti-cgt-armllvm_4.0.2.LTS\lib\armv6m-ti-none-eabi\c\</path>
         <kind>archive</kind>
         <file>libsysbm.a</file>
         <name>hostunlink.c.obj</name>
      </input_file>
      <input_file id="fl-103">
         <path>D:\CCS\ccs\tools\compiler\ti-cgt-armllvm_4.0.2.LTS\lib\armv6m-ti-none-eabi\c\</path>
         <kind>archive</kind>
         <file>libsysbm.a</file>
         <name>hostwrite.c.obj</name>
      </input_file>
      <input_file id="fl-104">
         <path>D:\CCS\ccs\tools\compiler\ti-cgt-armllvm_4.0.2.LTS\lib\armv6m-ti-none-eabi\c\</path>
         <kind>archive</kind>
         <file>libsysbm.a</file>
         <name>trgmsg.c.obj</name>
      </input_file>
      <input_file id="fl-105">
         <path>D:\CCS\ccs\tools\compiler\ti-cgt-armllvm_4.0.2.LTS\lib\armv6m-ti-none-eabi\</path>
         <kind>archive</kind>
         <file>libclang_rt.builtins.a</file>
         <name>addsf3.S.obj</name>
      </input_file>
      <input_file id="fl-106">
         <path>D:\CCS\ccs\tools\compiler\ti-cgt-armllvm_4.0.2.LTS\lib\armv6m-ti-none-eabi\</path>
         <kind>archive</kind>
         <file>libclang_rt.builtins.a</file>
         <name>adddf3.S.obj</name>
      </input_file>
      <input_file id="fl-107">
         <path>D:\CCS\ccs\tools\compiler\ti-cgt-armllvm_4.0.2.LTS\lib\armv6m-ti-none-eabi\</path>
         <kind>archive</kind>
         <file>libclang_rt.builtins.a</file>
         <name>muldf3.S.obj</name>
      </input_file>
      <input_file id="fl-108">
         <path>D:\CCS\ccs\tools\compiler\ti-cgt-armllvm_4.0.2.LTS\lib\armv6m-ti-none-eabi\</path>
         <kind>archive</kind>
         <file>libclang_rt.builtins.a</file>
         <name>muldsi3.S.obj</name>
      </input_file>
      <input_file id="fl-109">
         <path>D:\CCS\ccs\tools\compiler\ti-cgt-armllvm_4.0.2.LTS\lib\armv6m-ti-none-eabi\</path>
         <kind>archive</kind>
         <file>libclang_rt.builtins.a</file>
         <name>mulsf3.S.obj</name>
      </input_file>
      <input_file id="fl-10a">
         <path>D:\CCS\ccs\tools\compiler\ti-cgt-armllvm_4.0.2.LTS\lib\armv6m-ti-none-eabi\</path>
         <kind>archive</kind>
         <file>libclang_rt.builtins.a</file>
         <name>divsf3.S.obj</name>
      </input_file>
      <input_file id="fl-10b">
         <path>D:\CCS\ccs\tools\compiler\ti-cgt-armllvm_4.0.2.LTS\lib\armv6m-ti-none-eabi\</path>
         <kind>archive</kind>
         <file>libclang_rt.builtins.a</file>
         <name>divdf3.S.obj</name>
      </input_file>
      <input_file id="fl-10c">
         <path>D:\CCS\ccs\tools\compiler\ti-cgt-armllvm_4.0.2.LTS\lib\armv6m-ti-none-eabi\</path>
         <kind>archive</kind>
         <file>libclang_rt.builtins.a</file>
         <name>extendsfdf2.S.obj</name>
      </input_file>
      <input_file id="fl-10d">
         <path>D:\CCS\ccs\tools\compiler\ti-cgt-armllvm_4.0.2.LTS\lib\armv6m-ti-none-eabi\</path>
         <kind>archive</kind>
         <file>libclang_rt.builtins.a</file>
         <name>fixdfsi.S.obj</name>
      </input_file>
      <input_file id="fl-10e">
         <path>D:\CCS\ccs\tools\compiler\ti-cgt-armllvm_4.0.2.LTS\lib\armv6m-ti-none-eabi\</path>
         <kind>archive</kind>
         <file>libclang_rt.builtins.a</file>
         <name>fixunssfsi.S.obj</name>
      </input_file>
      <input_file id="fl-10f">
         <path>D:\CCS\ccs\tools\compiler\ti-cgt-armllvm_4.0.2.LTS\lib\armv6m-ti-none-eabi\</path>
         <kind>archive</kind>
         <file>libclang_rt.builtins.a</file>
         <name>floatsidf.S.obj</name>
      </input_file>
      <input_file id="fl-110">
         <path>D:\CCS\ccs\tools\compiler\ti-cgt-armllvm_4.0.2.LTS\lib\armv6m-ti-none-eabi\</path>
         <kind>archive</kind>
         <file>libclang_rt.builtins.a</file>
         <name>floatsisf.S.obj</name>
      </input_file>
      <input_file id="fl-111">
         <path>D:\CCS\ccs\tools\compiler\ti-cgt-armllvm_4.0.2.LTS\lib\armv6m-ti-none-eabi\</path>
         <kind>archive</kind>
         <file>libclang_rt.builtins.a</file>
         <name>muldi3.S.obj</name>
      </input_file>
      <input_file id="fl-112">
         <path>D:\CCS\ccs\tools\compiler\ti-cgt-armllvm_4.0.2.LTS\lib\armv6m-ti-none-eabi\</path>
         <kind>archive</kind>
         <file>libclang_rt.builtins.a</file>
         <name>truncdfsf2.S.obj</name>
      </input_file>
      <input_file id="fl-113">
         <path>D:\CCS\ccs\tools\compiler\ti-cgt-armllvm_4.0.2.LTS\lib\armv6m-ti-none-eabi\</path>
         <kind>archive</kind>
         <file>libclang_rt.builtins.a</file>
         <name>aeabi_dcmp.S.obj</name>
      </input_file>
      <input_file id="fl-114">
         <path>D:\CCS\ccs\tools\compiler\ti-cgt-armllvm_4.0.2.LTS\lib\armv6m-ti-none-eabi\</path>
         <kind>archive</kind>
         <file>libclang_rt.builtins.a</file>
         <name>aeabi_fcmp.S.obj</name>
      </input_file>
      <input_file id="fl-115">
         <path>D:\CCS\ccs\tools\compiler\ti-cgt-armllvm_4.0.2.LTS\lib\armv6m-ti-none-eabi\</path>
         <kind>archive</kind>
         <file>libclang_rt.builtins.a</file>
         <name>aeabi_idivmod.S.obj</name>
      </input_file>
      <input_file id="fl-116">
         <path>D:\CCS\ccs\tools\compiler\ti-cgt-armllvm_4.0.2.LTS\lib\armv6m-ti-none-eabi\</path>
         <kind>archive</kind>
         <file>libclang_rt.builtins.a</file>
         <name>aeabi_memcpy.S.obj</name>
      </input_file>
      <input_file id="fl-117">
         <path>D:\CCS\ccs\tools\compiler\ti-cgt-armllvm_4.0.2.LTS\lib\armv6m-ti-none-eabi\</path>
         <kind>archive</kind>
         <file>libclang_rt.builtins.a</file>
         <name>aeabi_memset.S.obj</name>
      </input_file>
      <input_file id="fl-118">
         <path>D:\CCS\ccs\tools\compiler\ti-cgt-armllvm_4.0.2.LTS\lib\armv6m-ti-none-eabi\</path>
         <kind>archive</kind>
         <file>libclang_rt.builtins.a</file>
         <name>aeabi_uidivmod.S.obj</name>
      </input_file>
      <input_file id="fl-119">
         <path>D:\CCS\ccs\tools\compiler\ti-cgt-armllvm_4.0.2.LTS\lib\armv6m-ti-none-eabi\</path>
         <kind>archive</kind>
         <file>libclang_rt.builtins.a</file>
         <name>aeabi_uldivmod.S.obj</name>
      </input_file>
      <input_file id="fl-11a">
         <path>D:\CCS\ccs\tools\compiler\ti-cgt-armllvm_4.0.2.LTS\lib\armv6m-ti-none-eabi\</path>
         <kind>archive</kind>
         <file>libclang_rt.builtins.a</file>
         <name>comparesf2.S.obj</name>
      </input_file>
      <input_file id="fl-11b">
         <path>D:\CCS\ccs\tools\compiler\ti-cgt-armllvm_4.0.2.LTS\lib\armv6m-ti-none-eabi\</path>
         <kind>archive</kind>
         <file>libclang_rt.builtins.a</file>
         <name>udivmoddi4.S.obj</name>
      </input_file>
      <input_file id="fl-11c">
         <path>D:\CCS\ccs\tools\compiler\ti-cgt-armllvm_4.0.2.LTS\lib\armv6m-ti-none-eabi\</path>
         <kind>archive</kind>
         <file>libclang_rt.builtins.a</file>
         <name>ashldi3.S.obj</name>
      </input_file>
      <input_file id="fl-11d">
         <path>D:\CCS\ccs\tools\compiler\ti-cgt-armllvm_4.0.2.LTS\lib\armv6m-ti-none-eabi\</path>
         <kind>archive</kind>
         <file>libclang_rt.builtins.a</file>
         <name>fixsfsi.S.obj</name>
      </input_file>
      <input_file id="fl-11e">
         <path>D:\CCS\ccs\tools\compiler\ti-cgt-armllvm_4.0.2.LTS\lib\armv6m-ti-none-eabi\</path>
         <kind>archive</kind>
         <file>libclang_rt.builtins.a</file>
         <name>comparedf2.c.obj</name>
      </input_file>
      <input_file id="fl-11f">
         <path>D:\CCS\ccs\tools\compiler\ti-cgt-armllvm_4.0.2.LTS\lib\armv6m-ti-none-eabi\</path>
         <kind>archive</kind>
         <file>libclang_rt.builtins.a</file>
         <name>aeabi_div0.c.obj</name>
      </input_file>
      <input_file id="fl-120">
         <path>D:\CCS\ccs\tools\compiler\ti-cgt-armllvm_4.0.2.LTS\lib\armv6m-ti-none-eabi\c\</path>
         <kind>archive</kind>
         <file>libc.a</file>
         <name>getdevice.c.obj</name>
      </input_file>
      <input_file id="fl-121">
         <path>D:\CCS\ccs\tools\compiler\ti-cgt-armllvm_4.0.2.LTS\lib\armv6m-ti-none-eabi\c\</path>
         <kind>archive</kind>
         <file>libc.a</file>
         <name>memcpy16.S.obj</name>
      </input_file>
      <input_file id="fl-122">
         <path>D:\CCS\ccs\tools\compiler\ti-cgt-armllvm_4.0.2.LTS\lib\armv6m-ti-none-eabi\c\</path>
         <kind>archive</kind>
         <file>libc.a</file>
         <name>memset16.S.obj</name>
      </input_file>
      <input_file id="fl-123">
         <path>D:\CCS\ccs\tools\compiler\ti-cgt-armllvm_4.0.2.LTS\lib\armv6m-ti-none-eabi\c\</path>
         <kind>archive</kind>
         <file>libc.a</file>
         <name>strcmp-armv6m.S.obj</name>
      </input_file>
   </input_file_list>
   <object_component_list>
      <object_component id="oc-18">
         <name>.intvecs</name>
         <load_address>0x0</load_address>
         <readonly>true</readonly>
         <run_address>0x0</run_address>
         <size>0xc0</size>
         <alignment>0x4</alignment>
         <input_file_ref idref="fl-3"/>
      </object_component>
      <object_component id="oc-f5">
         <name>.text.SYSCFG_DL_GPIO_init</name>
         <load_address>0xc0</load_address>
         <readonly>true</readonly>
         <executable>true</executable>
         <run_address>0xc0</run_address>
         <size>0x1e8</size>
         <alignment>0x4</alignment>
         <input_file_ref idref="fl-2"/>
      </object_component>
      <object_component id="oc-d1">
         <name>.text.Task_2</name>
         <load_address>0x2a8</load_address>
         <readonly>true</readonly>
         <executable>true</executable>
         <run_address>0x2a8</run_address>
         <size>0x1c8</size>
         <alignment>0x4</alignment>
         <input_file_ref idref="fl-1"/>
      </object_component>
      <object_component id="oc-1b4">
         <name>.text.adddf3_subdf3</name>
         <load_address>0x470</load_address>
         <readonly>true</readonly>
         <executable>true</executable>
         <run_address>0x470</run_address>
         <size>0x192</size>
         <alignment>0x4</alignment>
         <input_file_ref idref="fl-106"/>
      </object_component>
      <object_component id="oc-214">
         <name>.text.__aeabi_idiv0</name>
         <load_address>0x602</load_address>
         <readonly>true</readonly>
         <executable>true</executable>
         <run_address>0x602</run_address>
         <size>0x2</size>
         <alignment>0x2</alignment>
         <input_file_ref idref="fl-11f"/>
      </object_component>
      <object_component id="oc-39">
         <name>.text.GROUP1_IRQHandler</name>
         <load_address>0x604</load_address>
         <readonly>true</readonly>
         <executable>true</executable>
         <run_address>0x604</run_address>
         <size>0x120</size>
         <alignment>0x4</alignment>
         <input_file_ref idref="fl-5"/>
      </object_component>
      <object_component id="oc-10c">
         <name>.text.MPU6050_Init</name>
         <load_address>0x724</load_address>
         <readonly>true</readonly>
         <executable>true</executable>
         <run_address>0x724</run_address>
         <size>0x120</size>
         <alignment>0x4</alignment>
         <input_file_ref idref="fl-8"/>
      </object_component>
      <object_component id="oc-220">
         <name>.text.__divdf3</name>
         <load_address>0x844</load_address>
         <readonly>true</readonly>
         <executable>true</executable>
         <run_address>0x844</run_address>
         <size>0x10c</size>
         <alignment>0x4</alignment>
         <input_file_ref idref="fl-10b"/>
      </object_component>
      <object_component id="oc-167">
         <name>.text.DL_Timer_initFourCCPWMMode</name>
         <load_address>0x950</load_address>
         <readonly>true</readonly>
         <executable>true</executable>
         <run_address>0x950</run_address>
         <size>0x104</size>
         <alignment>0x4</alignment>
         <input_file_ref idref="fl-1e"/>
      </object_component>
      <object_component id="oc-1c7">
         <name>.text.Motor_Control_R</name>
         <load_address>0xa54</load_address>
         <readonly>true</readonly>
         <executable>true</executable>
         <run_address>0xa54</run_address>
         <size>0x100</size>
         <alignment>0x4</alignment>
         <input_file_ref idref="fl-7"/>
      </object_component>
      <object_component id="oc-1c6">
         <name>.text.Motor_Control_L</name>
         <load_address>0xb54</load_address>
         <readonly>true</readonly>
         <executable>true</executable>
         <run_address>0xb54</run_address>
         <size>0xf8</size>
         <alignment>0x4</alignment>
         <input_file_ref idref="fl-7"/>
      </object_component>
      <object_component id="oc-174">
         <name>.text.DL_Timer_initTimerMode</name>
         <load_address>0xc4c</load_address>
         <readonly>true</readonly>
         <executable>true</executable>
         <run_address>0xc4c</run_address>
         <size>0xe8</size>
         <alignment>0x4</alignment>
         <input_file_ref idref="fl-1e"/>
      </object_component>
      <object_component id="oc-1b0">
         <name>.text.__muldf3</name>
         <load_address>0xd34</load_address>
         <readonly>true</readonly>
         <executable>true</executable>
         <run_address>0xd34</run_address>
         <size>0xe4</size>
         <alignment>0x4</alignment>
         <input_file_ref idref="fl-107"/>
      </object_component>
      <object_component id="oc-19d">
         <name>.text</name>
         <load_address>0xe18</load_address>
         <readonly>true</readonly>
         <executable>true</executable>
         <run_address>0xe18</run_address>
         <size>0xd8</size>
         <alignment>0x4</alignment>
         <input_file_ref idref="fl-105"/>
      </object_component>
      <object_component id="oc-21a">
         <name>.text.MPU6050_ReadData</name>
         <load_address>0xef0</load_address>
         <readonly>true</readonly>
         <executable>true</executable>
         <run_address>0xef0</run_address>
         <size>0xd6</size>
         <alignment>0x2</alignment>
         <input_file_ref idref="fl-8"/>
      </object_component>
      <object_component id="oc-1e3">
         <name>.text.I2C_WaitAck</name>
         <load_address>0xfc8</load_address>
         <readonly>true</readonly>
         <executable>true</executable>
         <run_address>0xfc8</run_address>
         <size>0xd0</size>
         <alignment>0x4</alignment>
         <input_file_ref idref="fl-8"/>
      </object_component>
      <object_component id="oc-c5">
         <name>.text.Motor_Init</name>
         <load_address>0x1098</load_address>
         <readonly>true</readonly>
         <executable>true</executable>
         <run_address>0x1098</run_address>
         <size>0xc4</size>
         <alignment>0x4</alignment>
         <input_file_ref idref="fl-7"/>
      </object_component>
      <object_component id="oc-1c4">
         <name>.text.PID_Compute</name>
         <load_address>0x115c</load_address>
         <readonly>true</readonly>
         <executable>true</executable>
         <run_address>0x115c</run_address>
         <size>0xc2</size>
         <alignment>0x2</alignment>
         <input_file_ref idref="fl-d"/>
      </object_component>
      <object_component id="oc-208">
         <name>.text.SetPWM_L</name>
         <load_address>0x1220</load_address>
         <readonly>true</readonly>
         <executable>true</executable>
         <run_address>0x1220</run_address>
         <size>0xbc</size>
         <alignment>0x4</alignment>
         <input_file_ref idref="fl-9"/>
      </object_component>
      <object_component id="oc-196">
         <name>.text.MPU6050_WriteReg</name>
         <load_address>0x12dc</load_address>
         <readonly>true</readonly>
         <executable>true</executable>
         <run_address>0x12dc</run_address>
         <size>0xb4</size>
         <alignment>0x2</alignment>
         <input_file_ref idref="fl-8"/>
      </object_component>
      <object_component id="oc-f4">
         <name>.text.SYSCFG_DL_initPower</name>
         <load_address>0x1390</load_address>
         <readonly>true</readonly>
         <executable>true</executable>
         <run_address>0x1390</run_address>
         <size>0xb0</size>
         <alignment>0x4</alignment>
         <input_file_ref idref="fl-2"/>
      </object_component>
      <object_component id="oc-1e2">
         <name>.text.Send_Byte</name>
         <load_address>0x1440</load_address>
         <readonly>true</readonly>
         <executable>true</executable>
         <run_address>0x1440</run_address>
         <size>0xb0</size>
         <alignment>0x4</alignment>
         <input_file_ref idref="fl-8"/>
      </object_component>
      <object_component id="oc-20d">
         <name>.text.SetPWM_R</name>
         <load_address>0x14f0</load_address>
         <readonly>true</readonly>
         <executable>true</executable>
         <run_address>0x14f0</run_address>
         <size>0xac</size>
         <alignment>0x4</alignment>
         <input_file_ref idref="fl-9"/>
      </object_component>
      <object_component id="oc-23b">
         <name>.text.Read_Byte</name>
         <load_address>0x159c</load_address>
         <readonly>true</readonly>
         <executable>true</executable>
         <run_address>0x159c</run_address>
         <size>0xa8</size>
         <alignment>0x4</alignment>
         <input_file_ref idref="fl-8"/>
      </object_component>
      <object_component id="oc-12b">
         <name>.text.Motor_Proc</name>
         <load_address>0x1644</load_address>
         <readonly>true</readonly>
         <executable>true</executable>
         <run_address>0x1644</run_address>
         <size>0x9c</size>
         <alignment>0x4</alignment>
         <input_file_ref idref="fl-7"/>
      </object_component>
      <object_component id="oc-130">
         <name>.text.IS_INBLACK</name>
         <load_address>0x16e0</load_address>
         <readonly>true</readonly>
         <executable>true</executable>
         <run_address>0x16e0</run_address>
         <size>0x98</size>
         <alignment>0x4</alignment>
         <input_file_ref idref="fl-a"/>
      </object_component>
      <object_component id="oc-23c">
         <name>.text.IIC_Send_Ack</name>
         <load_address>0x1778</load_address>
         <readonly>true</readonly>
         <executable>true</executable>
         <run_address>0x1778</run_address>
         <size>0x94</size>
         <alignment>0x4</alignment>
         <input_file_ref idref="fl-8"/>
      </object_component>
      <object_component id="oc-1e9">
         <name>.text.MPU_Set_LPF</name>
         <load_address>0x180c</load_address>
         <readonly>true</readonly>
         <executable>true</executable>
         <run_address>0x180c</run_address>
         <size>0x8e</size>
         <alignment>0x2</alignment>
         <input_file_ref idref="fl-8"/>
      </object_component>
      <object_component id="oc-1ec">
         <name>.text.__mulsf3</name>
         <load_address>0x189c</load_address>
         <readonly>true</readonly>
         <executable>true</executable>
         <run_address>0x189c</run_address>
         <size>0x8c</size>
         <alignment>0x4</alignment>
         <input_file_ref idref="fl-109"/>
      </object_component>
      <object_component id="oc-176">
         <name>.text.__NVIC_SetPriority</name>
         <load_address>0x1928</load_address>
         <readonly>true</readonly>
         <executable>true</executable>
         <run_address>0x1928</run_address>
         <size>0x84</size>
         <alignment>0x4</alignment>
         <input_file_ref idref="fl-2"/>
      </object_component>
      <object_component id="oc-1a1">
         <name>.text.__divsf3</name>
         <load_address>0x19ac</load_address>
         <readonly>true</readonly>
         <executable>true</executable>
         <run_address>0x19ac</run_address>
         <size>0x82</size>
         <alignment>0x4</alignment>
         <input_file_ref idref="fl-10a"/>
      </object_component>
      <object_component id="oc-91">
         <name>.text.HW_Detect</name>
         <load_address>0x1a30</load_address>
         <readonly>true</readonly>
         <executable>true</executable>
         <run_address>0x1a30</run_address>
         <size>0x7c</size>
         <alignment>0x4</alignment>
         <input_file_ref idref="fl-a"/>
      </object_component>
      <object_component id="oc-1c">
         <name>.text:decompress:lzss</name>
         <load_address>0x1aac</load_address>
         <readonly>true</readonly>
         <executable>true</executable>
         <run_address>0x1aac</run_address>
         <size>0x7c</size>
         <alignment>0x4</alignment>
         <input_file_ref idref="fl-3e"/>
      </object_component>
      <object_component id="oc-12a">
         <name>.text.MPU6050_Proc</name>
         <load_address>0x1b28</load_address>
         <readonly>true</readonly>
         <executable>true</executable>
         <run_address>0x1b28</run_address>
         <size>0x78</size>
         <alignment>0x4</alignment>
         <input_file_ref idref="fl-8"/>
      </object_component>
      <object_component id="oc-19b">
         <name>.text.MPU6050_Update</name>
         <load_address>0x1ba0</load_address>
         <readonly>true</readonly>
         <executable>true</executable>
         <run_address>0x1ba0</run_address>
         <size>0x78</size>
         <alignment>0x4</alignment>
         <input_file_ref idref="fl-8"/>
      </object_component>
      <object_component id="oc-22b">
         <name>.text.__gedf2</name>
         <load_address>0x1c18</load_address>
         <readonly>true</readonly>
         <executable>true</executable>
         <run_address>0x1c18</run_address>
         <size>0x74</size>
         <alignment>0x4</alignment>
         <input_file_ref idref="fl-11e"/>
      </object_component>
      <object_component id="oc-33">
         <name>.text.Default_Handler</name>
         <load_address>0x1c8c</load_address>
         <readonly>true</readonly>
         <executable>true</executable>
         <run_address>0x1c8c</run_address>
         <size>0x4</size>
         <alignment>0x2</alignment>
         <input_file_ref idref="fl-3"/>
      </object_component>
      <object_component id="oc-1b8">
         <name>.text.__truncdfsf2</name>
         <load_address>0x1c90</load_address>
         <readonly>true</readonly>
         <executable>true</executable>
         <run_address>0x1c90</run_address>
         <size>0x74</size>
         <alignment>0x10</alignment>
         <input_file_ref idref="fl-112"/>
      </object_component>
      <object_component id="oc-45">
         <name>.text.UART0_IRQHandler</name>
         <load_address>0x1d04</load_address>
         <readonly>true</readonly>
         <executable>true</executable>
         <run_address>0x1d04</run_address>
         <size>0x70</size>
         <alignment>0x4</alignment>
         <input_file_ref idref="fl-e"/>
      </object_component>
      <object_component id="oc-43">
         <name>.text.UART1_IRQHandler</name>
         <load_address>0x1d74</load_address>
         <readonly>true</readonly>
         <executable>true</executable>
         <run_address>0x1d74</run_address>
         <size>0x70</size>
         <alignment>0x4</alignment>
         <input_file_ref idref="fl-e"/>
      </object_component>
      <object_component id="oc-44">
         <name>.text.UART2_IRQHandler</name>
         <load_address>0x1de4</load_address>
         <readonly>true</readonly>
         <executable>true</executable>
         <run_address>0x1de4</run_address>
         <size>0x70</size>
         <alignment>0x4</alignment>
         <input_file_ref idref="fl-e"/>
      </object_component>
      <object_component id="oc-3e">
         <name>.text.UART3_IRQHandler</name>
         <load_address>0x1e54</load_address>
         <readonly>true</readonly>
         <executable>true</executable>
         <run_address>0x1e54</run_address>
         <size>0x70</size>
         <alignment>0x4</alignment>
         <input_file_ref idref="fl-e"/>
      </object_component>
      <object_component id="oc-f7">
         <name>.text.SYSCFG_DL_PWM_L_init</name>
         <load_address>0x1ec4</load_address>
         <readonly>true</readonly>
         <executable>true</executable>
         <run_address>0x1ec4</run_address>
         <size>0x6c</size>
         <alignment>0x4</alignment>
         <input_file_ref idref="fl-2"/>
      </object_component>
      <object_component id="oc-199">
         <name>.text.MPU_Set_Rate</name>
         <load_address>0x1f30</load_address>
         <readonly>true</readonly>
         <executable>true</executable>
         <run_address>0x1f30</run_address>
         <size>0x68</size>
         <alignment>0x4</alignment>
         <input_file_ref idref="fl-8"/>
      </object_component>
      <object_component id="oc-225">
         <name>.text.__ledf2</name>
         <load_address>0x1f98</load_address>
         <readonly>true</readonly>
         <executable>true</executable>
         <run_address>0x1f98</run_address>
         <size>0x68</size>
         <alignment>0x4</alignment>
         <input_file_ref idref="fl-11e"/>
      </object_component>
      <object_component id="oc-1e1">
         <name>.text.IIC_Start</name>
         <load_address>0x2000</load_address>
         <readonly>true</readonly>
         <executable>true</executable>
         <run_address>0x2000</run_address>
         <size>0x64</size>
         <alignment>0x4</alignment>
         <input_file_ref idref="fl-8"/>
      </object_component>
      <object_component id="oc-f8">
         <name>.text.SYSCFG_DL_PWM_Buzzer_init</name>
         <load_address>0x2064</load_address>
         <readonly>true</readonly>
         <executable>true</executable>
         <run_address>0x2064</run_address>
         <size>0x64</size>
         <alignment>0x4</alignment>
         <input_file_ref idref="fl-2"/>
      </object_component>
      <object_component id="oc-f6">
         <name>.text.SYSCFG_DL_PWM_R_init</name>
         <load_address>0x20c8</load_address>
         <readonly>true</readonly>
         <executable>true</executable>
         <run_address>0x20c8</run_address>
         <size>0x64</size>
         <alignment>0x4</alignment>
         <input_file_ref idref="fl-2"/>
      </object_component>
      <object_component id="oc-1ff">
         <name>.text.__aeabi_dcmp</name>
         <load_address>0x212c</load_address>
         <readonly>true</readonly>
         <executable>true</executable>
         <run_address>0x212c</run_address>
         <size>0x62</size>
         <alignment>0x4</alignment>
         <input_file_ref idref="fl-113"/>
      </object_component>
      <object_component id="oc-203">
         <name>.text.__aeabi_fcmp</name>
         <load_address>0x2190</load_address>
         <readonly>true</readonly>
         <executable>true</executable>
         <run_address>0x2190</run_address>
         <size>0x62</size>
         <alignment>0x4</alignment>
         <input_file_ref idref="fl-114"/>
      </object_component>
      <object_component id="oc-1e4">
         <name>.text.IIC_Stop</name>
         <load_address>0x21f4</load_address>
         <readonly>true</readonly>
         <executable>true</executable>
         <run_address>0x21f4</run_address>
         <size>0x5c</size>
         <alignment>0x4</alignment>
         <input_file_ref idref="fl-8"/>
      </object_component>
      <object_component id="oc-cb">
         <name>.text.Encoder_Init</name>
         <load_address>0x2250</load_address>
         <readonly>true</readonly>
         <executable>true</executable>
         <run_address>0x2250</run_address>
         <size>0x58</size>
         <alignment>0x4</alignment>
         <input_file_ref idref="fl-5"/>
      </object_component>
      <object_component id="oc-1f0">
         <name>.text.MPU6050_GetTemp</name>
         <load_address>0x22a8</load_address>
         <readonly>true</readonly>
         <executable>true</executable>
         <run_address>0x22a8</run_address>
         <size>0x58</size>
         <alignment>0x4</alignment>
         <input_file_ref idref="fl-8"/>
      </object_component>
      <object_component id="oc-1ea">
         <name>.text.MPU6050ReadAcc</name>
         <load_address>0x2300</load_address>
         <readonly>true</readonly>
         <executable>true</executable>
         <run_address>0x2300</run_address>
         <size>0x54</size>
         <alignment>0x2</alignment>
         <input_file_ref idref="fl-8"/>
      </object_component>
      <object_component id="oc-1eb">
         <name>.text.MPU6050ReadGyro</name>
         <load_address>0x2354</load_address>
         <readonly>true</readonly>
         <executable>true</executable>
         <run_address>0x2354</run_address>
         <size>0x54</size>
         <alignment>0x2</alignment>
         <input_file_ref idref="fl-8"/>
      </object_component>
      <object_component id="oc-fb">
         <name>.text.SYSCFG_DL_HC_06_init</name>
         <load_address>0x23a8</load_address>
         <readonly>true</readonly>
         <executable>true</executable>
         <run_address>0x23a8</run_address>
         <size>0x54</size>
         <alignment>0x4</alignment>
         <input_file_ref idref="fl-2"/>
      </object_component>
      <object_component id="oc-188">
         <name>.text.SysTick_Config</name>
         <load_address>0x23fc</load_address>
         <readonly>true</readonly>
         <executable>true</executable>
         <run_address>0x23fc</run_address>
         <size>0x50</size>
         <alignment>0x4</alignment>
         <input_file_ref idref="fl-2"/>
      </object_component>
      <object_component id="oc-183">
         <name>.text.DL_UART_setBaudRateDivisor</name>
         <load_address>0x244c</load_address>
         <readonly>true</readonly>
         <executable>true</executable>
         <run_address>0x244c</run_address>
         <size>0x4c</size>
         <alignment>0x4</alignment>
         <input_file_ref idref="fl-2"/>
      </object_component>
      <object_component id="oc-bc">
         <name>.text.SYSCFG_DL_init</name>
         <load_address>0x2498</load_address>
         <readonly>true</readonly>
         <executable>true</executable>
         <run_address>0x2498</run_address>
         <size>0x4c</size>
         <alignment>0x4</alignment>
         <input_file_ref idref="fl-2"/>
      </object_component>
      <object_component id="oc-12c">
         <name>.text.Buzzer_Proc</name>
         <load_address>0x24e4</load_address>
         <readonly>true</readonly>
         <executable>true</executable>
         <run_address>0x24e4</run_address>
         <size>0x48</size>
         <alignment>0x4</alignment>
         <input_file_ref idref="fl-4"/>
      </object_component>
      <object_component id="oc-181">
         <name>.text.DL_UART_init</name>
         <load_address>0x252c</load_address>
         <readonly>true</readonly>
         <executable>true</executable>
         <run_address>0x252c</run_address>
         <size>0x48</size>
         <alignment>0x4</alignment>
         <input_file_ref idref="fl-1f"/>
      </object_component>
      <object_component id="oc-f9">
         <name>.text.SYSCFG_DL_TIMER_Encoder_Read_init</name>
         <load_address>0x2574</load_address>
         <readonly>true</readonly>
         <executable>true</executable>
         <run_address>0x2574</run_address>
         <size>0x40</size>
         <alignment>0x4</alignment>
         <input_file_ref idref="fl-2"/>
      </object_component>
      <object_component id="oc-fa">
         <name>.text.SYSCFG_DL_TIMER_Tracking_Read_init</name>
         <load_address>0x25b4</load_address>
         <readonly>true</readonly>
         <executable>true</executable>
         <run_address>0x25b4</run_address>
         <size>0x40</size>
         <alignment>0x4</alignment>
         <input_file_ref idref="fl-2"/>
      </object_component>
      <object_component id="oc-46">
         <name>.text.TIMG6_IRQHandler</name>
         <load_address>0x25f4</load_address>
         <readonly>true</readonly>
         <executable>true</executable>
         <run_address>0x25f4</run_address>
         <size>0x40</size>
         <alignment>0x4</alignment>
         <input_file_ref idref="fl-5"/>
      </object_component>
      <object_component id="oc-1e5">
         <name>.text.__aeabi_uidivmod</name>
         <load_address>0x2634</load_address>
         <readonly>true</readonly>
         <executable>true</executable>
         <run_address>0x2634</run_address>
         <size>0x40</size>
         <alignment>0x4</alignment>
         <input_file_ref idref="fl-118"/>
      </object_component>
      <object_component id="oc-1ac">
         <name>.text.__extendsfdf2</name>
         <load_address>0x2674</load_address>
         <readonly>true</readonly>
         <executable>true</executable>
         <run_address>0x2674</run_address>
         <size>0x40</size>
         <alignment>0x4</alignment>
         <input_file_ref idref="fl-10c"/>
      </object_component>
      <object_component id="oc-20b">
         <name>.text.PID_Limmit</name>
         <load_address>0x26b4</load_address>
         <readonly>true</readonly>
         <executable>true</executable>
         <run_address>0x26b4</run_address>
         <size>0x3e</size>
         <alignment>0x2</alignment>
         <input_file_ref idref="fl-d"/>
      </object_component>
      <object_component id="oc-168">
         <name>.text.DL_Timer_setCounterControl</name>
         <load_address>0x26f4</load_address>
         <readonly>true</readonly>
         <executable>true</executable>
         <run_address>0x26f4</run_address>
         <size>0x3c</size>
         <alignment>0x4</alignment>
         <input_file_ref idref="fl-2"/>
      </object_component>
      <object_component id="oc-1c0">
         <name>.text.__floatsisf</name>
         <load_address>0x2730</load_address>
         <readonly>true</readonly>
         <executable>true</executable>
         <run_address>0x2730</run_address>
         <size>0x3c</size>
         <alignment>0x4</alignment>
         <input_file_ref idref="fl-110"/>
      </object_component>
      <object_component id="oc-232">
         <name>.text.__gtsf2</name>
         <load_address>0x276c</load_address>
         <readonly>true</readonly>
         <executable>true</executable>
         <run_address>0x276c</run_address>
         <size>0x3c</size>
         <alignment>0x4</alignment>
         <input_file_ref idref="fl-11a"/>
      </object_component>
      <object_component id="oc-db">
         <name>.text:__TI_auto_init_nobinit_nopinit</name>
         <load_address>0x27a8</load_address>
         <readonly>true</readonly>
         <executable>true</executable>
         <run_address>0x27a8</run_address>
         <size>0x3c</size>
         <alignment>0x4</alignment>
         <input_file_ref idref="fl-39"/>
      </object_component>
      <object_component id="oc-22d">
         <name>.text.__eqsf2</name>
         <load_address>0x27e4</load_address>
         <readonly>true</readonly>
         <executable>true</executable>
         <run_address>0x27e4</run_address>
         <size>0x3a</size>
         <alignment>0x4</alignment>
         <input_file_ref idref="fl-11a"/>
      </object_component>
      <object_component id="oc-1f7">
         <name>.text.__muldsi3</name>
         <load_address>0x2820</load_address>
         <readonly>true</readonly>
         <executable>true</executable>
         <run_address>0x2820</run_address>
         <size>0x3a</size>
         <alignment>0x4</alignment>
         <input_file_ref idref="fl-108"/>
      </object_component>
      <object_component id="oc-154">
         <name>.text.DL_GPIO_initPeripheralOutputFunctionFeatures</name>
         <load_address>0x285c</load_address>
         <readonly>true</readonly>
         <executable>true</executable>
         <run_address>0x285c</run_address>
         <size>0x38</size>
         <alignment>0x4</alignment>
         <input_file_ref idref="fl-2"/>
      </object_component>
      <object_component id="oc-107">
         <name>.text.PID_Init</name>
         <load_address>0x2894</load_address>
         <readonly>true</readonly>
         <executable>true</executable>
         <run_address>0x2894</run_address>
         <size>0x38</size>
         <alignment>0x2</alignment>
         <input_file_ref idref="fl-d"/>
      </object_component>
      <object_component id="oc-242">
         <name>.text.__fixsfsi</name>
         <load_address>0x28cc</load_address>
         <readonly>true</readonly>
         <executable>true</executable>
         <run_address>0x28cc</run_address>
         <size>0x38</size>
         <alignment>0x4</alignment>
         <input_file_ref idref="fl-11d"/>
      </object_component>
      <object_component id="oc-158">
         <name>.text.DL_GPIO_initDigitalInputFeatures</name>
         <load_address>0x2904</load_address>
         <readonly>true</readonly>
         <executable>true</executable>
         <run_address>0x2904</run_address>
         <size>0x34</size>
         <alignment>0x4</alignment>
         <input_file_ref idref="fl-2"/>
      </object_component>
      <object_component id="oc-103">
         <name>.text.USART_Init</name>
         <load_address>0x2938</load_address>
         <readonly>true</readonly>
         <executable>true</executable>
         <run_address>0x2938</run_address>
         <size>0x32</size>
         <alignment>0x2</alignment>
         <input_file_ref idref="fl-e"/>
      </object_component>
      <object_component id="oc-234">
         <name>.text.__fixunssfsi</name>
         <load_address>0x296c</load_address>
         <readonly>true</readonly>
         <executable>true</executable>
         <run_address>0x296c</run_address>
         <size>0x32</size>
         <alignment>0x4</alignment>
         <input_file_ref idref="fl-10e"/>
      </object_component>
      <object_component id="oc-156">
         <name>.text.DL_GPIO_initDigitalOutputFeatures</name>
         <load_address>0x29a0</load_address>
         <readonly>true</readonly>
         <executable>true</executable>
         <run_address>0x29a0</run_address>
         <size>0x30</size>
         <alignment>0x4</alignment>
         <input_file_ref idref="fl-2"/>
      </object_component>
      <object_component id="oc-18e">
         <name>.text.__NVIC_ClearPendingIRQ</name>
         <load_address>0x29d0</load_address>
         <readonly>true</readonly>
         <executable>true</executable>
         <run_address>0x29d0</run_address>
         <size>0x2c</size>
         <alignment>0x4</alignment>
         <input_file_ref idref="fl-e"/>
      </object_component>
      <object_component id="oc-125">
         <name>.text.__NVIC_EnableIRQ</name>
         <load_address>0x29fc</load_address>
         <readonly>true</readonly>
         <executable>true</executable>
         <run_address>0x29fc</run_address>
         <size>0x2c</size>
         <alignment>0x4</alignment>
         <input_file_ref idref="fl-5"/>
      </object_component>
      <object_component id="oc-123">
         <name>.text.__NVIC_EnableIRQ</name>
         <load_address>0x2a28</load_address>
         <readonly>true</readonly>
         <executable>true</executable>
         <run_address>0x2a28</run_address>
         <size>0x2c</size>
         <alignment>0x4</alignment>
         <input_file_ref idref="fl-a"/>
      </object_component>
      <object_component id="oc-18f">
         <name>.text.__NVIC_EnableIRQ</name>
         <load_address>0x2a54</load_address>
         <readonly>true</readonly>
         <executable>true</executable>
         <run_address>0x2a54</run_address>
         <size>0x2c</size>
         <alignment>0x4</alignment>
         <input_file_ref idref="fl-e"/>
      </object_component>
      <object_component id="oc-21c">
         <name>.text.__floatsidf</name>
         <load_address>0x2a80</load_address>
         <readonly>true</readonly>
         <executable>true</executable>
         <run_address>0x2a80</run_address>
         <size>0x2c</size>
         <alignment>0x4</alignment>
         <input_file_ref idref="fl-10f"/>
      </object_component>
      <object_component id="oc-fd">
         <name>.text.SYSCFG_DL_SYSCTL_init</name>
         <load_address>0x2aac</load_address>
         <readonly>true</readonly>
         <executable>true</executable>
         <run_address>0x2aac</run_address>
         <size>0x2a</size>
         <alignment>0x2</alignment>
         <input_file_ref idref="fl-2"/>
      </object_component>
      <object_component id="oc-1de">
         <name>.text.DL_Common_updateReg</name>
         <load_address>0x2ad6</load_address>
         <readonly>true</readonly>
         <executable>true</executable>
         <run_address>0x2ad6</run_address>
         <size>0x28</size>
         <alignment>0x2</alignment>
         <input_file_ref idref="fl-2"/>
      </object_component>
      <object_component id="oc-19a">
         <name>.text.MPU6050ReadID</name>
         <load_address>0x2afe</load_address>
         <readonly>true</readonly>
         <executable>true</executable>
         <run_address>0x2afe</run_address>
         <size>0x28</size>
         <alignment>0x2</alignment>
         <input_file_ref idref="fl-8"/>
      </object_component>
      <object_component id="oc-a1">
         <name>.text.main</name>
         <load_address>0x2b26</load_address>
         <readonly>true</readonly>
         <executable>true</executable>
         <run_address>0x2b26</run_address>
         <size>0x28</size>
         <alignment>0x2</alignment>
         <input_file_ref idref="fl-1"/>
      </object_component>
      <object_component id="oc-67">
         <name>.text:_c_int00_noargs</name>
         <load_address>0x2b50</load_address>
         <readonly>true</readonly>
         <executable>true</executable>
         <run_address>0x2b50</run_address>
         <size>0x28</size>
         <alignment>0x4</alignment>
         <input_file_ref idref="fl-37"/>
      </object_component>
      <object_component id="oc-1c5">
         <name>.text.Get_yaw</name>
         <load_address>0x2b78</load_address>
         <readonly>true</readonly>
         <executable>true</executable>
         <run_address>0x2b78</run_address>
         <size>0x24</size>
         <alignment>0x4</alignment>
         <input_file_ref idref="fl-8"/>
      </object_component>
      <object_component id="oc-34">
         <name>.text.SysTick_Handler</name>
         <load_address>0x2b9c</load_address>
         <readonly>true</readonly>
         <executable>true</executable>
         <run_address>0x2b9c</run_address>
         <size>0x24</size>
         <alignment>0x4</alignment>
         <input_file_ref idref="fl-b"/>
      </object_component>
      <object_component id="oc-155">
         <name>.text.DL_GPIO_initPeripheralInputFunction</name>
         <load_address>0x2bc0</load_address>
         <readonly>true</readonly>
         <executable>true</executable>
         <run_address>0x2bc0</run_address>
         <size>0x20</size>
         <alignment>0x4</alignment>
         <input_file_ref idref="fl-2"/>
      </object_component>
      <object_component id="oc-c1">
         <name>.text.HC06_Init</name>
         <load_address>0x2be0</load_address>
         <readonly>true</readonly>
         <executable>true</executable>
         <run_address>0x2be0</run_address>
         <size>0x20</size>
         <alignment>0x4</alignment>
         <input_file_ref idref="fl-6"/>
      </object_component>
      <object_component id="oc-182">
         <name>.text.DL_UART_setOversampling</name>
         <load_address>0x2c00</load_address>
         <readonly>true</readonly>
         <executable>true</executable>
         <run_address>0x2c00</run_address>
         <size>0x1e</size>
         <alignment>0x2</alignment>
         <input_file_ref idref="fl-2"/>
      </object_component>
      <object_component id="oc-73">
         <name>.text.DL_GPIO_clearInterruptStatus</name>
         <load_address>0x2c20</load_address>
         <readonly>true</readonly>
         <executable>true</executable>
         <run_address>0x2c20</run_address>
         <size>0x1c</size>
         <alignment>0x4</alignment>
         <input_file_ref idref="fl-5"/>
      </object_component>
      <object_component id="oc-15f">
         <name>.text.DL_GPIO_clearInterruptStatus</name>
         <load_address>0x2c3c</load_address>
         <readonly>true</readonly>
         <executable>true</executable>
         <run_address>0x2c3c</run_address>
         <size>0x1c</size>
         <alignment>0x4</alignment>
         <input_file_ref idref="fl-2"/>
      </object_component>
      <object_component id="oc-160">
         <name>.text.DL_GPIO_enableInterrupt</name>
         <load_address>0x2c58</load_address>
         <readonly>true</readonly>
         <executable>true</executable>
         <run_address>0x2c58</run_address>
         <size>0x1c</size>
         <alignment>0x4</alignment>
         <input_file_ref idref="fl-2"/>
      </object_component>
      <object_component id="oc-212">
         <name>.text.DL_GPIO_initDigitalInput</name>
         <load_address>0x2c74</load_address>
         <readonly>true</readonly>
         <executable>true</executable>
         <run_address>0x2c74</run_address>
         <size>0x1c</size>
         <alignment>0x4</alignment>
         <input_file_ref idref="fl-8"/>
      </object_component>
      <object_component id="oc-152">
         <name>.text.DL_GPIO_initPeripheralOutputFunction</name>
         <load_address>0x2c90</load_address>
         <readonly>true</readonly>
         <executable>true</executable>
         <run_address>0x2c90</run_address>
         <size>0x1c</size>
         <alignment>0x4</alignment>
         <input_file_ref idref="fl-2"/>
      </object_component>
      <object_component id="oc-15d">
         <name>.text.DL_GPIO_setLowerPinsInputFilter</name>
         <load_address>0x2cac</load_address>
         <readonly>true</readonly>
         <executable>true</executable>
         <run_address>0x2cac</run_address>
         <size>0x1c</size>
         <alignment>0x4</alignment>
         <input_file_ref idref="fl-2"/>
      </object_component>
      <object_component id="oc-15b">
         <name>.text.DL_GPIO_setLowerPinsPolarity</name>
         <load_address>0x2cc8</load_address>
         <readonly>true</readonly>
         <executable>true</executable>
         <run_address>0x2cc8</run_address>
         <size>0x1c</size>
         <alignment>0x4</alignment>
         <input_file_ref idref="fl-2"/>
      </object_component>
      <object_component id="oc-15e">
         <name>.text.DL_GPIO_setUpperPinsInputFilter</name>
         <load_address>0x2ce4</load_address>
         <readonly>true</readonly>
         <executable>true</executable>
         <run_address>0x2ce4</run_address>
         <size>0x1c</size>
         <alignment>0x4</alignment>
         <input_file_ref idref="fl-2"/>
      </object_component>
      <object_component id="oc-18a">
         <name>.text.DL_SYSCTL_setSYSOSCFreq</name>
         <load_address>0x2d00</load_address>
         <readonly>true</readonly>
         <executable>true</executable>
         <run_address>0x2d00</run_address>
         <size>0x1c</size>
         <alignment>0x4</alignment>
         <input_file_ref idref="fl-2"/>
      </object_component>
      <object_component id="oc-175">
         <name>.text.DL_Timer_enableInterrupt</name>
         <load_address>0x2d1c</load_address>
         <readonly>true</readonly>
         <executable>true</executable>
         <run_address>0x2d1c</run_address>
         <size>0x1c</size>
         <alignment>0x4</alignment>
         <input_file_ref idref="fl-2"/>
      </object_component>
      <object_component id="oc-16a">
         <name>.text.DL_Timer_setCaptCompUpdateMethod</name>
         <load_address>0x2d38</load_address>
         <readonly>true</readonly>
         <executable>true</executable>
         <run_address>0x2d38</run_address>
         <size>0x1c</size>
         <alignment>0x4</alignment>
         <input_file_ref idref="fl-1e"/>
      </object_component>
      <object_component id="oc-161">
         <name>.text.DL_Timer_setClockConfig</name>
         <load_address>0x2d54</load_address>
         <readonly>true</readonly>
         <executable>true</executable>
         <run_address>0x2d54</run_address>
         <size>0x1c</size>
         <alignment>0x4</alignment>
         <input_file_ref idref="fl-1e"/>
      </object_component>
      <object_component id="oc-184">
         <name>.text.DL_UART_enableInterrupt</name>
         <load_address>0x2d70</load_address>
         <readonly>true</readonly>
         <executable>true</executable>
         <run_address>0x2d70</run_address>
         <size>0x1c</size>
         <alignment>0x4</alignment>
         <input_file_ref idref="fl-2"/>
      </object_component>
      <object_component id="oc-198">
         <name>.text.MPU_Set_Accel_Fsr</name>
         <load_address>0x2d8c</load_address>
         <readonly>true</readonly>
         <executable>true</executable>
         <run_address>0x2d8c</run_address>
         <size>0x1c</size>
         <alignment>0x2</alignment>
         <input_file_ref idref="fl-8"/>
      </object_component>
      <object_component id="oc-197">
         <name>.text.MPU_Set_Gyro_Fsr</name>
         <load_address>0x2da8</load_address>
         <readonly>true</readonly>
         <executable>true</executable>
         <run_address>0x2da8</run_address>
         <size>0x1c</size>
         <alignment>0x2</alignment>
         <input_file_ref idref="fl-8"/>
      </object_component>
      <object_component id="oc-195">
         <name>.text.delay_ms</name>
         <load_address>0x2dc4</load_address>
         <readonly>true</readonly>
         <executable>true</executable>
         <run_address>0x2dc4</run_address>
         <size>0x1a</size>
         <alignment>0x2</alignment>
         <input_file_ref idref="fl-b"/>
      </object_component>
      <object_component id="oc-194">
         <name>.text.DL_GPIO_enableOutput</name>
         <load_address>0x2de0</load_address>
         <readonly>true</readonly>
         <executable>true</executable>
         <run_address>0x2de0</run_address>
         <size>0x18</size>
         <alignment>0x4</alignment>
         <input_file_ref idref="fl-8"/>
      </object_component>
      <object_component id="oc-153">
         <name>.text.DL_GPIO_enableOutput</name>
         <load_address>0x2df8</load_address>
         <readonly>true</readonly>
         <executable>true</executable>
         <run_address>0x2df8</run_address>
         <size>0x18</size>
         <alignment>0x4</alignment>
         <input_file_ref idref="fl-2"/>
      </object_component>
      <object_component id="oc-14a">
         <name>.text.DL_GPIO_enablePower</name>
         <load_address>0x2e10</load_address>
         <readonly>true</readonly>
         <executable>true</executable>
         <run_address>0x2e10</run_address>
         <size>0x18</size>
         <alignment>0x4</alignment>
         <input_file_ref idref="fl-2"/>
      </object_component>
      <object_component id="oc-71">
         <name>.text.DL_GPIO_getEnabledInterruptStatus</name>
         <load_address>0x2e28</load_address>
         <readonly>true</readonly>
         <executable>true</executable>
         <run_address>0x2e28</run_address>
         <size>0x18</size>
         <alignment>0x4</alignment>
         <input_file_ref idref="fl-5"/>
      </object_component>
      <object_component id="oc-192">
         <name>.text.DL_GPIO_initDigitalOutput</name>
         <load_address>0x2e40</load_address>
         <readonly>true</readonly>
         <executable>true</executable>
         <run_address>0x2e40</run_address>
         <size>0x18</size>
         <alignment>0x4</alignment>
         <input_file_ref idref="fl-8"/>
      </object_component>
      <object_component id="oc-157">
         <name>.text.DL_GPIO_initDigitalOutput</name>
         <load_address>0x2e58</load_address>
         <readonly>true</readonly>
         <executable>true</executable>
         <run_address>0x2e58</run_address>
         <size>0x18</size>
         <alignment>0x4</alignment>
         <input_file_ref idref="fl-2"/>
      </object_component>
      <object_component id="oc-146">
         <name>.text.DL_GPIO_reset</name>
         <load_address>0x2e70</load_address>
         <readonly>true</readonly>
         <executable>true</executable>
         <run_address>0x2e70</run_address>
         <size>0x18</size>
         <alignment>0x4</alignment>
         <input_file_ref idref="fl-2"/>
      </object_component>
      <object_component id="oc-193">
         <name>.text.DL_GPIO_setPins</name>
         <load_address>0x2e88</load_address>
         <readonly>true</readonly>
         <executable>true</executable>
         <run_address>0x2e88</run_address>
         <size>0x18</size>
         <alignment>0x4</alignment>
         <input_file_ref idref="fl-8"/>
      </object_component>
      <object_component id="oc-1a8">
         <name>.text.DL_GPIO_setPins</name>
         <load_address>0x2ea0</load_address>
         <readonly>true</readonly>
         <executable>true</executable>
         <run_address>0x2ea0</run_address>
         <size>0x18</size>
         <alignment>0x4</alignment>
         <input_file_ref idref="fl-9"/>
      </object_component>
      <object_component id="oc-15a">
         <name>.text.DL_GPIO_setPins</name>
         <load_address>0x2eb8</load_address>
         <readonly>true</readonly>
         <executable>true</executable>
         <run_address>0x2eb8</run_address>
         <size>0x18</size>
         <alignment>0x4</alignment>
         <input_file_ref idref="fl-2"/>
      </object_component>
      <object_component id="oc-15c">
         <name>.text.DL_GPIO_setUpperPinsPolarity</name>
         <load_address>0x2ed0</load_address>
         <readonly>true</readonly>
         <executable>true</executable>
         <run_address>0x2ed0</run_address>
         <size>0x18</size>
         <alignment>0x2</alignment>
         <input_file_ref idref="fl-2"/>
      </object_component>
      <object_component id="oc-14d">
         <name>.text.DL_MathACL_enablePower</name>
         <load_address>0x2ee8</load_address>
         <readonly>true</readonly>
         <executable>true</executable>
         <run_address>0x2ee8</run_address>
         <size>0x18</size>
         <alignment>0x4</alignment>
         <input_file_ref idref="fl-2"/>
      </object_component>
      <object_component id="oc-149">
         <name>.text.DL_MathACL_reset</name>
         <load_address>0x2f00</load_address>
         <readonly>true</readonly>
         <executable>true</executable>
         <run_address>0x2f00</run_address>
         <size>0x18</size>
         <alignment>0x4</alignment>
         <input_file_ref idref="fl-2"/>
      </object_component>
      <object_component id="oc-189">
         <name>.text.DL_SYSCTL_setBORThreshold</name>
         <load_address>0x2f18</load_address>
         <readonly>true</readonly>
         <executable>true</executable>
         <run_address>0x2f18</run_address>
         <size>0x18</size>
         <alignment>0x4</alignment>
         <input_file_ref idref="fl-2"/>
      </object_component>
      <object_component id="oc-14b">
         <name>.text.DL_Timer_enablePower</name>
         <load_address>0x2f30</load_address>
         <readonly>true</readonly>
         <executable>true</executable>
         <run_address>0x2f30</run_address>
         <size>0x18</size>
         <alignment>0x4</alignment>
         <input_file_ref idref="fl-2"/>
      </object_component>
      <object_component id="oc-147">
         <name>.text.DL_Timer_reset</name>
         <load_address>0x2f48</load_address>
         <readonly>true</readonly>
         <executable>true</executable>
         <run_address>0x2f48</run_address>
         <size>0x18</size>
         <alignment>0x4</alignment>
         <input_file_ref idref="fl-2"/>
      </object_component>
      <object_component id="oc-169">
         <name>.text.DL_Timer_setCaptureCompareOutCtl</name>
         <load_address>0x2f60</load_address>
         <readonly>true</readonly>
         <executable>true</executable>
         <run_address>0x2f60</run_address>
         <size>0x18</size>
         <alignment>0x4</alignment>
         <input_file_ref idref="fl-1e"/>
      </object_component>
      <object_component id="oc-126">
         <name>.text.DL_Timer_startCounter</name>
         <load_address>0x2f78</load_address>
         <readonly>true</readonly>
         <executable>true</executable>
         <run_address>0x2f78</run_address>
         <size>0x18</size>
         <alignment>0x4</alignment>
         <input_file_ref idref="fl-5"/>
      </object_component>
      <object_component id="oc-14c">
         <name>.text.DL_UART_enablePower</name>
         <load_address>0x2f90</load_address>
         <readonly>true</readonly>
         <executable>true</executable>
         <run_address>0x2f90</run_address>
         <size>0x18</size>
         <alignment>0x4</alignment>
         <input_file_ref idref="fl-2"/>
      </object_component>
      <object_component id="oc-148">
         <name>.text.DL_UART_reset</name>
         <load_address>0x2fa8</load_address>
         <readonly>true</readonly>
         <executable>true</executable>
         <run_address>0x2fa8</run_address>
         <size>0x18</size>
         <alignment>0x4</alignment>
         <input_file_ref idref="fl-2"/>
      </object_component>
      <object_component id="oc-72">
         <name>.text.DL_GPIO_readPins</name>
         <load_address>0x2fc0</load_address>
         <readonly>true</readonly>
         <executable>true</executable>
         <run_address>0x2fc0</run_address>
         <size>0x16</size>
         <alignment>0x2</alignment>
         <input_file_ref idref="fl-5"/>
      </object_component>
      <object_component id="oc-213">
         <name>.text.DL_GPIO_readPins</name>
         <load_address>0x2fd6</load_address>
         <readonly>true</readonly>
         <executable>true</executable>
         <run_address>0x2fd6</run_address>
         <size>0x16</size>
         <alignment>0x2</alignment>
         <input_file_ref idref="fl-8"/>
      </object_component>
      <object_component id="oc-b0">
         <name>.text.DL_GPIO_readPins</name>
         <load_address>0x2fec</load_address>
         <readonly>true</readonly>
         <executable>true</executable>
         <run_address>0x2fec</run_address>
         <size>0x16</size>
         <alignment>0x2</alignment>
         <input_file_ref idref="fl-a"/>
      </object_component>
      <object_component id="oc-185">
         <name>.text.DL_UART_enable</name>
         <load_address>0x3002</load_address>
         <readonly>true</readonly>
         <executable>true</executable>
         <run_address>0x3002</run_address>
         <size>0x16</size>
         <alignment>0x2</alignment>
         <input_file_ref idref="fl-2"/>
      </object_component>
      <object_component id="oc-207">
         <name>.text.PID_Reset</name>
         <load_address>0x3018</load_address>
         <readonly>true</readonly>
         <executable>true</executable>
         <run_address>0x3018</run_address>
         <size>0x16</size>
         <alignment>0x2</alignment>
         <input_file_ref idref="fl-d"/>
      </object_component>
      <object_component id="oc-211">
         <name>.text.delay_us</name>
         <load_address>0x302e</load_address>
         <readonly>true</readonly>
         <executable>true</executable>
         <run_address>0x302e</run_address>
         <size>0x16</size>
         <alignment>0x2</alignment>
         <input_file_ref idref="fl-b"/>
      </object_component>
      <object_component id="oc-5e">
         <name>.text:decompress:ZI:__TI_zero_init_nomemset</name>
         <load_address>0x3044</load_address>
         <readonly>true</readonly>
         <executable>true</executable>
         <run_address>0x3044</run_address>
         <size>0x16</size>
         <alignment>0x2</alignment>
         <input_file_ref idref="fl-3c"/>
      </object_component>
      <object_component id="oc-1cb">
         <name>.text.Buzzer_Off</name>
         <load_address>0x305c</load_address>
         <readonly>true</readonly>
         <executable>true</executable>
         <run_address>0x305c</run_address>
         <size>0x14</size>
         <alignment>0x4</alignment>
         <input_file_ref idref="fl-4"/>
      </object_component>
      <object_component id="oc-1ca">
         <name>.text.Buzzer_On</name>
         <load_address>0x3070</load_address>
         <readonly>true</readonly>
         <executable>true</executable>
         <run_address>0x3070</run_address>
         <size>0x14</size>
         <alignment>0x4</alignment>
         <input_file_ref idref="fl-4"/>
      </object_component>
      <object_component id="oc-124">
         <name>.text.DL_GPIO_clearPins</name>
         <load_address>0x3084</load_address>
         <readonly>true</readonly>
         <executable>true</executable>
         <run_address>0x3084</run_address>
         <size>0x14</size>
         <alignment>0x2</alignment>
         <input_file_ref idref="fl-5"/>
      </object_component>
      <object_component id="oc-210">
         <name>.text.DL_GPIO_clearPins</name>
         <load_address>0x3098</load_address>
         <readonly>true</readonly>
         <executable>true</executable>
         <run_address>0x3098</run_address>
         <size>0x14</size>
         <alignment>0x2</alignment>
         <input_file_ref idref="fl-8"/>
      </object_component>
      <object_component id="oc-1cd">
         <name>.text.DL_GPIO_clearPins</name>
         <load_address>0x30ac</load_address>
         <readonly>true</readonly>
         <executable>true</executable>
         <run_address>0x30ac</run_address>
         <size>0x14</size>
         <alignment>0x2</alignment>
         <input_file_ref idref="fl-9"/>
      </object_component>
      <object_component id="oc-159">
         <name>.text.DL_GPIO_clearPins</name>
         <load_address>0x30c0</load_address>
         <readonly>true</readonly>
         <executable>true</executable>
         <run_address>0x30c0</run_address>
         <size>0x14</size>
         <alignment>0x2</alignment>
         <input_file_ref idref="fl-2"/>
      </object_component>
      <object_component id="oc-18c">
         <name>.text.DL_SYSCTL_disableSYSPLL</name>
         <load_address>0x30d4</load_address>
         <readonly>true</readonly>
         <executable>true</executable>
         <run_address>0x30d4</run_address>
         <size>0x14</size>
         <alignment>0x4</alignment>
         <input_file_ref idref="fl-2"/>
      </object_component>
      <object_component id="oc-18d">
         <name>.text.DL_SYSCTL_enableMFCLK</name>
         <load_address>0x30e8</load_address>
         <readonly>true</readonly>
         <executable>true</executable>
         <run_address>0x30e8</run_address>
[...]
         <object_component_ref idref="oc-20d"/>
      </symbol>
      <symbol id="sm-268">
         <name>SetPWM_L</name>
         <value>0x1221</value>
         <object_component_ref idref="oc-208"/>
      </symbol>
      <symbol id="sm-269">
         <name>Enable_TB6612</name>
         <value>0x314d</value>
         <object_component_ref idref="oc-111"/>
      </symbol>
      <symbol id="sm-26a">
         <name>Disable_TB6612</name>
         <value>0x3139</value>
         <object_component_ref idref="oc-131"/>
      </symbol>
      <symbol id="sm-288">
         <name>Tracking_Init</name>
         <value>0x319d</value>
         <object_component_ref idref="oc-ca"/>
      </symbol>
      <symbol id="sm-289">
         <name>HW_Detect</name>
         <value>0x1a31</value>
         <object_component_ref idref="oc-91"/>
      </symbol>
      <symbol id="sm-28a">
         <name>Tracking_Angle</name>
         <value>0x3279</value>
         <object_component_ref idref="oc-1bf"/>
      </symbol>
      <symbol id="sm-28b">
         <name>TIMA0_IRQHandler</name>
         <value>0x329b</value>
         <object_component_ref idref="oc-47"/>
      </symbol>
      <symbol id="sm-28c">
         <name>IS_INBLACK</name>
         <value>0x16e1</value>
         <object_component_ref idref="oc-130"/>
      </symbol>
      <symbol id="sm-29f">
         <name>delay_ms</name>
         <value>0x2dc5</value>
         <object_component_ref idref="oc-195"/>
      </symbol>
      <symbol id="sm-2a0">
         <name>delay_us</name>
         <value>0x302f</value>
         <object_component_ref idref="oc-211"/>
      </symbol>
      <symbol id="sm-2a1">
         <name>SysTick_Handler</name>
         <value>0x2b9d</value>
         <object_component_ref idref="oc-34"/>
      </symbol>
      <symbol id="sm-2a2">
         <name>get_ticks</name>
         <value>0x3285</value>
         <object_component_ref idref="oc-1ab"/>
      </symbol>
      <symbol id="sm-2b4">
         <name>PID_Init</name>
         <value>0x2895</value>
         <object_component_ref idref="oc-107"/>
      </symbol>
      <symbol id="sm-2b5">
         <name>PID_Limmit</name>
         <value>0x26b5</value>
         <object_component_ref idref="oc-20b"/>
      </symbol>
      <symbol id="sm-2b6">
         <name>PID_ChangeSP</name>
         <value>0x322d</value>
         <object_component_ref idref="oc-20a"/>
      </symbol>
      <symbol id="sm-2b7">
         <name>PID_Compute</name>
         <value>0x115d</value>
         <object_component_ref idref="oc-1c4"/>
      </symbol>
      <symbol id="sm-2b8">
         <name>PID_Reset</name>
         <value>0x3019</value>
         <object_component_ref idref="oc-207"/>
      </symbol>
      <symbol id="sm-2dc">
         <name>USART_Init</name>
         <value>0x2939</value>
         <object_component_ref idref="oc-103"/>
      </symbol>
      <symbol id="sm-2dd">
         <name>usart0_ch</name>
         <value>0x20200448</value>
         <object_component_ref idref="oc-8a"/>
      </symbol>
      <symbol id="sm-2de">
         <name>usart3_ch</name>
         <value>0x2020044b</value>
         <object_component_ref idref="oc-7c"/>
      </symbol>
      <symbol id="sm-2df">
         <name>usart2_ch</name>
         <value>0x2020044a</value>
         <object_component_ref idref="oc-86"/>
      </symbol>
      <symbol id="sm-2e0">
         <name>usart1_ch</name>
         <value>0x20200449</value>
         <object_component_ref idref="oc-82"/>
      </symbol>
      <symbol id="sm-2e1">
         <name>usart3_str</name>
         <value>0x20200300</value>
         <object_component_ref idref="oc-7f"/>
      </symbol>
      <symbol id="sm-2e2">
         <name>usart3_str_index</name>
         <value>0x2020043c</value>
         <object_component_ref idref="oc-7d"/>
      </symbol>
      <symbol id="sm-2e3">
         <name>usart3_str_received</name>
         <value>0x20200440</value>
         <object_component_ref idref="oc-7e"/>
      </symbol>
      <symbol id="sm-2e4">
         <name>usart2_str</name>
         <value>0x20200200</value>
         <object_component_ref idref="oc-89"/>
      </symbol>
      <symbol id="sm-2e5">
         <name>usart2_str_index</name>
         <value>0x20200434</value>
         <object_component_ref idref="oc-87"/>
      </symbol>
      <symbol id="sm-2e6">
         <name>usart2_str_received</name>
         <value>0x20200438</value>
         <object_component_ref idref="oc-88"/>
      </symbol>
      <symbol id="sm-2e7">
         <name>usart1_str</name>
         <value>0x20200100</value>
         <object_component_ref idref="oc-85"/>
      </symbol>
      <symbol id="sm-2e8">
         <name>usart1_str_index</name>
         <value>0x2020042c</value>
         <object_component_ref idref="oc-83"/>
      </symbol>
      <symbol id="sm-2e9">
         <name>usart1_str_received</name>
         <value>0x20200430</value>
         <object_component_ref idref="oc-84"/>
      </symbol>
      <symbol id="sm-2ea">
         <name>usart0_str</name>
         <value>0x20200000</value>
         <object_component_ref idref="oc-8d"/>
      </symbol>
      <symbol id="sm-2eb">
         <name>usart0_str_index</name>
         <value>0x20200424</value>
         <object_component_ref idref="oc-8b"/>
      </symbol>
      <symbol id="sm-2ec">
         <name>usart0_str_received</name>
         <value>0x20200428</value>
         <object_component_ref idref="oc-8c"/>
      </symbol>
      <symbol id="sm-2ed">
         <name>UART0_IRQHandler</name>
         <value>0x1d05</value>
         <object_component_ref idref="oc-45"/>
      </symbol>
      <symbol id="sm-2ee">
         <name>UART1_IRQHandler</name>
         <value>0x1d75</value>
         <object_component_ref idref="oc-43"/>
      </symbol>
      <symbol id="sm-2ef">
         <name>UART2_IRQHandler</name>
         <value>0x1de5</value>
         <object_component_ref idref="oc-44"/>
      </symbol>
      <symbol id="sm-2f0">
         <name>UART3_IRQHandler</name>
         <value>0x1e55</value>
         <object_component_ref idref="oc-3e"/>
      </symbol>
      <symbol id="sm-2f1">
         <name>__TI_ATRegion0_src_addr</name>
         <value>0x0</value>
      </symbol>
      <symbol id="sm-2f2">
         <name>__TI_ATRegion0_trg_addr</name>
         <value>0x0</value>
      </symbol>
      <symbol id="sm-2f3">
         <name>__TI_ATRegion0_region_sz</name>
         <value>0x0</value>
      </symbol>
      <symbol id="sm-2f4">
         <name>__TI_ATRegion1_src_addr</name>
         <value>0x0</value>
      </symbol>
      <symbol id="sm-2f5">
         <name>__TI_ATRegion1_trg_addr</name>
         <value>0x0</value>
      </symbol>
      <symbol id="sm-2f6">
         <name>__TI_ATRegion1_region_sz</name>
         <value>0x0</value>
      </symbol>
      <symbol id="sm-2f7">
         <name>__TI_ATRegion2_src_addr</name>
         <value>0x0</value>
      </symbol>
      <symbol id="sm-2f8">
         <name>__TI_ATRegion2_trg_addr</name>
         <value>0x0</value>
      </symbol>
      <symbol id="sm-2f9">
         <name>__TI_ATRegion2_region_sz</name>
         <value>0x0</value>
      </symbol>
      <symbol id="sm-302">
         <name>DL_Common_delayCycles</name>
         <value>0x3291</value>
         <object_component_ref idref="oc-14e"/>
      </symbol>
      <symbol id="sm-31e">
         <name>DL_Timer_setClockConfig</name>
         <value>0x2d55</value>
         <object_component_ref idref="oc-161"/>
      </symbol>
      <symbol id="sm-31f">
         <name>DL_Timer_initTimerMode</name>
         <value>0xc4d</value>
         <object_component_ref idref="oc-174"/>
      </symbol>
      <symbol id="sm-320">
         <name>DL_Timer_setCaptureCompareValue</name>
         <value>0x321d</value>
         <object_component_ref idref="oc-16b"/>
      </symbol>
      <symbol id="sm-321">
         <name>DL_Timer_setCaptCompUpdateMethod</name>
         <value>0x2d39</value>
         <object_component_ref idref="oc-16a"/>
      </symbol>
      <symbol id="sm-322">
         <name>DL_Timer_setCaptureCompareOutCtl</name>
         <value>0x2f61</value>
         <object_component_ref idref="oc-169"/>
      </symbol>
      <symbol id="sm-323">
         <name>DL_Timer_initFourCCPWMMode</name>
         <value>0x951</value>
         <object_component_ref idref="oc-167"/>
      </symbol>
      <symbol id="sm-330">
         <name>DL_UART_init</name>
         <value>0x252d</value>
         <object_component_ref idref="oc-181"/>
      </symbol>
      <symbol id="sm-331">
         <name>DL_UART_setClockConfig</name>
         <value>0x31d5</value>
         <object_component_ref idref="oc-17b"/>
      </symbol>
      <symbol id="sm-33d">
         <name>_c_int00_noargs</name>
         <value>0x2b51</value>
         <object_component_ref idref="oc-67"/>
      </symbol>
      <symbol id="sm-33e">
         <name>__stack</name>
         <value>0x20207e00</value>
         <object_component_ref idref="oc-1a"/>
      </symbol>
      <symbol id="sm-34a">
         <name>__TI_auto_init_nobinit_nopinit</name>
         <value>0x27a9</value>
         <object_component_ref idref="oc-db"/>
      </symbol>
      <symbol id="sm-352">
         <name>_system_pre_init</name>
         <value>0x32bb</value>
         <object_component_ref idref="oc-9d"/>
      </symbol>
      <symbol id="sm-35d">
         <name>__TI_zero_init_nomemset</name>
         <value>0x3045</value>
         <object_component_ref idref="oc-5e"/>
      </symbol>
      <symbol id="sm-366">
         <name>__TI_decompress_none</name>
         <value>0x31f9</value>
         <object_component_ref idref="oc-20"/>
      </symbol>
      <symbol id="sm-371">
         <name>__TI_decompress_lzss</name>
         <value>0x1aad</value>
         <object_component_ref idref="oc-1c"/>
      </symbol>
      <symbol id="sm-37d">
         <name>abort</name>
         <value>0x32ad</value>
         <object_component_ref idref="oc-d4"/>
      </symbol>
      <symbol id="sm-398">
         <name>HOSTexit</name>
         <value>0x32b3</value>
         <object_component_ref idref="oc-135"/>
      </symbol>
      <symbol id="sm-399">
         <name>C$$EXIT</name>
         <value>0x32b2</value>
         <object_component_ref idref="oc-135"/>
      </symbol>
      <symbol id="sm-3ae">
         <name>__aeabi_fadd</name>
         <value>0xe23</value>
         <object_component_ref idref="oc-19d"/>
      </symbol>
      <symbol id="sm-3af">
         <name>__addsf3</name>
         <value>0xe23</value>
         <object_component_ref idref="oc-19d"/>
      </symbol>
      <symbol id="sm-3b0">
         <name>__aeabi_fsub</name>
         <value>0xe19</value>
         <object_component_ref idref="oc-19d"/>
      </symbol>
      <symbol id="sm-3b1">
         <name>__subsf3</name>
         <value>0xe19</value>
         <object_component_ref idref="oc-19d"/>
      </symbol>
      <symbol id="sm-3b7">
         <name>__aeabi_dadd</name>
         <value>0x47b</value>
         <object_component_ref idref="oc-1b4"/>
      </symbol>
      <symbol id="sm-3b8">
         <name>__adddf3</name>
         <value>0x47b</value>
         <object_component_ref idref="oc-1b4"/>
      </symbol>
      <symbol id="sm-3b9">
         <name>__aeabi_dsub</name>
         <value>0x471</value>
         <object_component_ref idref="oc-1b4"/>
      </symbol>
      <symbol id="sm-3ba">
         <name>__subdf3</name>
         <value>0x471</value>
         <object_component_ref idref="oc-1b4"/>
      </symbol>
      <symbol id="sm-3c0">
         <name>__aeabi_dmul</name>
         <value>0xd35</value>
         <object_component_ref idref="oc-1b0"/>
      </symbol>
      <symbol id="sm-3c1">
         <name>__muldf3</name>
         <value>0xd35</value>
         <object_component_ref idref="oc-1b0"/>
      </symbol>
      <symbol id="sm-3c7">
         <name>__muldsi3</name>
         <value>0x2821</value>
         <object_component_ref idref="oc-1f7"/>
      </symbol>
      <symbol id="sm-3cd">
         <name>__aeabi_fmul</name>
         <value>0x189d</value>
         <object_component_ref idref="oc-1ec"/>
      </symbol>
      <symbol id="sm-3ce">
         <name>__mulsf3</name>
         <value>0x189d</value>
         <object_component_ref idref="oc-1ec"/>
      </symbol>
      <symbol id="sm-3d4">
         <name>__aeabi_fdiv</name>
         <value>0x19ad</value>
         <object_component_ref idref="oc-1a1"/>
      </symbol>
      <symbol id="sm-3d5">
         <name>__divsf3</name>
         <value>0x19ad</value>
         <object_component_ref idref="oc-1a1"/>
      </symbol>
      <symbol id="sm-3db">
         <name>__aeabi_ddiv</name>
         <value>0x845</value>
         <object_component_ref idref="oc-220"/>
      </symbol>
      <symbol id="sm-3dc">
         <name>__divdf3</name>
         <value>0x845</value>
         <object_component_ref idref="oc-220"/>
      </symbol>
      <symbol id="sm-3e2">
         <name>__aeabi_f2d</name>
         <value>0x2675</value>
         <object_component_ref idref="oc-1ac"/>
      </symbol>
      <symbol id="sm-3e3">
         <name>__extendsfdf2</name>
         <value>0x2675</value>
         <object_component_ref idref="oc-1ac"/>
      </symbol>
      <symbol id="sm-3e9">
         <name>__aeabi_f2uiz</name>
         <value>0x296d</value>
         <object_component_ref idref="oc-234"/>
      </symbol>
      <symbol id="sm-3ea">
         <name>__fixunssfsi</name>
         <value>0x296d</value>
         <object_component_ref idref="oc-234"/>
      </symbol>
      <symbol id="sm-3f0">
         <name>__aeabi_i2d</name>
         <value>0x2a81</value>
         <object_component_ref idref="oc-21c"/>
      </symbol>
      <symbol id="sm-3f1">
         <name>__floatsidf</name>
         <value>0x2a81</value>
         <object_component_ref idref="oc-21c"/>
      </symbol>
      <symbol id="sm-3f7">
         <name>__aeabi_i2f</name>
         <value>0x2731</value>
         <object_component_ref idref="oc-1c0"/>
      </symbol>
      <symbol id="sm-3f8">
         <name>__floatsisf</name>
         <value>0x2731</value>
         <object_component_ref idref="oc-1c0"/>
      </symbol>
      <symbol id="sm-3ff">
         <name>__aeabi_d2f</name>
         <value>0x1c91</value>
         <object_component_ref idref="oc-1b8"/>
      </symbol>
      <symbol id="sm-400">
         <name>__truncdfsf2</name>
         <value>0x1c91</value>
         <object_component_ref idref="oc-1b8"/>
      </symbol>
      <symbol id="sm-406">
         <name>__aeabi_dcmpeq</name>
         <value>0x212d</value>
         <object_component_ref idref="oc-1ff"/>
      </symbol>
      <symbol id="sm-407">
         <name>__aeabi_dcmplt</name>
         <value>0x2141</value>
         <object_component_ref idref="oc-1ff"/>
      </symbol>
      <symbol id="sm-408">
         <name>__aeabi_dcmple</name>
         <value>0x2155</value>
         <object_component_ref idref="oc-1ff"/>
      </symbol>
      <symbol id="sm-409">
         <name>__aeabi_dcmpge</name>
         <value>0x2169</value>
         <object_component_ref idref="oc-1ff"/>
      </symbol>
      <symbol id="sm-40a">
         <name>__aeabi_dcmpgt</name>
         <value>0x217d</value>
         <object_component_ref idref="oc-1ff"/>
      </symbol>
      <symbol id="sm-410">
         <name>__aeabi_fcmpeq</name>
         <value>0x2191</value>
         <object_component_ref idref="oc-203"/>
      </symbol>
      <symbol id="sm-411">
         <name>__aeabi_fcmplt</name>
         <value>0x21a5</value>
         <object_component_ref idref="oc-203"/>
      </symbol>
      <symbol id="sm-412">
         <name>__aeabi_fcmple</name>
         <value>0x21b9</value>
         <object_component_ref idref="oc-203"/>
      </symbol>
      <symbol id="sm-413">
         <name>__aeabi_fcmpge</name>
         <value>0x21cd</value>
         <object_component_ref idref="oc-203"/>
      </symbol>
      <symbol id="sm-414">
         <name>__aeabi_fcmpgt</name>
         <value>0x21e1</value>
         <object_component_ref idref="oc-203"/>
      </symbol>
      <symbol id="sm-41a">
         <name>__aeabi_memcpy</name>
         <value>0x32a5</value>
         <object_component_ref idref="oc-57"/>
      </symbol>
      <symbol id="sm-41b">
         <name>__aeabi_memcpy4</name>
         <value>0x32a5</value>
         <object_component_ref idref="oc-57"/>
      </symbol>
      <symbol id="sm-41c">
         <name>__aeabi_memcpy8</name>
         <value>0x32a5</value>
         <object_component_ref idref="oc-57"/>
      </symbol>
      <symbol id="sm-422">
         <name>__aeabi_uidiv</name>
         <value>0x2635</value>
         <object_component_ref idref="oc-1e5"/>
      </symbol>
      <symbol id="sm-423">
         <name>__aeabi_uidivmod</name>
         <value>0x2635</value>
         <object_component_ref idref="oc-1e5"/>
      </symbol>
      <symbol id="sm-42c">
         <name>__eqsf2</name>
         <value>0x27e5</value>
         <object_component_ref idref="oc-22d"/>
      </symbol>
      <symbol id="sm-42d">
         <name>__lesf2</name>
         <value>0x27e5</value>
         <object_component_ref idref="oc-22d"/>
      </symbol>
      <symbol id="sm-42e">
         <name>__ltsf2</name>
         <value>0x27e5</value>
         <object_component_ref idref="oc-22d"/>
      </symbol>
      <symbol id="sm-42f">
         <name>__nesf2</name>
         <value>0x27e5</value>
         <object_component_ref idref="oc-22d"/>
      </symbol>
      <symbol id="sm-430">
         <name>__cmpsf2</name>
         <value>0x27e5</value>
         <object_component_ref idref="oc-22d"/>
      </symbol>
      <symbol id="sm-431">
         <name>__gtsf2</name>
         <value>0x276d</value>
         <object_component_ref idref="oc-232"/>
      </symbol>
      <symbol id="sm-432">
         <name>__gesf2</name>
         <value>0x276d</value>
         <object_component_ref idref="oc-232"/>
      </symbol>
      <symbol id="sm-438">
         <name>__aeabi_f2iz</name>
         <value>0x28cd</value>
         <object_component_ref idref="oc-242"/>
      </symbol>
      <symbol id="sm-439">
         <name>__fixsfsi</name>
         <value>0x28cd</value>
         <object_component_ref idref="oc-242"/>
      </symbol>
      <symbol id="sm-447">
         <name>__ledf2</name>
         <value>0x1f99</value>
         <object_component_ref idref="oc-225"/>
      </symbol>
      <symbol id="sm-448">
         <name>__gedf2</name>
         <value>0x1c19</value>
         <object_component_ref idref="oc-22b"/>
      </symbol>
      <symbol id="sm-449">
         <name>__cmpdf2</name>
         <value>0x1f99</value>
         <object_component_ref idref="oc-225"/>
      </symbol>
      <symbol id="sm-44a">
         <name>__eqdf2</name>
         <value>0x1f99</value>
         <object_component_ref idref="oc-225"/>
      </symbol>
      <symbol id="sm-44b">
         <name>__ltdf2</name>
         <value>0x1f99</value>
         <object_component_ref idref="oc-225"/>
      </symbol>
      <symbol id="sm-44c">
         <name>__nedf2</name>
         <value>0x1f99</value>
         <object_component_ref idref="oc-225"/>
      </symbol>
      <symbol id="sm-44d">
         <name>__gtdf2</name>
         <value>0x1c19</value>
         <object_component_ref idref="oc-22b"/>
      </symbol>
      <symbol id="sm-457">
         <name>__aeabi_idiv0</name>
         <value>0x603</value>
         <object_component_ref idref="oc-214"/>
      </symbol>
      <symbol id="sm-461">
         <name>TI_memcpy_small</name>
         <value>0x31e7</value>
         <object_component_ref idref="oc-b2"/>
      </symbol>
      <symbol id="sm-462">
         <name>__TI_static_base__</name>
         <value>0x0</value>
      </symbol>
      <symbol id="sm-465">
         <name>__mpu_init</name>
         <value>0x0</value>
      </symbol>
      <symbol id="sm-466">
         <name>_system_post_cinit</name>
         <value>0x0</value>
      </symbol>
   </symbol_table>
   <title>Link successful</title>
</link_info>
