******************************************************************************
            TI ARM Clang Linker PC v4.0.2                      
******************************************************************************
>> Linked Tue Jun  3 14:30:08 2025

OUTPUT FILE NAME:   <Patrol Car.out>
ENTRY POINT SYMBOL: "_c_int00_noargs"  address: 0000267d


MEMORY CONFIGURATION

         name            origin    length      used     unused   attr    fill
----------------------  --------  ---------  --------  --------  ----  --------
  FLASH                 00000000   00020000  00002ea0  0001d160  R  X
  SRAM                  20200000   00008000  0000094e  000076b2  RW X
  BCR_CONFIG            41c00000   000000ff  00000000  000000ff  R   
  BSL_CONFIG            41c00100   00000080  00000000  00000080  R   


SEGMENT ALLOCATION MAP

run origin  load origin   length   init length attrs members
----------  ----------- ---------- ----------- ----- -------
00000000    00000000    00002ea0   00002ea0    r-x
  00000000    00000000    000000c0   000000c0    r-- .intvecs
  000000c0    000000c0    00002d20   00002d20    r-x .text
  00002de0    00002de0    00000088   00000088    r-- .rodata
  00002e68    00002e68    00000038   00000038    r-- .cinit
20200000    20200000    00000751   00000000    rw-
  20200000    20200000    000003e5   00000000    rw- .bss
  202003e8    202003e8    00000369   00000000    rw- .data
20207e00    20207e00    00000200   00000000    rw-
  20207e00    20207e00    00000200   00000000    rw- .stack


SECTION ALLOCATION MAP

 output                                  attributes/
section   page    origin      length       input sections
--------  ----  ----------  ----------   ----------------
.intvecs   0    00000000    000000c0     
                  00000000    000000c0     startup_mspm0g350x_ticlang.o (.intvecs)

.text      0    000000c0    00002d20     
                  000000c0    0000022c     control.o (.text.Control_ABCD)
                  000002ec    00000214     ti_msp_dl_config.o (.text.SYSCFG_DL_GPIO_init)
                  00000500    000001b8     jy62.o (.text.JY62_CalculateAngles)
                  000006b8    00000168     encoder.o (.text.GROUP1_IRQHandler)
                  00000820    0000011c     pid.o (.text.PID_Compute_dir)
                  0000093c    0000011c     libc.a : e_fmodf.c.obj (.text.fmodf)
                  00000a58    00000104     driverlib.a : dl_timer.o (.text.DL_Timer_initFourCCPWMMode)
                  00000b5c    00000104     jy62.o (.text.UART0_IRQHandler)
                  00000c60    000000e8     driverlib.a : dl_timer.o (.text.DL_Timer_initTimerMode)
                  00000d48    000000e4     tracking.o (.text.IS_INBLACK)
                  00000e2c    000000e0     tracking.o (.text.HW_Detect)
                  00000f0c    000000dc     pid.o (.text.PID_Compute)
                  00000fe8    000000d8     libclang_rt.builtins.a : addsf3.S.obj (.text)
                  000010c0    000000d4     ti_msp_dl_config.o (.text.SYSCFG_DL_initPower)
                  00001194    000000b4     key.o (.text.Key_Init)
                  00001248    000000ac     tb6612.o (.text.SetPWM_R)
                  000012f4    000000a4     motor.o (.text.Motor_Proc)
                  00001398    0000009c     motor.o (.text.Motor_Init)
                  00001434    0000009c     tb6612.o (.text.SetPWM_L)
                  000014d0    0000008c     motor.o (.text.Motor_Control_L)
                  0000155c    0000008c     motor.o (.text.Motor_Control_R)
                  000015e8    0000008c     libclang_rt.builtins.a : mulsf3.S.obj (.text.__mulsf3)
                  00001674    00000084     buzzer.o (.text.Buzzer_Proc)
                  000016f8    00000084     ti_msp_dl_config.o (.text.__NVIC_SetPriority)
                  0000177c    00000082     libclang_rt.builtins.a : divsf3.S.obj (.text.__divsf3)
                  000017fe    00000002                            : aeabi_div0.c.obj (.text.__aeabi_idiv0)
                  00001800    0000007c     jy62.o (.text.JY62_Init)
                  0000187c    0000007c     libc.a : copy_decompress_lzss.c.obj (.text:decompress:lzss)
                  000018f8    00000076     usart.o (.text.UART_IRQHandler)
                  0000196e    00000002     --HOLE-- [fill = 0]
                  00001970    00000074     libclang_rt.builtins.a : comparedf2.c.obj (.text.__gedf2)
                  000019e4    0000006c     ti_msp_dl_config.o (.text.SYSCFG_DL_PWM_R_init)
                  00001a50    00000068     encoder.o (.text.Encoder_Init)
                  00001ab8    00000068     ti_msp_dl_config.o (.text.SYSCFG_DL_HC_06_init)
                  00001b20    00000068     ti_msp_dl_config.o (.text.SYSCFG_DL_JY62_init)
                  00001b88    00000068     libclang_rt.builtins.a : comparedf2.c.obj (.text.__ledf2)
                  00001bf0    00000064     ti_msp_dl_config.o (.text.SYSCFG_DL_PWM_Buzzer_init)
                  00001c54    00000064     ti_msp_dl_config.o (.text.SYSCFG_DL_PWM_L_init)
                  00001cb8    00000062     libclang_rt.builtins.a : aeabi_dcmp.S.obj (.text.__aeabi_dcmp)
                  00001d1a    00000002     --HOLE-- [fill = 0]
                  00001d1c    00000062                            : aeabi_fcmp.S.obj (.text.__aeabi_fcmp)
                  00001d7e    00000002     --HOLE-- [fill = 0]
                  00001d80    0000005c     ti_msp_dl_config.o (.text.SYSCFG_DL_init)
                  00001ddc    00000050     jy62.o (.text.JY62_UpdateAngles)
                  00001e2c    00000050     ti_msp_dl_config.o (.text.SysTick_Config)
                  00001e7c    0000004c     ti_msp_dl_config.o (.text.DL_UART_setBaudRateDivisor)
                  00001ec8    00000048     driverlib.a : dl_uart.o (.text.DL_UART_init)
                  00001f10    00000044     jy62.o (.text.JY62_GetRawData)
                  00001f54    00000044     control.o (.text.Modules_Init)
                  00001f98    00000040     ti_msp_dl_config.o (.text.SYSCFG_DL_TIMER_Encoder_Read_init)
                  00001fd8    00000040     ti_msp_dl_config.o (.text.SYSCFG_DL_TIMER_Proc_init)
                  00002018    00000040     ti_msp_dl_config.o (.text.SYSCFG_DL_TIMER_Tracking_Read_init)
                  00002058    00000040     encoder.o (.text.TIMG6_IRQHandler)
                  00002098    00000040     libclang_rt.builtins.a : aeabi_uidivmod.S.obj (.text.__aeabi_uidivmod)
                  000020d8    00000040                            : extendsfdf2.S.obj (.text.__extendsfdf2)
                  00002118    0000003e     pid.o (.text.PID_Limmit)
                  00002156    00000002     --HOLE-- [fill = 0]
                  00002158    0000003c     ti_msp_dl_config.o (.text.DL_Timer_setCounterControl)
                  00002194    0000003c     libclang_rt.builtins.a : floatsisf.S.obj (.text.__floatsisf)
                  000021d0    0000003c                            : comparesf2.S.obj (.text.__gtsf2)
                  0000220c    0000003c     libc.a : autoinit.c.obj (.text:__TI_auto_init_nobinit_nopinit)
                  00002248    0000003a     libclang_rt.builtins.a : comparesf2.S.obj (.text.__eqsf2)
                  00002282    00000002     --HOLE-- [fill = 0]
                  00002284    0000003a                            : muldsi3.S.obj (.text.__muldsi3)
                  000022be    00000002     --HOLE-- [fill = 0]
                  000022c0    00000038     ti_msp_dl_config.o (.text.DL_GPIO_initPeripheralOutputFunctionFeatures)
                  000022f8    00000038     pid.o (.text.PID_Init)
                  00002330    00000038     libclang_rt.builtins.a : fixsfsi.S.obj (.text.__fixsfsi)
                  00002368    00000034     buzzer.o (.text.Buzzer_SetPattern)
                  0000239c    00000034     ti_msp_dl_config.o (.text.DL_GPIO_initDigitalInputFeatures)
                  000023d0    00000034     control.o (.text.My_Key_Init)
                  00002404    00000032     usart.o (.text.USART_Init)
                  00002436    00000002     --HOLE-- [fill = 0]
                  00002438    00000032     libclang_rt.builtins.a : fixunssfsi.S.obj (.text.__fixunssfsi)
                  0000246a    00000002     --HOLE-- [fill = 0]
                  0000246c    00000030     usart.o (.text.UART1_IRQHandler)
                  0000249c    00000030     usart.o (.text.UART2_IRQHandler)
                  000024cc    00000030     usart.o (.text.UART3_IRQHandler)
                  000024fc    0000002c     usart.o (.text.__NVIC_ClearPendingIRQ)
                  00002528    0000002c     control.o (.text.__NVIC_EnableIRQ)
                  00002554    0000002c     encoder.o (.text.__NVIC_EnableIRQ)
                  00002580    0000002c     tracking.o (.text.__NVIC_EnableIRQ)
                  000025ac    0000002c     usart.o (.text.__NVIC_EnableIRQ)
                  000025d8    0000002a     ti_msp_dl_config.o (.text.SYSCFG_DL_SYSCTL_init)
                  00002602    00000028     ti_msp_dl_config.o (.text.DL_Common_updateReg)
                  0000262a    00000002     --HOLE-- [fill = 0]
                  0000262c    00000028     ti_msp_dl_config.o (.text.DL_UART_setRXFIFOThreshold)
                  00002654    00000028     ti_msp_dl_config.o (.text.DL_UART_setTXFIFOThreshold)
                  0000267c    00000028     libc.a : boot_cortex_m.c.obj (.text:_c_int00_noargs)
                  000026a4    00000024     delay.o (.text.SysTick_Handler)
                  000026c8    00000020     ti_msp_dl_config.o (.text.DL_GPIO_initPeripheralInputFunction)
                  000026e8    00000020     driverlib.a : dl_uart.o (.text.DL_UART_transmitDataBlocking)
                  00002708    00000020     hc_06.o (.text.HC06_Init)
                  00002728    0000001e     ti_msp_dl_config.o (.text.DL_UART_setOversampling)
                  00002746    00000002     --HOLE-- [fill = 0]
                  00002748    0000001c     buzzer.o (.text.Buzzer_Init)
                  00002764    0000001c     encoder.o (.text.DL_GPIO_clearInterruptStatus)
                  00002780    0000001c     ti_msp_dl_config.o (.text.DL_GPIO_clearInterruptStatus)
                  0000279c    0000001c     ti_msp_dl_config.o (.text.DL_GPIO_enableInterrupt)
                  000027b8    0000001c     ti_msp_dl_config.o (.text.DL_GPIO_initPeripheralOutputFunction)
                  000027d4    0000001c     ti_msp_dl_config.o (.text.DL_GPIO_setLowerPinsInputFilter)
                  000027f0    0000001c     ti_msp_dl_config.o (.text.DL_GPIO_setLowerPinsPolarity)
                  0000280c    0000001c     ti_msp_dl_config.o (.text.DL_GPIO_setUpperPinsInputFilter)
                  00002828    0000001c     ti_msp_dl_config.o (.text.DL_SYSCTL_setSYSOSCFreq)
                  00002844    0000001c     ti_msp_dl_config.o (.text.DL_Timer_enableInterrupt)
                  00002860    0000001c     driverlib.a : dl_timer.o (.text.DL_Timer_setCaptCompUpdateMethod)
                  0000287c    0000001c                 : dl_timer.o (.text.DL_Timer_setClockConfig)
                  00002898    0000001c     ti_msp_dl_config.o (.text.DL_UART_enableInterrupt)
                  000028b4    0000001c     main.o (.text.main)
                  000028d0    0000001a     delay.o (.text.delay_ms)
                  000028ea    00000002     --HOLE-- [fill = 0]
                  000028ec    00000018     ti_msp_dl_config.o (.text.DL_GPIO_enableOutput)
                  00002904    00000018     ti_msp_dl_config.o (.text.DL_GPIO_enablePower)
                  0000291c    00000018     encoder.o (.text.DL_GPIO_getEnabledInterruptStatus)
                  00002934    00000018     ti_msp_dl_config.o (.text.DL_GPIO_initDigitalOutput)
                  0000294c    00000018     ti_msp_dl_config.o (.text.DL_GPIO_reset)
                  00002964    00000018     tb6612.o (.text.DL_GPIO_setPins)
                  0000297c    00000018     ti_msp_dl_config.o (.text.DL_GPIO_setPins)
                  00002994    00000018     ti_msp_dl_config.o (.text.DL_GPIO_setUpperPinsPolarity)
                  000029ac    00000018     ti_msp_dl_config.o (.text.DL_MathACL_enablePower)
                  000029c4    00000018     ti_msp_dl_config.o (.text.DL_MathACL_reset)
                  000029dc    00000018     ti_msp_dl_config.o (.text.DL_SYSCTL_setBORThreshold)
                  000029f4    00000018     ti_msp_dl_config.o (.text.DL_Timer_enablePower)
                  00002a0c    00000018     ti_msp_dl_config.o (.text.DL_Timer_reset)
                  00002a24    00000018     driverlib.a : dl_timer.o (.text.DL_Timer_setCaptureCompareOutCtl)
                  00002a3c    00000018     control.o (.text.DL_Timer_startCounter)
                  00002a54    00000018     encoder.o (.text.DL_Timer_startCounter)
                  00002a6c    00000018     jy62.o (.text.DL_UART_clearInterruptStatus)
                  00002a84    00000018     ti_msp_dl_config.o (.text.DL_UART_enableFIFOs)
                  00002a9c    00000018     ti_msp_dl_config.o (.text.DL_UART_enablePower)
                  00002ab4    00000018     ti_msp_dl_config.o (.text.DL_UART_reset)
                  00002acc    00000016     encoder.o (.text.DL_GPIO_readPins)
                  00002ae2    00000016     tracking.o (.text.DL_GPIO_readPins)
                  00002af8    00000016     ti_msp_dl_config.o (.text.DL_UART_enable)
                  00002b0e    00000016     pid.o (.text.PID_Reset)
                  00002b24    00000016     libc.a : copy_zero_init.c.obj (.text:decompress:ZI:__TI_zero_init_nomemset)
                  00002b3a    00000002     --HOLE-- [fill = 0]
                  00002b3c    00000014     buzzer.o (.text.Buzzer_Off)
                  00002b50    00000014     buzzer.o (.text.Buzzer_On)
                  00002b64    00000014     encoder.o (.text.DL_GPIO_clearPins)
                  00002b78    00000014     tb6612.o (.text.DL_GPIO_clearPins)
                  00002b8c    00000014     ti_msp_dl_config.o (.text.DL_GPIO_clearPins)
                  00002ba0    00000014     ti_msp_dl_config.o (.text.DL_SYSCTL_disableSYSPLL)
                  00002bb4    00000014     ti_msp_dl_config.o (.text.DL_SYSCTL_enableMFCLK)
                  00002bc8    00000014     ti_msp_dl_config.o (.text.DL_Timer_enableClock)
                  00002bdc    00000014     ti_msp_dl_config.o (.text.DL_Timer_setCCPDirection)
                  00002bf0    00000014     jy62.o (.text.DL_UART_receiveData)
                  00002c04    00000014     usart.o (.text.DL_UART_receiveData)
                  00002c18    00000014     tb6612.o (.text.Enable_TB6612)
                  00002c2c    00000014     motor.o (.text.Motor_SetSpeed_L)
                  00002c40    00000014     motor.o (.text.Motor_SetSpeed_R)
                  00002c54    00000014     motor.o (.text.Motor_direction)
                  00002c68    00000014     tracking.o (.text.Tracking_Init)
                  00002c7c    00000014     control.o (.text.key_long_pressed_cb)
                  00002c90    00000012     encoder.o (.text.DL_Timer_getPendingInterrupt)
                  00002ca2    00000012     jy62.o (.text.DL_UART_getPendingInterrupt)
                  00002cb4    00000012     usart.o (.text.DL_UART_getPendingInterrupt)
                  00002cc6    00000012     driverlib.a : dl_uart.o (.text.DL_UART_setClockConfig)
                  00002cd8    00000012     libc.a : memcpy16.S.obj (.text:TI_memcpy_small)
                  00002cea    00000012            : copy_decompress_none.c.obj (.text:decompress:none)
                  00002cfc    00000010     ti_msp_dl_config.o (.text.DL_SYSCTL_disableHFXT)
                  00002d0c    00000010     driverlib.a : dl_timer.o (.text.DL_Timer_setCaptureCompareValue)
                  00002d1c    00000010     pid.o (.text.PID_ChangeSP)
                  00002d2c    00000010     control.o (.text.key_pressed_cb)
                  00002d3c    0000000e     libc.a : memset16.S.obj (.text:TI_memset_small)
                  00002d4a    00000002     --HOLE-- [fill = 0]
                  00002d4c    0000000c     encoder.o (.text.Encoder_Get_L_Speed)
                  00002d58    0000000c     encoder.o (.text.Encoder_Get_R_Speed)
                  00002d64    0000000c     jy62.o (.text.JY62_Get_Yaw)
                  00002d70    0000000c     ti_msp_dl_config.o (.text.SYSCFG_DL_SYSTICK_init)
                  00002d7c    0000000c     control.o (.text.TIMG7_IRQHandler)
                  00002d88    0000000c     tracking.o (.text.Tracking_Angle)
                  00002d94    0000000c     libclang_rt.builtins.a : aeabi_memset.S.obj (.text.__aeabi_memclr)
                  00002da0    0000000c     delay.o (.text.get_ticks)
                  00002dac    0000000a     driverlib.a : dl_common.o (.text.DL_Common_delayCycles)
                  00002db6    00000008     tracking.o (.text.TIMA0_IRQHandler)
                  00002dbe    00000002     --HOLE-- [fill = 0]
                  00002dc0    00000008     libclang_rt.builtins.a : aeabi_memcpy.S.obj (.text.__aeabi_memcpy)
                  00002dc8    00000006     libc.a : exit.c.obj (.text:abort)
                  00002dce    00000004     startup_mspm0g350x_ticlang.o (.text.Default_Handler)
                  00002dd2    00000004     libsysbm.a : hostexit.c.obj (.text.HOSTexit)
                  00002dd6    00000004     startup_mspm0g350x_ticlang.o (.text.Reset_Handler)
                  00002dda    00000004     libc.a : pre_init.c.obj (.text._system_pre_init)
                  00002dde    00000002     --HOLE-- [fill = 0]

.cinit     0    00002e68    00000038     
                  00002e68    00000014     (.cinit..data.load) [load image, compression = lzss]
                  00002e7c    0000000c     (__TI_handler_table)
                  00002e88    00000008     (.cinit..bss.load) [load image, compression = zero_init]
                  00002e90    00000010     (__TI_cinit_table)

.rodata    0    00002de0    00000088     
                  00002de0    00000014     ti_msp_dl_config.o (.rodata.gTIMER_Encoder_ReadTimerConfig)
                  00002df4    00000014     ti_msp_dl_config.o (.rodata.gTIMER_ProcTimerConfig)
                  00002e08    00000014     ti_msp_dl_config.o (.rodata.gTIMER_Tracking_ReadTimerConfig)
                  00002e1c    0000000a     ti_msp_dl_config.o (.rodata.gHC_06Config)
                  00002e26    0000000a     ti_msp_dl_config.o (.rodata.gJY62Config)
                  00002e30    00000008     libc.a : e_fmodf.c.obj (.rodata.cst8)
                  00002e38    00000008     ti_msp_dl_config.o (.rodata.gPWM_BuzzerConfig)
                  00002e40    00000008     ti_msp_dl_config.o (.rodata.gPWM_LConfig)
                  00002e48    00000008     ti_msp_dl_config.o (.rodata.gPWM_RConfig)
                  00002e50    00000003     ti_msp_dl_config.o (.rodata.gPWM_BuzzerClockConfig)
                  00002e53    00000003     ti_msp_dl_config.o (.rodata.gPWM_LClockConfig)
                  00002e56    00000003     ti_msp_dl_config.o (.rodata.gPWM_RClockConfig)
                  00002e59    00000003     ti_msp_dl_config.o (.rodata.gTIMER_Encoder_ReadClockConfig)
                  00002e5c    00000003     ti_msp_dl_config.o (.rodata.gTIMER_ProcClockConfig)
                  00002e5f    00000003     ti_msp_dl_config.o (.rodata.gTIMER_Tracking_ReadClockConfig)
                  00002e62    00000002     ti_msp_dl_config.o (.rodata.gHC_06ClockConfig)
                  00002e64    00000002     ti_msp_dl_config.o (.rodata.gJY62ClockConfig)
                  00002e66    00000002     --HOLE-- [fill = 0]

.init_array 
*          0    00000000    00000000     UNINITIALIZED

.binit     0    00000000    00000000     

.bss       0    20200000    000003e5     UNINITIALIZED
                  20200000    000000bc     (.common:gPWM_BuzzerBackup)
                  202000bc    000000bc     (.common:gTIMER_Tracking_ReadBackup)
                  20200178    000000a0     (.common:gTIMER_Encoder_ReadBackup)
                  20200218    000000a0     (.common:gTIMER_ProcBackup)
                  202002b8    0000004c     (.common:Key1)
                  20200304    00000020     (.common:pid_direction)
                  20200324    00000020     (.common:pid_l_speed)
                  20200344    00000020     (.common:pid_r_speed)
                  20200364    00000020     (.common:pid_tracking)
                  20200384    0000000c     jy62.o (.bss.rawBuffer)
                  20200390    00000008     (.common:HC_06)
                  20200398    00000008     (.common:JY62)
                  202003a0    00000004     tracking.o (.bss.Tracking_value)
                  202003a4    00000004     motor.o (.bss.duty_diff)
                  202003a8    00000004     motor.o (.bss.duty_l)
                  202003ac    00000004     motor.o (.bss.duty_r)
                  202003b0    00000004     motor.o (.bss.omeg_l)
                  202003b4    00000004     motor.o (.bss.omeg_r)
                  202003b8    00000004     motor.o (.bss.target_speed_l)
                  202003bc    00000004     motor.o (.bss.target_speed_r)
                  202003c0    00000004     (.common:Encoder_L_CNT)
                  202003c4    00000004     (.common:Encoder_L_INT)
                  202003c8    00000004     (.common:Encoder_L_Port)
                  202003cc    00000004     (.common:Encoder_L_VEL)
                  202003d0    00000004     (.common:Encoder_R_CNT)
                  202003d4    00000004     (.common:Encoder_R_INT)
                  202003d8    00000004     (.common:Encoder_R_Port)
                  202003dc    00000004     (.common:Encoder_R_VEL)
                  202003e0    00000004     (.common:mode)
                  202003e4    00000001     (.common:tracking_flag)

.data      0    202003e8    00000369     UNINITIALIZED
                  202003e8    00000100     usart.o (.data.usart1_str)
                  202004e8    00000100     usart.o (.data.usart2_str)
                  202005e8    00000100     usart.o (.data.usart3_str)
                  202006e8    00000014     buzzer.o (.data.buzzer)
                  202006fc    00000010     jy62.o (.data.anglesData)
                  2020070c    00000010     jy62.o (.data.jy62Debug)
                  2020071c    00000004     control.o (.data.cnt)
                  20200720    00000008     delay.o (.data.systicks)
                  20200728    00000004     control.o (.data.speed)
                  2020072c    00000004     control.o (.data.state)
                  20200730    00000004     control.o (.data.tracking_speed)
                  20200734    00000004     usart.o (.data.usart1_str_index)
                  20200738    00000004     usart.o (.data.usart1_str_received)
                  2020073c    00000004     usart.o (.data.usart2_str_index)
                  20200740    00000004     usart.o (.data.usart2_str_received)
                  20200744    00000004     usart.o (.data.usart3_str_index)
                  20200748    00000004     usart.o (.data.usart3_str_received)
                  2020074c    00000001     jy62.o (.data.RxState)
                  2020074d    00000001     jy62.o (.data.dataIndex)
                  2020074e    00000001     usart.o (.data.usart1_ch)
                  2020074f    00000001     usart.o (.data.usart2_ch)
                  20200750    00000001     usart.o (.data.usart3_ch)

.stack     0    20207e00    00000200     UNINITIALIZED
                  20207e00    00000004     libc.a : boot_cortex_m.c.obj (.stack)
                  20207e04    000001fc     --HOLE--

__llvm_prf_cnts 
*          0    20200000    00000000     UNINITIALIZED

__llvm_prf_bits 
*          0    20200000    00000000     UNINITIALIZED

MODULE SUMMARY

       Module                         code    ro data   rw data
       ------                         ----    -------   -------
    .\
       ti_msp_dl_config.o             2962    126       696    
       startup_mspm0g350x_ticlang.o   8       192       0      
       main.o                         28      0         96     
    +--+------------------------------+-------+---------+---------+
       Total:                         2998    318       792    
                                                               
    .\app\buzzer\
       buzzer.o                       252     0         20     
    +--+------------------------------+-------+---------+---------+
       Total:                         252     0         20     
                                                               
    .\app\control\
       control.o                      792     0         16     
    +--+------------------------------+-------+---------+---------+
       Total:                         792     0         16     
                                                               
    .\app\encoder\
       encoder.o                      732     0         32     
    +--+------------------------------+-------+---------+---------+
       Total:                         732     0         32     
                                                               
    .\app\hc_06\
       hc_06.o                        32      0         0      
    +--+------------------------------+-------+---------+---------+
       Total:                         32      0         0      
                                                               
    .\app\jy62\
       jy62.o                         1046    0         46     
    +--+------------------------------+-------+---------+---------+
       Total:                         1046    0         46     
                                                               
    .\app\motor\
       motor.o                        660     0         157    
    +--+------------------------------+-------+---------+---------+
       Total:                         660     0         157    
                                                               
    .\app\tb6612\
       tb6612.o                       392     0         0      
    +--+------------------------------+-------+---------+---------+
       Total:                         392     0         0      
                                                               
    .\app\tracking\
       tracking.o                     558     0         4      
    +--+------------------------------+-------+---------+---------+
       Total:                         558     0         4      
                                                               
    .\lib\delay\
       delay.o                        74      0         8      
    +--+------------------------------+-------+---------+---------+
       Total:                         74      0         8      
                                                               
    .\lib\key\
       key.o                          180     0         0      
    +--+------------------------------+-------+---------+---------+
       Total:                         180     0         0      
                                                               
    .\lib\pid\
       pid.o                          660     0         0      
    +--+------------------------------+-------+---------+---------+
       Total:                         660     0         0      
                                                               
    .\lib\usart\
       usart.o                        438     0         795    
    +--+------------------------------+-------+---------+---------+
       Total:                         438     0         795    
                                                               
    C:/TI/mspm0_sdk_2_04_00_06/source/ti/driverlib/lib/ticlang/m0p/mspm0g1x0x_g3x0x/driverlib.a
       dl_timer.o                     588     0         0      
       dl_uart.o                      122     0         0      
       dl_common.o                    10      0         0      
    +--+------------------------------+-------+---------+---------+
       Total:                         720     0         0      
                                                               
    D:\CCS\ccs\tools\compiler\ti-cgt-armllvm_4.0.2.LTS\lib\armv6m-ti-none-eabi/c/libc.a
       e_fmodf.c.obj                  284     8         0      
       copy_decompress_lzss.c.obj     124     0         0      
       autoinit.c.obj                 60      0         0      
       boot_cortex_m.c.obj            40      0         0      
       copy_zero_init.c.obj           22      0         0      
       copy_decompress_none.c.obj     18      0         0      
       memcpy16.S.obj                 18      0         0      
       memset16.S.obj                 14      0         0      
       exit.c.obj                     6       0         0      
       pre_init.c.obj                 4       0         0      
    +--+------------------------------+-------+---------+---------+
       Total:                         590     8         0      
                                                               
    D:\CCS\ccs\tools\compiler\ti-cgt-armllvm_4.0.2.LTS\lib\armv6m-ti-none-eabi/c/libsysbm.a
       hostexit.c.obj                 4       0         0      
    +--+------------------------------+-------+---------+---------+
       Total:                         4       0         0      
                                                               
    D:\CCS\ccs\tools\compiler\ti-cgt-armllvm_4.0.2.LTS\lib\armv6m-ti-none-eabi/libclang_rt.builtins.a
       comparedf2.c.obj               220     0         0      
       addsf3.S.obj                   216     0         0      
       mulsf3.S.obj                   140     0         0      
       divsf3.S.obj                   130     0         0      
       comparesf2.S.obj               118     0         0      
       aeabi_dcmp.S.obj               98      0         0      
       aeabi_fcmp.S.obj               98      0         0      
       aeabi_uidivmod.S.obj           64      0         0      
       extendsfdf2.S.obj              64      0         0      
       floatsisf.S.obj                60      0         0      
       muldsi3.S.obj                  58      0         0      
       fixsfsi.S.obj                  56      0         0      
       fixunssfsi.S.obj               50      0         0      
       aeabi_memset.S.obj             12      0         0      
       aeabi_memcpy.S.obj             8       0         0      
       aeabi_div0.c.obj               2       0         0      
    +--+------------------------------+-------+---------+---------+
       Total:                         1394    0         0      
                                                               
       Stack:                         0       0         512    
       Linker Generated:              0       56        0      
    +--+------------------------------+-------+---------+---------+
       Grand Total:                   11522   382       2382   


LINKER GENERATED COPY TABLES

__TI_cinit_table @ 00002e90 records: 2, size/record: 8, table size: 16
	.data: load addr=00002e68, load size=00000014 bytes, run addr=202003e8, run size=00000369 bytes, compression=lzss
	.bss: load addr=00002e88, load size=00000008 bytes, run addr=20200000, run size=000003e5 bytes, compression=zero_init


LINKER GENERATED HANDLER TABLE

__TI_handler_table @ 00002e7c records: 3, size/record: 4, table size: 12
	index: 0, handler: __TI_decompress_lzss
	index: 1, handler: __TI_decompress_none
	index: 2, handler: __TI_zero_init


GLOBAL SYMBOLS: SORTED ALPHABETICALLY BY Name 

address   name                              
-------   ----                              
00002dcf  ADC0_IRQHandler                   
00002dcf  ADC1_IRQHandler                   
00002dcf  AES_IRQHandler                    
00002749  Buzzer_Init                       
00002b3d  Buzzer_Off                        
00002b51  Buzzer_On                         
00001675  Buzzer_Proc                       
00002369  Buzzer_SetPattern                 
00002dd2  C$$EXIT                           
00002dcf  CANFD0_IRQHandler                 
000000c1  Control_ABCD                      
00002dcf  DAC0_IRQHandler                   
00002dad  DL_Common_delayCycles             
00000a59  DL_Timer_initFourCCPWMMode        
00000c61  DL_Timer_initTimerMode            
00002861  DL_Timer_setCaptCompUpdateMethod  
00002a25  DL_Timer_setCaptureCompareOutCtl  
00002d0d  DL_Timer_setCaptureCompareValue   
0000287d  DL_Timer_setClockConfig           
00001ec9  DL_UART_init                      
00002cc7  DL_UART_setClockConfig            
000026e9  DL_UART_transmitDataBlocking      
00002dcf  DMA_IRQHandler                    
00002dcf  Default_Handler                   
00002c19  Enable_TB6612                     
00002d4d  Encoder_Get_L_Speed               
00002d59  Encoder_Get_R_Speed               
00001a51  Encoder_Init                      
202003c0  Encoder_L_CNT                     
202003c4  Encoder_L_INT                     
202003c8  Encoder_L_Port                    
202003cc  Encoder_L_VEL                     
202003d0  Encoder_R_CNT                     
202003d4  Encoder_R_INT                     
202003d8  Encoder_R_Port                    
202003dc  Encoder_R_VEL                     
00002dcf  GROUP0_IRQHandler                 
000006b9  GROUP1_IRQHandler                 
00002709  HC06_Init                         
20200390  HC_06                             
00002dd3  HOSTexit                          
00000e2d  HW_Detect                         
00002dcf  HardFault_Handler                 
00002dcf  I2C0_IRQHandler                   
00002dcf  I2C1_IRQHandler                   
00000d49  IS_INBLACK                        
20200398  JY62                              
00000501  JY62_CalculateAngles              
00001f11  JY62_GetRawData                   
00002d65  JY62_Get_Yaw                      
00001801  JY62_Init                         
00001ddd  JY62_UpdateAngles                 
202002b8  Key1                              
00001195  Key_Init                          
00001f55  Modules_Init                      
000014d1  Motor_Control_L                   
0000155d  Motor_Control_R                   
00001399  Motor_Init                        
000012f5  Motor_Proc                        
00002c2d  Motor_SetSpeed_L                  
00002c41  Motor_SetSpeed_R                  
00002c55  Motor_direction                   
000023d1  My_Key_Init                       
00002dcf  NMI_Handler                       
00002d1d  PID_ChangeSP                      
00000f0d  PID_Compute                       
00000821  PID_Compute_dir                   
000022f9  PID_Init                          
00002119  PID_Limmit                        
00002b0f  PID_Reset                         
00002dcf  PendSV_Handler                    
00002dcf  RTC_IRQHandler                    
00002dd7  Reset_Handler                     
00002dcf  SPI0_IRQHandler                   
00002dcf  SPI1_IRQHandler                   
00002dcf  SVC_Handler                       
000002ed  SYSCFG_DL_GPIO_init               
00001ab9  SYSCFG_DL_HC_06_init              
00001b21  SYSCFG_DL_JY62_init               
00001bf1  SYSCFG_DL_PWM_Buzzer_init         
00001c55  SYSCFG_DL_PWM_L_init              
000019e5  SYSCFG_DL_PWM_R_init              
000025d9  SYSCFG_DL_SYSCTL_init             
00002d71  SYSCFG_DL_SYSTICK_init            
00001f99  SYSCFG_DL_TIMER_Encoder_Read_init 
00001fd9  SYSCFG_DL_TIMER_Proc_init         
00002019  SYSCFG_DL_TIMER_Tracking_Read_init
00001d81  SYSCFG_DL_init                    
000010c1  SYSCFG_DL_initPower               
00001435  SetPWM_L                          
00001249  SetPWM_R                          
000026a5  SysTick_Handler                   
00002db7  TIMA0_IRQHandler                  
00002dcf  TIMA1_IRQHandler                  
00002dcf  TIMG0_IRQHandler                  
00002dcf  TIMG12_IRQHandler                 
00002059  TIMG6_IRQHandler                  
00002d7d  TIMG7_IRQHandler                  
00002dcf  TIMG8_IRQHandler                  
00002cd9  TI_memcpy_small                   
00002d3d  TI_memset_small                   
00002d89  Tracking_Angle                    
00002c69  Tracking_Init                     
00000b5d  UART0_IRQHandler                  
0000246d  UART1_IRQHandler                  
0000249d  UART2_IRQHandler                  
000024cd  UART3_IRQHandler                  
000018f9  UART_IRQHandler                   
00002405  USART_Init                        
20208000  __STACK_END                       
00000200  __STACK_SIZE                      
00000000  __TI_ATRegion0_region_sz          
00000000  __TI_ATRegion0_src_addr           
00000000  __TI_ATRegion0_trg_addr           
00000000  __TI_ATRegion1_region_sz          
00000000  __TI_ATRegion1_src_addr           
00000000  __TI_ATRegion1_trg_addr           
00000000  __TI_ATRegion2_region_sz          
00000000  __TI_ATRegion2_src_addr           
00000000  __TI_ATRegion2_trg_addr           
00002e90  __TI_CINIT_Base                   
00002ea0  __TI_CINIT_Limit                  
00002ea0  __TI_CINIT_Warm                   
00002e7c  __TI_Handler_Table_Base           
00002e88  __TI_Handler_Table_Limit          
0000220d  __TI_auto_init_nobinit_nopinit    
0000187d  __TI_decompress_lzss              
00002ceb  __TI_decompress_none              
ffffffff  __TI_pprof_out_hndl               
ffffffff  __TI_prof_data_size               
ffffffff  __TI_prof_data_start              
00000000  __TI_static_base__                
00002b25  __TI_zero_init_nomemset           
00000ff3  __addsf3                          
00001cb9  __aeabi_dcmpeq                    
00001cf5  __aeabi_dcmpge                    
00001d09  __aeabi_dcmpgt                    
00001ce1  __aeabi_dcmple                    
00001ccd  __aeabi_dcmplt                    
000020d9  __aeabi_f2d                       
00002331  __aeabi_f2iz                      
00002439  __aeabi_f2uiz                     
00000ff3  __aeabi_fadd                      
00001d1d  __aeabi_fcmpeq                    
00001d59  __aeabi_fcmpge                    
00001d6d  __aeabi_fcmpgt                    
00001d45  __aeabi_fcmple                    
00001d31  __aeabi_fcmplt                    
0000177d  __aeabi_fdiv                      
000015e9  __aeabi_fmul                      
00000fe9  __aeabi_fsub                      
00002195  __aeabi_i2f                       
000017ff  __aeabi_idiv0                     
00002d95  __aeabi_memclr                    
00002d95  __aeabi_memclr4                   
00002d95  __aeabi_memclr8                   
00002dc1  __aeabi_memcpy                    
00002dc1  __aeabi_memcpy4                   
00002dc1  __aeabi_memcpy8                   
00002099  __aeabi_uidiv                     
00002099  __aeabi_uidivmod                  
ffffffff  __binit__                         
00001b89  __cmpdf2                          
00002249  __cmpsf2                          
0000177d  __divsf3                          
00001b89  __eqdf2                           
00002249  __eqsf2                           
000020d9  __extendsfdf2                     
00002331  __fixsfsi                         
00002439  __fixunssfsi                      
00002195  __floatsisf                       
00001971  __gedf2                           
000021d1  __gesf2                           
00001971  __gtdf2                           
000021d1  __gtsf2                           
00001b89  __ledf2                           
00002249  __lesf2                           
00001b89  __ltdf2                           
00002249  __ltsf2                           
UNDEFED   __mpu_init                        
00002285  __muldsi3                         
000015e9  __mulsf3                          
00001b89  __nedf2                           
00002249  __nesf2                           
20207e00  __stack                           
20200000  __start___llvm_prf_bits           
20200000  __start___llvm_prf_cnts           
20200000  __stop___llvm_prf_bits            
20200000  __stop___llvm_prf_cnts            
00000fe9  __subsf3                          
0000267d  _c_int00_noargs                   
UNDEFED   _system_post_cinit                
00002ddb  _system_pre_init                  
00002dc9  abort                             
ffffffff  binit                             
2020071c  cnt                               
000028d1  delay_ms                          
0000093d  fmodf                             
20200000  gPWM_BuzzerBackup                 
20200178  gTIMER_Encoder_ReadBackup         
20200218  gTIMER_ProcBackup                 
202000bc  gTIMER_Tracking_ReadBackup        
00002da1  get_ticks                         
00000000  interruptVectors                  
00002c7d  key_long_pressed_cb               
00002d2d  key_pressed_cb                    
000028b5  main                              
202003e0  mode                              
20200304  pid_direction                     
20200324  pid_l_speed                       
20200344  pid_r_speed                       
20200364  pid_tracking                      
20200728  speed                             
2020072c  state                             
202003e4  tracking_flag                     
20200730  tracking_speed                    
2020074e  usart1_ch                         
202003e8  usart1_str                        
20200734  usart1_str_index                  
20200738  usart1_str_received               
2020074f  usart2_ch                         
202004e8  usart2_str                        
2020073c  usart2_str_index                  
20200740  usart2_str_received               
20200750  usart3_ch                         
202005e8  usart3_str                        
20200744  usart3_str_index                  
20200748  usart3_str_received               


GLOBAL SYMBOLS: SORTED BY Symbol Address 

address   name                              
-------   ----                              
00000000  __TI_ATRegion0_region_sz          
00000000  __TI_ATRegion0_src_addr           
00000000  __TI_ATRegion0_trg_addr           
00000000  __TI_ATRegion1_region_sz          
00000000  __TI_ATRegion1_src_addr           
00000000  __TI_ATRegion1_trg_addr           
00000000  __TI_ATRegion2_region_sz          
00000000  __TI_ATRegion2_src_addr           
00000000  __TI_ATRegion2_trg_addr           
00000000  __TI_static_base__                
00000000  interruptVectors                  
000000c1  Control_ABCD                      
00000200  __STACK_SIZE                      
000002ed  SYSCFG_DL_GPIO_init               
00000501  JY62_CalculateAngles              
000006b9  GROUP1_IRQHandler                 
00000821  PID_Compute_dir                   
0000093d  fmodf                             
00000a59  DL_Timer_initFourCCPWMMode        
00000b5d  UART0_IRQHandler                  
00000c61  DL_Timer_initTimerMode            
00000d49  IS_INBLACK                        
00000e2d  HW_Detect                         
00000f0d  PID_Compute                       
00000fe9  __aeabi_fsub                      
00000fe9  __subsf3                          
00000ff3  __addsf3                          
00000ff3  __aeabi_fadd                      
000010c1  SYSCFG_DL_initPower               
00001195  Key_Init                          
00001249  SetPWM_R                          
000012f5  Motor_Proc                        
00001399  Motor_Init                        
00001435  SetPWM_L                          
000014d1  Motor_Control_L                   
0000155d  Motor_Control_R                   
000015e9  __aeabi_fmul                      
000015e9  __mulsf3                          
00001675  Buzzer_Proc                       
0000177d  __aeabi_fdiv                      
0000177d  __divsf3                          
000017ff  __aeabi_idiv0                     
00001801  JY62_Init                         
0000187d  __TI_decompress_lzss              
000018f9  UART_IRQHandler                   
00001971  __gedf2                           
00001971  __gtdf2                           
000019e5  SYSCFG_DL_PWM_R_init              
00001a51  Encoder_Init                      
00001ab9  SYSCFG_DL_HC_06_init              
00001b21  SYSCFG_DL_JY62_init               
00001b89  __cmpdf2                          
00001b89  __eqdf2                           
00001b89  __ledf2                           
00001b89  __ltdf2                           
00001b89  __nedf2                           
00001bf1  SYSCFG_DL_PWM_Buzzer_init         
00001c55  SYSCFG_DL_PWM_L_init              
00001cb9  __aeabi_dcmpeq                    
00001ccd  __aeabi_dcmplt                    
00001ce1  __aeabi_dcmple                    
00001cf5  __aeabi_dcmpge                    
00001d09  __aeabi_dcmpgt                    
00001d1d  __aeabi_fcmpeq                    
00001d31  __aeabi_fcmplt                    
00001d45  __aeabi_fcmple                    
00001d59  __aeabi_fcmpge                    
00001d6d  __aeabi_fcmpgt                    
00001d81  SYSCFG_DL_init                    
00001ddd  JY62_UpdateAngles                 
00001ec9  DL_UART_init                      
00001f11  JY62_GetRawData                   
00001f55  Modules_Init                      
00001f99  SYSCFG_DL_TIMER_Encoder_Read_init 
00001fd9  SYSCFG_DL_TIMER_Proc_init         
00002019  SYSCFG_DL_TIMER_Tracking_Read_init
00002059  TIMG6_IRQHandler                  
00002099  __aeabi_uidiv                     
00002099  __aeabi_uidivmod                  
000020d9  __aeabi_f2d                       
000020d9  __extendsfdf2                     
00002119  PID_Limmit                        
00002195  __aeabi_i2f                       
00002195  __floatsisf                       
000021d1  __gesf2                           
000021d1  __gtsf2                           
0000220d  __TI_auto_init_nobinit_nopinit    
00002249  __cmpsf2                          
00002249  __eqsf2                           
00002249  __lesf2                           
00002249  __ltsf2                           
00002249  __nesf2                           
00002285  __muldsi3                         
000022f9  PID_Init                          
00002331  __aeabi_f2iz                      
00002331  __fixsfsi                         
00002369  Buzzer_SetPattern                 
000023d1  My_Key_Init                       
00002405  USART_Init                        
00002439  __aeabi_f2uiz                     
00002439  __fixunssfsi                      
0000246d  UART1_IRQHandler                  
0000249d  UART2_IRQHandler                  
000024cd  UART3_IRQHandler                  
000025d9  SYSCFG_DL_SYSCTL_init             
0000267d  _c_int00_noargs                   
000026a5  SysTick_Handler                   
000026e9  DL_UART_transmitDataBlocking      
00002709  HC06_Init                         
00002749  Buzzer_Init                       
00002861  DL_Timer_setCaptCompUpdateMethod  
0000287d  DL_Timer_setClockConfig           
000028b5  main                              
000028d1  delay_ms                          
00002a25  DL_Timer_setCaptureCompareOutCtl  
00002b0f  PID_Reset                         
00002b25  __TI_zero_init_nomemset           
00002b3d  Buzzer_Off                        
00002b51  Buzzer_On                         
00002c19  Enable_TB6612                     
00002c2d  Motor_SetSpeed_L                  
00002c41  Motor_SetSpeed_R                  
00002c55  Motor_direction                   
00002c69  Tracking_Init                     
00002c7d  key_long_pressed_cb               
00002cc7  DL_UART_setClockConfig            
00002cd9  TI_memcpy_small                   
00002ceb  __TI_decompress_none              
00002d0d  DL_Timer_setCaptureCompareValue   
00002d1d  PID_ChangeSP                      
00002d2d  key_pressed_cb                    
00002d3d  TI_memset_small                   
00002d4d  Encoder_Get_L_Speed               
00002d59  Encoder_Get_R_Speed               
00002d65  JY62_Get_Yaw                      
00002d71  SYSCFG_DL_SYSTICK_init            
00002d7d  TIMG7_IRQHandler                  
00002d89  Tracking_Angle                    
00002d95  __aeabi_memclr                    
00002d95  __aeabi_memclr4                   
00002d95  __aeabi_memclr8                   
00002da1  get_ticks                         
00002dad  DL_Common_delayCycles             
00002db7  TIMA0_IRQHandler                  
00002dc1  __aeabi_memcpy                    
00002dc1  __aeabi_memcpy4                   
00002dc1  __aeabi_memcpy8                   
00002dc9  abort                             
00002dcf  ADC0_IRQHandler                   
00002dcf  ADC1_IRQHandler                   
00002dcf  AES_IRQHandler                    
00002dcf  CANFD0_IRQHandler                 
00002dcf  DAC0_IRQHandler                   
00002dcf  DMA_IRQHandler                    
00002dcf  Default_Handler                   
00002dcf  GROUP0_IRQHandler                 
00002dcf  HardFault_Handler                 
00002dcf  I2C0_IRQHandler                   
00002dcf  I2C1_IRQHandler                   
00002dcf  NMI_Handler                       
00002dcf  PendSV_Handler                    
00002dcf  RTC_IRQHandler                    
00002dcf  SPI0_IRQHandler                   
00002dcf  SPI1_IRQHandler                   
00002dcf  SVC_Handler                       
00002dcf  TIMA1_IRQHandler                  
00002dcf  TIMG0_IRQHandler                  
00002dcf  TIMG12_IRQHandler                 
00002dcf  TIMG8_IRQHandler                  
00002dd2  C$$EXIT                           
00002dd3  HOSTexit                          
00002dd7  Reset_Handler                     
00002ddb  _system_pre_init                  
00002e7c  __TI_Handler_Table_Base           
00002e88  __TI_Handler_Table_Limit          
00002e90  __TI_CINIT_Base                   
00002ea0  __TI_CINIT_Limit                  
00002ea0  __TI_CINIT_Warm                   
20200000  __start___llvm_prf_bits           
20200000  __start___llvm_prf_cnts           
20200000  __stop___llvm_prf_bits            
20200000  __stop___llvm_prf_cnts            
20200000  gPWM_BuzzerBackup                 
202000bc  gTIMER_Tracking_ReadBackup        
20200178  gTIMER_Encoder_ReadBackup         
20200218  gTIMER_ProcBackup                 
202002b8  Key1                              
20200304  pid_direction                     
20200324  pid_l_speed                       
20200344  pid_r_speed                       
20200364  pid_tracking                      
20200390  HC_06                             
20200398  JY62                              
202003c0  Encoder_L_CNT                     
202003c4  Encoder_L_INT                     
202003c8  Encoder_L_Port                    
202003cc  Encoder_L_VEL                     
202003d0  Encoder_R_CNT                     
202003d4  Encoder_R_INT                     
202003d8  Encoder_R_Port                    
202003dc  Encoder_R_VEL                     
202003e0  mode                              
202003e4  tracking_flag                     
202003e8  usart1_str                        
202004e8  usart2_str                        
202005e8  usart3_str                        
2020071c  cnt                               
20200728  speed                             
2020072c  state                             
20200730  tracking_speed                    
20200734  usart1_str_index                  
20200738  usart1_str_received               
2020073c  usart2_str_index                  
20200740  usart2_str_received               
20200744  usart3_str_index                  
20200748  usart3_str_received               
2020074e  usart1_ch                         
2020074f  usart2_ch                         
20200750  usart3_ch                         
20207e00  __stack                           
20208000  __STACK_END                       
ffffffff  __TI_pprof_out_hndl               
ffffffff  __TI_prof_data_size               
ffffffff  __TI_prof_data_start              
ffffffff  __binit__                         
ffffffff  binit                             
UNDEFED   __mpu_init                        
UNDEFED   _system_post_cinit                

[228 symbols]
