******************************************************************************
            TI ARM Clang Linker PC v4.0.2                      
******************************************************************************
>> Linked Mon May 12 20:24:21 2025

OUTPUT FILE NAME:   <temple.out>
ENTRY POINT SYMBOL: "_c_int00_noargs"  address: 00000511


MEMORY CONFIGURATION

         name            origin    length      used     unused   attr    fill
----------------------  --------  ---------  --------  --------  ----  --------
  FLASH                 00000000   00020000  00000730  0001f8d0  R  X
  SRAM                  20200000   00008000  00000628  000079d8  RW X
  BCR_CONFIG            41c00000   000000ff  00000000  000000ff  R   
  BSL_CONFIG            41c00100   00000080  00000000  00000080  R   


SEGMENT ALLOCATION MAP

run origin  load origin   length   init length attrs members
----------  ----------- ---------- ----------- ----- -------
00000000    00000000    00000730   00000730    r-x
  00000000    00000000    000000c0   000000c0    r-- .intvecs
  000000c0    000000c0    00000650   00000650    r-x .text
  00000710    00000710    00000020   00000020    r-- .cinit
20200000    20200000    00000428   00000000    rw-
  20200000    20200000    00000428   00000000    rw- .data
20207e00    20207e00    00000200   00000000    rw-
  20207e00    20207e00    00000200   00000000    rw- .stack


SECTION ALLOCATION MAP

 output                                  attributes/
section   page    origin      length       input sections
--------  ----  ----------  ----------   ----------------
.intvecs   0    00000000    000000c0     
                  00000000    000000c0     startup_mspm0g350x_ticlang.o (.intvecs)

.text      0    000000c0    00000650     
                  000000c0    00000084     ti_msp_dl_config.o (.text.__NVIC_SetPriority)
                  00000144    0000007c     libc.a : copy_decompress_lzss.c.obj (.text:decompress:lzss)
                  000001c0    00000070     usart.o (.text.UART0_IRQHandler)
                  00000230    00000070     usart.o (.text.UART1_IRQHandler)
                  000002a0    00000070     usart.o (.text.UART2_IRQHandler)
                  00000310    00000070     usart.o (.text.UART3_IRQHandler)
                  00000380    00000050     ti_msp_dl_config.o (.text.SysTick_Config)
                  000003d0    0000004c     ti_msp_dl_config.o (.text.SYSCFG_DL_GPIO_init)
                  0000041c    0000003c     libc.a : autoinit.c.obj (.text:__TI_auto_init_nobinit_nopinit)
                  00000458    00000034     ti_msp_dl_config.o (.text.SYSCFG_DL_initPower)
                  0000048c    00000030     ti_msp_dl_config.o (.text.DL_GPIO_initDigitalOutputFeatures)
                  000004bc    0000002a     ti_msp_dl_config.o (.text.SYSCFG_DL_SYSCTL_init)
                  000004e6    00000028     ti_msp_dl_config.o (.text.DL_Common_updateReg)
                  0000050e    00000002     --HOLE-- [fill = 0]
                  00000510    00000028     libc.a : boot_cortex_m.c.obj (.text:_c_int00_noargs)
                  00000538    0000001c     ti_msp_dl_config.o (.text.DL_SYSCTL_setMCLKDivider)
                  00000554    0000001c     ti_msp_dl_config.o (.text.DL_SYSCTL_setSYSOSCFreq)
                  00000570    0000001c     ti_msp_dl_config.o (.text.DL_SYSCTL_setULPCLKDivider)
                  0000058c    00000018     ti_msp_dl_config.o (.text.DL_GPIO_enableOutput)
                  000005a4    00000018     ti_msp_dl_config.o (.text.DL_GPIO_enablePower)
                  000005bc    00000018     ti_msp_dl_config.o (.text.DL_GPIO_initDigitalOutput)
                  000005d4    00000018     ti_msp_dl_config.o (.text.DL_GPIO_reset)
                  000005ec    00000018     ti_msp_dl_config.o (.text.DL_GPIO_setPins)
                  00000604    00000018     ti_msp_dl_config.o (.text.DL_SYSCTL_setBORThreshold)
                  0000061c    00000014     ti_msp_dl_config.o (.text.DL_GPIO_clearPins)
                  00000630    00000014     ti_msp_dl_config.o (.text.DL_SYSCTL_disableSYSPLL)
                  00000644    00000014     usart.o (.text.DL_UART_receiveData)
                  00000658    00000014     ti_msp_dl_config.o (.text.SYSCFG_DL_init)
                  0000066c    00000012     usart.o (.text.DL_UART_getPendingInterrupt)
                  0000067e    00000012     libc.a : memcpy16.S.obj (.text:TI_memcpy_small)
                  00000690    00000012            : copy_decompress_none.c.obj (.text:decompress:none)
                  000006a2    00000002     --HOLE-- [fill = 0]
                  000006a4    00000010     ti_msp_dl_config.o (.text.DL_SYSCTL_disableHFXT)
                  000006b4    00000010     delay.o (.text.SysTick_Handler)
                  000006c4    00000010     main.o (.text.main)
                  000006d4    0000000c     ti_msp_dl_config.o (.text.SYSCFG_DL_SYSTICK_init)
                  000006e0    0000000a     driverlib.a : dl_common.o (.text.DL_Common_delayCycles)
                  000006ea    00000002     --HOLE-- [fill = 0]
                  000006ec    00000008     libclang_rt.builtins.a : aeabi_memcpy.S.obj (.text.__aeabi_memcpy)
                  000006f4    00000006     libc.a : exit.c.obj (.text:abort)
                  000006fa    00000004     startup_mspm0g350x_ticlang.o (.text.Default_Handler)
                  000006fe    00000004     libsysbm.a : hostexit.c.obj (.text.HOSTexit)
                  00000702    00000004     startup_mspm0g350x_ticlang.o (.text.Reset_Handler)
                  00000706    00000004     libc.a : pre_init.c.obj (.text._system_pre_init)
                  0000070a    00000006     --HOLE-- [fill = 0]

.cinit     0    00000710    00000020     
                  00000710    00000009     (.cinit..data.load) [load image, compression = lzss]
                  00000719    00000003     --HOLE-- [fill = 0]
                  0000071c    00000008     (__TI_handler_table)
                  00000724    00000008     (__TI_cinit_table)
                  0000072c    00000004     --HOLE-- [fill = 0]

.init_array 
*          0    00000000    00000000     UNINITIALIZED

.binit     0    00000000    00000000     

.data      0    20200000    00000428     UNINITIALIZED
                  20200000    00000100     usart.o (.data.usart0_str)
                  20200100    00000100     usart.o (.data.usart1_str)
                  20200200    00000100     usart.o (.data.usart2_str)
                  20200300    00000100     usart.o (.data.usart3_str)
                  20200400    00000004     delay.o (.data.systicks)
                  20200404    00000004     usart.o (.data.usart0_str_index)
                  20200408    00000004     usart.o (.data.usart0_str_received)
                  2020040c    00000004     usart.o (.data.usart1_str_index)
                  20200410    00000004     usart.o (.data.usart1_str_received)
                  20200414    00000004     usart.o (.data.usart2_str_index)
                  20200418    00000004     usart.o (.data.usart2_str_received)
                  2020041c    00000004     usart.o (.data.usart3_str_index)
                  20200420    00000004     usart.o (.data.usart3_str_received)
                  20200424    00000001     usart.o (.data.usart0_ch)
                  20200425    00000001     usart.o (.data.usart1_ch)
                  20200426    00000001     usart.o (.data.usart2_ch)
                  20200427    00000001     usart.o (.data.usart3_ch)

.stack     0    20207e00    00000200     UNINITIALIZED
                  20207e00    00000004     libc.a : boot_cortex_m.c.obj (.stack)
                  20207e04    000001fc     --HOLE--

__llvm_prf_cnts 
*          0    20200000    00000000     UNINITIALIZED

__llvm_prf_bits 
*          0    20200000    00000000     UNINITIALIZED

MODULE SUMMARY

       Module                         code   ro data   rw data
       ------                         ----   -------   -------
    .\
       ti_msp_dl_config.o             786    0         0      
       startup_mspm0g350x_ticlang.o   8      192       0      
       main.o                         16     0         0      
    +--+------------------------------+------+---------+---------+
       Total:                         810    192       0      
                                                              
    .\lib\delay\
       delay.o                        16     0         4      
    +--+------------------------------+------+---------+---------+
       Total:                         16     0         4      
                                                              
    .\lib\usart\
       usart.o                        486    0         1060   
    +--+------------------------------+------+---------+---------+
       Total:                         486    0         1060   
                                                              
    C:/TI/mspm0_sdk_2_04_00_06/source/ti/driverlib/lib/ticlang/m0p/mspm0g1x0x_g3x0x/driverlib.a
       dl_common.o                    10     0         0      
    +--+------------------------------+------+---------+---------+
       Total:                         10     0         0      
                                                              
    D:\CCS\ccs\tools\compiler\ti-cgt-armllvm_4.0.2.LTS\lib\armv6m-ti-none-eabi/c/libc.a
       copy_decompress_lzss.c.obj     124    0         0      
       autoinit.c.obj                 60     0         0      
       boot_cortex_m.c.obj            40     0         0      
       copy_decompress_none.c.obj     18     0         0      
       memcpy16.S.obj                 18     0         0      
       exit.c.obj                     6      0         0      
       pre_init.c.obj                 4      0         0      
    +--+------------------------------+------+---------+---------+
       Total:                         270    0         0      
                                                              
    D:\CCS\ccs\tools\compiler\ti-cgt-armllvm_4.0.2.LTS\lib\armv6m-ti-none-eabi/c/libsysbm.a
       hostexit.c.obj                 4      0         0      
    +--+------------------------------+------+---------+---------+
       Total:                         4      0         0      
                                                              
    D:\CCS\ccs\tools\compiler\ti-cgt-armllvm_4.0.2.LTS\lib\armv6m-ti-none-eabi/libclang_rt.builtins.a
       aeabi_memcpy.S.obj             8      0         0      
    +--+------------------------------+------+---------+---------+
       Total:                         8      0         0      
                                                              
       Stack:                         0      0         512    
       Linker Generated:              0      25        0      
    +--+------------------------------+------+---------+---------+
       Grand Total:                   1604   217       1576   


LINKER GENERATED COPY TABLES

__TI_cinit_table @ 00000724 records: 1, size/record: 8, table size: 8
	.data: load addr=00000710, load size=00000009 bytes, run addr=20200000, run size=00000428 bytes, compression=lzss


LINKER GENERATED HANDLER TABLE

__TI_handler_table @ 0000071c records: 2, size/record: 4, table size: 8
	index: 0, handler: __TI_decompress_lzss
	index: 1, handler: __TI_decompress_none


GLOBAL SYMBOLS: SORTED ALPHABETICALLY BY Name 

address   name                          
-------   ----                          
000006fb  ADC0_IRQHandler               
000006fb  ADC1_IRQHandler               
000006fb  AES_IRQHandler                
000006fe  C$$EXIT                       
000006fb  CANFD0_IRQHandler             
000006fb  DAC0_IRQHandler               
000006e1  DL_Common_delayCycles         
000006fb  DMA_IRQHandler                
000006fb  Default_Handler               
000006fb  GROUP0_IRQHandler             
000006fb  GROUP1_IRQHandler             
000006ff  HOSTexit                      
000006fb  HardFault_Handler             
000006fb  I2C0_IRQHandler               
000006fb  I2C1_IRQHandler               
000006fb  NMI_Handler                   
000006fb  PendSV_Handler                
000006fb  RTC_IRQHandler                
00000703  Reset_Handler                 
000006fb  SPI0_IRQHandler               
000006fb  SPI1_IRQHandler               
000006fb  SVC_Handler                   
000003d1  SYSCFG_DL_GPIO_init           
000004bd  SYSCFG_DL_SYSCTL_init         
000006d5  SYSCFG_DL_SYSTICK_init        
00000659  SYSCFG_DL_init                
00000459  SYSCFG_DL_initPower           
000006b5  SysTick_Handler               
000006fb  TIMA0_IRQHandler              
000006fb  TIMA1_IRQHandler              
000006fb  TIMG0_IRQHandler              
000006fb  TIMG12_IRQHandler             
000006fb  TIMG6_IRQHandler              
000006fb  TIMG7_IRQHandler              
000006fb  TIMG8_IRQHandler              
0000067f  TI_memcpy_small               
000001c1  UART0_IRQHandler              
00000231  UART1_IRQHandler              
000002a1  UART2_IRQHandler              
00000311  UART3_IRQHandler              
20208000  __STACK_END                   
00000200  __STACK_SIZE                  
00000000  __TI_ATRegion0_region_sz      
00000000  __TI_ATRegion0_src_addr       
00000000  __TI_ATRegion0_trg_addr       
00000000  __TI_ATRegion1_region_sz      
00000000  __TI_ATRegion1_src_addr       
00000000  __TI_ATRegion1_trg_addr       
00000000  __TI_ATRegion2_region_sz      
00000000  __TI_ATRegion2_src_addr       
00000000  __TI_ATRegion2_trg_addr       
00000724  __TI_CINIT_Base               
0000072c  __TI_CINIT_Limit              
0000072c  __TI_CINIT_Warm               
0000071c  __TI_Handler_Table_Base       
00000724  __TI_Handler_Table_Limit      
0000041d  __TI_auto_init_nobinit_nopinit
00000145  __TI_decompress_lzss          
00000691  __TI_decompress_none          
ffffffff  __TI_pprof_out_hndl           
ffffffff  __TI_prof_data_size           
ffffffff  __TI_prof_data_start          
00000000  __TI_static_base__            
000006ed  __aeabi_memcpy                
000006ed  __aeabi_memcpy4               
000006ed  __aeabi_memcpy8               
ffffffff  __binit__                     
UNDEFED   __mpu_init                    
20207e00  __stack                       
20200000  __start___llvm_prf_bits       
20200000  __start___llvm_prf_cnts       
20200000  __stop___llvm_prf_bits        
20200000  __stop___llvm_prf_cnts        
00000511  _c_int00_noargs               
UNDEFED   _system_post_cinit            
00000707  _system_pre_init              
000006f5  abort                         
ffffffff  binit                         
00000000  interruptVectors              
000006c5  main                          
20200424  usart0_ch                     
20200000  usart0_str                    
20200404  usart0_str_index              
20200408  usart0_str_received           
20200425  usart1_ch                     
20200100  usart1_str                    
2020040c  usart1_str_index              
20200410  usart1_str_received           
20200426  usart2_ch                     
20200200  usart2_str                    
20200414  usart2_str_index              
20200418  usart2_str_received           
20200427  usart3_ch                     
20200300  usart3_str                    
2020041c  usart3_str_index              
20200420  usart3_str_received           


GLOBAL SYMBOLS: SORTED BY Symbol Address 

address   name                          
-------   ----                          
00000000  __TI_ATRegion0_region_sz      
00000000  __TI_ATRegion0_src_addr       
00000000  __TI_ATRegion0_trg_addr       
00000000  __TI_ATRegion1_region_sz      
00000000  __TI_ATRegion1_src_addr       
00000000  __TI_ATRegion1_trg_addr       
00000000  __TI_ATRegion2_region_sz      
00000000  __TI_ATRegion2_src_addr       
00000000  __TI_ATRegion2_trg_addr       
00000000  __TI_static_base__            
00000000  interruptVectors              
00000145  __TI_decompress_lzss          
000001c1  UART0_IRQHandler              
00000200  __STACK_SIZE                  
00000231  UART1_IRQHandler              
000002a1  UART2_IRQHandler              
00000311  UART3_IRQHandler              
000003d1  SYSCFG_DL_GPIO_init           
0000041d  __TI_auto_init_nobinit_nopinit
00000459  SYSCFG_DL_initPower           
000004bd  SYSCFG_DL_SYSCTL_init         
00000511  _c_int00_noargs               
00000659  SYSCFG_DL_init                
0000067f  TI_memcpy_small               
00000691  __TI_decompress_none          
000006b5  SysTick_Handler               
000006c5  main                          
000006d5  SYSCFG_DL_SYSTICK_init        
000006e1  DL_Common_delayCycles         
000006ed  __aeabi_memcpy                
000006ed  __aeabi_memcpy4               
000006ed  __aeabi_memcpy8               
000006f5  abort                         
000006fb  ADC0_IRQHandler               
000006fb  ADC1_IRQHandler               
000006fb  AES_IRQHandler                
000006fb  CANFD0_IRQHandler             
000006fb  DAC0_IRQHandler               
000006fb  DMA_IRQHandler                
000006fb  Default_Handler               
000006fb  GROUP0_IRQHandler             
000006fb  GROUP1_IRQHandler             
000006fb  HardFault_Handler             
000006fb  I2C0_IRQHandler               
000006fb  I2C1_IRQHandler               
000006fb  NMI_Handler                   
000006fb  PendSV_Handler                
000006fb  RTC_IRQHandler                
000006fb  SPI0_IRQHandler               
000006fb  SPI1_IRQHandler               
000006fb  SVC_Handler                   
000006fb  TIMA0_IRQHandler              
000006fb  TIMA1_IRQHandler              
000006fb  TIMG0_IRQHandler              
000006fb  TIMG12_IRQHandler             
000006fb  TIMG6_IRQHandler              
000006fb  TIMG7_IRQHandler              
000006fb  TIMG8_IRQHandler              
000006fe  C$$EXIT                       
000006ff  HOSTexit                      
00000703  Reset_Handler                 
00000707  _system_pre_init              
0000071c  __TI_Handler_Table_Base       
00000724  __TI_CINIT_Base               
00000724  __TI_Handler_Table_Limit      
0000072c  __TI_CINIT_Limit              
0000072c  __TI_CINIT_Warm               
20200000  __start___llvm_prf_bits       
20200000  __start___llvm_prf_cnts       
20200000  __stop___llvm_prf_bits        
20200000  __stop___llvm_prf_cnts        
20200000  usart0_str                    
20200100  usart1_str                    
20200200  usart2_str                    
20200300  usart3_str                    
20200404  usart0_str_index              
20200408  usart0_str_received           
2020040c  usart1_str_index              
20200410  usart1_str_received           
20200414  usart2_str_index              
20200418  usart2_str_received           
2020041c  usart3_str_index              
20200420  usart3_str_received           
20200424  usart0_ch                     
20200425  usart1_ch                     
20200426  usart2_ch                     
20200427  usart3_ch                     
20207e00  __stack                       
20208000  __STACK_END                   
ffffffff  __TI_pprof_out_hndl           
ffffffff  __TI_prof_data_size           
ffffffff  __TI_prof_data_start          
ffffffff  __binit__                     
ffffffff  binit                         
UNDEFED   __mpu_init                    
UNDEFED   _system_post_cinit            

[96 symbols]
